Archive member included to satisfy reference by file (symbol)

/home/son/st/stm32cubeide_1.11.0/plugins/com.st.stm32cube.ide.mcu.externaltools.gnu-tools-for-stm32.10.3-2021.10.linux64_1.0.100.202210260954/tools/bin/../lib/gcc/arm-none-eabi/10.3.1/../../../../arm-none-eabi/lib/thumb/v7-m/nofp/libc_nano.a(lib_a-errno.o)
                              ./Core/Src/syscalls.o (__errno)
/home/son/st/stm32cubeide_1.11.0/plugins/com.st.stm32cube.ide.mcu.externaltools.gnu-tools-for-stm32.10.3-2021.10.linux64_1.0.100.202210260954/tools/bin/../lib/gcc/arm-none-eabi/10.3.1/../../../../arm-none-eabi/lib/thumb/v7-m/nofp/libc_nano.a(lib_a-exit.o)
                              /home/son/st/stm32cubeide_1.11.0/plugins/com.st.stm32cube.ide.mcu.externaltools.gnu-tools-for-stm32.10.3-2021.10.linux64_1.0.100.202210260954/tools/bin/../lib/gcc/arm-none-eabi/10.3.1/../../../../arm-none-eabi/lib/thumb/v7-m/nofp/crt0.o (exit)
/home/son/st/stm32cubeide_1.11.0/plugins/com.st.stm32cube.ide.mcu.externaltools.gnu-tools-for-stm32.10.3-2021.10.linux64_1.0.100.202210260954/tools/bin/../lib/gcc/arm-none-eabi/10.3.1/../../../../arm-none-eabi/lib/thumb/v7-m/nofp/libc_nano.a(lib_a-findfp.o)
                              ./Middlewares/Third_Party/FreeRTOS/Source/tasks.o (__sf_fake_stderr)
/home/son/st/stm32cubeide_1.11.0/plugins/com.st.stm32cube.ide.mcu.externaltools.gnu-tools-for-stm32.10.3-2021.10.linux64_1.0.100.202210260954/tools/bin/../lib/gcc/arm-none-eabi/10.3.1/../../../../arm-none-eabi/lib/thumb/v7-m/nofp/libc_nano.a(lib_a-fwalk.o)
                              /home/son/st/stm32cubeide_1.11.0/plugins/com.st.stm32cube.ide.mcu.externaltools.gnu-tools-for-stm32.10.3-2021.10.linux64_1.0.100.202210260954/tools/bin/../lib/gcc/arm-none-eabi/10.3.1/../../../../arm-none-eabi/lib/thumb/v7-m/nofp/libc_nano.a(lib_a-findfp.o) (_fwalk)
/home/son/st/stm32cubeide_1.11.0/plugins/com.st.stm32cube.ide.mcu.externaltools.gnu-tools-for-stm32.10.3-2021.10.linux64_1.0.100.202210260954/tools/bin/../lib/gcc/arm-none-eabi/10.3.1/../../../../arm-none-eabi/lib/thumb/v7-m/nofp/libc_nano.a(lib_a-impure.o)
                              /home/son/st/stm32cubeide_1.11.0/plugins/com.st.stm32cube.ide.mcu.externaltools.gnu-tools-for-stm32.10.3-2021.10.linux64_1.0.100.202210260954/tools/bin/../lib/gcc/arm-none-eabi/10.3.1/../../../../arm-none-eabi/lib/thumb/v7-m/nofp/libc_nano.a(lib_a-exit.o) (_global_impure_ptr)
/home/son/st/stm32cubeide_1.11.0/plugins/com.st.stm32cube.ide.mcu.externaltools.gnu-tools-for-stm32.10.3-2021.10.linux64_1.0.100.202210260954/tools/bin/../lib/gcc/arm-none-eabi/10.3.1/../../../../arm-none-eabi/lib/thumb/v7-m/nofp/libc_nano.a(lib_a-init.o)
                              /home/son/st/stm32cubeide_1.11.0/plugins/com.st.stm32cube.ide.mcu.externaltools.gnu-tools-for-stm32.10.3-2021.10.linux64_1.0.100.202210260954/tools/bin/../lib/gcc/arm-none-eabi/10.3.1/../../../../arm-none-eabi/lib/thumb/v7-m/nofp/crt0.o (__libc_init_array)
/home/son/st/stm32cubeide_1.11.0/plugins/com.st.stm32cube.ide.mcu.externaltools.gnu-tools-for-stm32.10.3-2021.10.linux64_1.0.100.202210260954/tools/bin/../lib/gcc/arm-none-eabi/10.3.1/../../../../arm-none-eabi/lib/thumb/v7-m/nofp/libc_nano.a(lib_a-lock.o)
                              /home/son/st/stm32cubeide_1.11.0/plugins/com.st.stm32cube.ide.mcu.externaltools.gnu-tools-for-stm32.10.3-2021.10.linux64_1.0.100.202210260954/tools/bin/../lib/gcc/arm-none-eabi/10.3.1/../../../../arm-none-eabi/lib/thumb/v7-m/nofp/libc_nano.a(lib_a-findfp.o) (__retarget_lock_init_recursive)
/home/son/st/stm32cubeide_1.11.0/plugins/com.st.stm32cube.ide.mcu.externaltools.gnu-tools-for-stm32.10.3-2021.10.linux64_1.0.100.202210260954/tools/bin/../lib/gcc/arm-none-eabi/10.3.1/../../../../arm-none-eabi/lib/thumb/v7-m/nofp/libc_nano.a(lib_a-memcpy-stub.o)
                              ./Middlewares/Third_Party/FreeRTOS/Source/queue.o (memcpy)
/home/son/st/stm32cubeide_1.11.0/plugins/com.st.stm32cube.ide.mcu.externaltools.gnu-tools-for-stm32.10.3-2021.10.linux64_1.0.100.202210260954/tools/bin/../lib/gcc/arm-none-eabi/10.3.1/../../../../arm-none-eabi/lib/thumb/v7-m/nofp/libc_nano.a(lib_a-memset.o)
                              /home/son/st/stm32cubeide_1.11.0/plugins/com.st.stm32cube.ide.mcu.externaltools.gnu-tools-for-stm32.10.3-2021.10.linux64_1.0.100.202210260954/tools/bin/../lib/gcc/arm-none-eabi/10.3.1/../../../../arm-none-eabi/lib/thumb/v7-m/nofp/crt0.o (memset)
/home/son/st/stm32cubeide_1.11.0/plugins/com.st.stm32cube.ide.mcu.externaltools.gnu-tools-for-stm32.10.3-2021.10.linux64_1.0.100.202210260954/tools/bin/../lib/gcc/arm-none-eabi/10.3.1/../../../../arm-none-eabi/lib/thumb/v7-m/nofp/libc_nano.a(lib_a-nano-mallocr.o)
                              /home/son/st/stm32cubeide_1.11.0/plugins/com.st.stm32cube.ide.mcu.externaltools.gnu-tools-for-stm32.10.3-2021.10.linux64_1.0.100.202210260954/tools/bin/../lib/gcc/arm-none-eabi/10.3.1/../../../../arm-none-eabi/lib/thumb/v7-m/nofp/libc_nano.a(lib_a-findfp.o) (_malloc_r)
[...]
Memory Configuration

Name             Origin             Length             Attributes
RAM              0x0000000020000000 0x0000000000005000 xrw
FLASH            0x0000000008000000 0x0000000000020000 xr
*default*        0x0000000000000000 0xffffffffffffffff

Linker script and memory map

LOAD /home/son/st/stm32cubeide_1.11.0/plugins/com.st.stm32cube.ide.mcu.externaltools.gnu-tools-for-stm32.10.3-2021.10.linux64_1.0.100.202210260954/tools/bin/../lib/gcc/arm-none-eabi/10.3.1/thumb/v7-m/nofp/crti.o
LOAD /home/son/st/stm32cubeide_1.11.0/plugins/com.st.stm32cube.ide.mcu.externaltools.gnu-tools-for-stm32.10.3-2021.10.linux64_1.0.100.202210260954/tools/bin/../lib/gcc/arm-none-eabi/10.3.1/thumb/v7-m/nofp/crtbegin.o
LOAD /home/son/st/stm32cubeide_1.11.0/plugins/com.st.stm32cube.ide.mcu.externaltools.gnu-tools-for-stm32.10.3-2021.10.linux64_1.0.100.202210260954/tools/bin/../lib/gcc/arm-none-eabi/10.3.1/../../../../arm-none-eabi/lib/thumb/v7-m/nofp/crt0.o
LOAD ./BMP180_Air_Pressure_Sensor/BMP180_Air_Pressure_Sensor.o
LOAD ./Core/Src/freertos.o
LOAD ./Core/Src/main.o
LOAD ./Core/Src/stm32f1xx_hal_msp.o
LOAD ./Core/Src/stm32f1xx_hal_timebase_tim.o
LOAD ./Core/Src/stm32f1xx_it.o
LOAD ./Core/Src/syscalls.o
LOAD ./Core/Src/sysmem.o
LOAD ./Core/Src/system_stm32f1xx.o
LOAD ./Core/Startup/startup_stm32f103vbtx.o
LOAD ./DHTxx_Humidity_Sensor/DHTxx_Humidity_Sensor.o
LOAD ./Debug_Program/Debug_Program.o
LOAD ./Delay_Timer/Delay_Timer.o
LOAD ./Display_Prameter/Display_LCD_Parameter.o
LOAD ./Driver_HC595/Driver_74HC595.o
LOAD ./Drivers/STM32F1xx_HAL_Driver/Src/stm32f1xx_hal.o
LOAD ./Drivers/STM32F1xx_HAL_Driver/Src/stm32f1xx_hal_adc.o
LOAD ./Drivers/STM32F1xx_HAL_Driver/Src/stm32f1xx_hal_adc_ex.o
LOAD ./Drivers/STM32F1xx_HAL_Driver/Src/stm32f1xx_hal_cortex.o
LOAD ./Drivers/STM32F1xx_HAL_Driver/Src/stm32f1xx_hal_dma.o
LOAD ./Drivers/STM32F1xx_HAL_Driver/Src/stm32f1xx_hal_exti.o
LOAD ./Drivers/STM32F1xx_HAL_Driver/Src/stm32f1xx_hal_flash.o
LOAD ./Drivers/STM32F1xx_HAL_Driver/Src/stm32f1xx_hal_flash_ex.o
LOAD ./Drivers/STM32F1xx_HAL_Driver/Src/stm32f1xx_hal_gpio.o
LOAD ./Drivers/STM32F1xx_HAL_Driver/Src/stm32f1xx_hal_gpio_ex.o
LOAD ./Drivers/STM32F1xx_HAL_Driver/Src/stm32f1xx_hal_i2c.o
LOAD ./Drivers/STM32F1xx_HAL_Driver/Src/stm32f1xx_hal_pwr.o
LOAD ./Drivers/STM32F1xx_HAL_Driver/Src/stm32f1xx_hal_rcc.o
LOAD ./Drivers/STM32F1xx_HAL_Driver/Src/stm32f1xx_hal_rcc_ex.o
LOAD ./Drivers/STM32F1xx_HAL_Driver/Src/stm32f1xx_hal_tim.o
LOAD ./Drivers/STM32F1xx_HAL_Driver/Src/stm32f1xx_hal_tim_ex.o
LOAD ./Drivers/STM32F1xx_HAL_Driver/Src/stm32f1xx_hal_uart.o
LOAD ./Flash_System/flash.o
LOAD ./HPMA115S_Dust_Sensor/Hpma115S0_Dust_Sensor.o
LOAD ./I2C_LCD/CLCD_I2C.o
LOAD ./LM335A_Sensor/LM335A_Sensor.o
LOAD ./MHZ19B_Co2_Sensor/Mh_Z19B_Co2_Sensor.o
LOAD ./Machine_Routine/Machine_Routine.o
LOAD ./Middlewares/Third_Party/FreeRTOS/Source/CMSIS_RTOS/cmsis_os.o
LOAD ./Middlewares/Third_Party/FreeRTOS/Source/croutine.o
LOAD ./Middlewares/Third_Party/FreeRTOS/Source/event_groups.o
LOAD ./Middlewares/Third_Party/FreeRTOS/Source/list.o
LOAD ./Middlewares/Third_Party/FreeRTOS/Source/queue.o
LOAD ./Middlewares/Third_Party/FreeRTOS/Source/stream_buffer.o
LOAD ./Middlewares/Third_Party/FreeRTOS/Source/tasks.o
LOAD ./Middlewares/Third_Party/FreeRTOS/Source/timers.o
LOAD ./Middlewares/Third_Party/FreeRTOS/Source/portable/GCC/ARM_CM3/port.o
LOAD ./Middlewares/Third_Party/FreeRTOS/Source/portable/MemMang/heap_4.o
LOAD ./Protocol_Lora/Transmit_Data_Lora.o
LOAD ./Setup_Calibration_Sensor/Setup_Calibration_Sensor.o
LOAD ./Sharp_G2Y10_Dust_Sensor/Sharp_G2y10_Dust_Sensor.o
LOAD ./So2_Hx711/So2_Sensor_Hx711.o
START GROUP
LOAD /home/son/st/stm32cubeide_1.11.0/plugins/com.st.stm32cube.ide.mcu.externaltools.gnu-tools-for-stm32.10.3-2021.10.linux64_1.0.100.202210260954/tools/bin/../lib/gcc/arm-none-eabi/10.3.1/../../../../arm-none-eabi/lib/thumb/v7-m/nofp/libc_nano.a
LOAD /home/son/st/stm32cubeide_1.11.0/plugins/com.st.stm32cube.ide.mcu.externaltools.gnu-tools-for-stm32.10.3-2021.10.linux64_1.0.100.202210260954/tools/bin/../lib/gcc/arm-none-eabi/10.3.1/../../../../arm-none-eabi/lib/thumb/v7-m/nofp/libm.a
END GROUP
START GROUP
LOAD /home/son/st/stm32cubeide_1.11.0/plugins/com.st.stm32cube.ide.mcu.externaltools.gnu-tools-for-stm32.10.3-2021.10.linux64_1.0.100.202210260954/tools/bin/../lib/gcc/arm-none-eabi/10.3.1/thumb/v7-m/nofp/libgcc.a
LOAD /home/son/st/stm32cubeide_1.11.0/plugins/com.st.stm32cube.ide.mcu.externaltools.gnu-tools-for-stm32.10.3-2021.10.linux64_1.0.100.202210260954/tools/bin/../lib/gcc/arm-none-eabi/10.3.1/../../../../arm-none-eabi/lib/thumb/v7-m/nofp/libc_nano.a
END GROUP
START GROUP
LOAD /home/son/st/stm32cubeide_1.11.0/plugins/com.st.stm32cube.ide.mcu.externaltools.gnu-tools-for-stm32.10.3-2021.10.linux64_1.0.100.202210260954/tools/bin/../lib/gcc/arm-none-eabi/10.3.1/thumb/v7-m/nofp/libgcc.a
LOAD /home/son/st/stm32cubeide_1.11.0/plugins/com.st.stm32cube.ide.mcu.externaltools.gnu-tools-for-stm32.10.3-2021.10.linux64_1.0.100.202210260954/tools/bin/../lib/gcc/arm-none-eabi/10.3.1/../../../../arm-none-eabi/lib/thumb/v7-m/nofp/libc_nano.a
LOAD /home/son/st/stm32cubeide_1.11.0/plugins/com.st.stm32cube.ide.mcu.externaltools.gnu-tools-for-stm32.10.3-2021.10.linux64_1.0.100.202210260954/tools/bin/../lib/gcc/arm-none-eabi/10.3.1/../../../../arm-none-eabi/lib/thumb/v7-m/nofp/libnosys.a
END GROUP
START GROUP
LOAD /home/son/st/stm32cubeide_1.11.0/plugins/com.st.stm32cube.ide.mcu.externaltools.gnu-tools-for-stm32.10.3-2021.10.linux64_1.0.100.202210260954/tools/bin/../lib/gcc/arm-none-eabi/10.3.1/thumb/v7-m/nofp/libgcc.a
LOAD /home/son/st/stm32cubeide_1.11.0/plugins/com.st.stm32cube.ide.mcu.externaltools.gnu-tools-for-stm32.10.3-2021.10.linux64_1.0.100.202210260954/tools/bin/../lib/gcc/arm-none-eabi/10.3.1/../../../../arm-none-eabi/lib/thumb/v7-m/nofp/libc_nano.a
LOAD /home/son/st/stm32cubeide_1.11.0/plugins/com.st.stm32cube.ide.mcu.externaltools.gnu-tools-for-stm32.10.3-2021.10.linux64_1.0.100.202210260954/tools/bin/../lib/gcc/arm-none-eabi/10.3.1/../../../../arm-none-eabi/lib/thumb/v7-m/nofp/libnosys.a
END GROUP
LOAD /home/son/st/stm32cubeide_1.11.0/plugins/com.st.stm32cube.ide.mcu.externaltools.gnu-tools-for-stm32.10.3-2021.10.linux64_1.0.100.202210260954/tools/bin/../lib/gcc/arm-none-eabi/10.3.1/thumb/v7-m/nofp/crtend.o
LOAD /home/son/st/stm32cubeide_1.11.0/plugins/com.st.stm32cube.ide.mcu.externaltools.gnu-tools-for-stm32.10.3-2021.10.linux64_1.0.100.202210260954/tools/bin/../lib/gcc/arm-none-eabi/10.3.1/thumb/v7-m/nofp/crtn.o
                0x0000000020005000                _estack = (ORIGIN (RAM) + LENGTH (RAM))
                0x0000000000000200                _Min_Heap_Size = 0x200
                0x0000000000000400                _Min_Stack_Size = 0x400

.isr_vector     0x0000000008000000      0x10c
                0x0000000008000000                . = ALIGN (0x4)
 *(.isr_vector)
 .isr_vector    0x0000000008000000      0x10c ./Core/Startup/startup_stm32f103vbtx.o
                0x0000000008000000                g_pfnVectors
                0x000000000800010c                . = ALIGN (0x4)

.text           0x0000000008000110    0x11064
                0x0000000008000110                . = ALIGN (0x4)
 *(.text)
 .text          0x0000000008000110       0x40 /home/son/st/stm32cubeide_1.11.0/plugins/com.st.stm32cube.ide.mcu.externaltools.gnu-tools-for-stm32.10.3-2021.10.linux64_1.0.100.202210260954/tools/bin/../lib/gcc/arm-none-eabi/10.3.1/thumb/v7-m/nofp/crtbegin.o
 .text          0x0000000008000150       0x10 /home/son/st/stm32cubeide_1.11.0/plugins/com.st.stm32cube.ide.mcu.externaltools.gnu-tools-for-stm32.10.3-2021.10.linux64_1.0.100.202210260954/tools/bin/../lib/gcc/arm-none-eabi/10.3.1/../../../../arm-none-eabi/lib/thumb/v7-m/nofp/libc_nano.a(lib_a-strlen.o)
                0x0000000008000150                strlen
 .text          0x0000000008000160      0x378 /home/son/st/stm32cubeide_1.11.0/plugins/com.st.stm32cube.ide.mcu.externaltools.gnu-tools-for-stm32.10.3-2021.10.linux64_1.0.100.202210260954/tools/bin/../lib/gcc/arm-none-eabi/10.3.1/thumb/v7-m/nofp/libgcc.a(_arm_addsubdf3.o)
                0x0000000008000160                __aeabi_drsub
                0x0000000008000168                __aeabi_dsub
                0x0000000008000168                __subdf3
                0x000000000800016c                __adddf3
                0x000000000800016c                __aeabi_dadd
                0x00000000080003e4                __aeabi_ui2d
                0x00000000080003e4                __floatunsidf
                0x0000000008000404                __floatsidf
                0x0000000008000404                __aeabi_i2d
                0x0000000008000428                __extendsfdf2
                0x0000000008000428                __aeabi_f2d
                0x000000000800046c                __aeabi_ul2d
                0x000000000800046c                __floatundidf
                0x000000000800047c                __floatdidf
                0x000000000800047c                __aeabi_l2d
 .text          0x00000000080004d8      0x424 /home/son/st/stm32cubeide_1.11.0/plugins/com.st.stm32cube.ide.mcu.externaltools.gnu-tools-for-stm32.10.3-2021.10.linux64_1.0.100.202210260954/tools/bin/../lib/gcc/arm-none-eabi/10.3.1/thumb/v7-m/nofp/libgcc.a(_arm_muldivdf3.o)
                0x00000000080004d8                __aeabi_dmul
                0x00000000080004d8                __muldf3
                0x000000000800072c                __aeabi_ddiv
                0x000000000800072c                __divdf3
 .text          0x00000000080008fc      0x110 /home/son/st/stm32cubeide_1.11.0/plugins/com.st.stm32cube.ide.mcu.externaltools.gnu-tools-for-stm32.10.3-2021.10.linux64_1.0.100.202210260954/tools/bin/../lib/gcc/arm-none-eabi/10.3.1/thumb/v7-m/nofp/libgcc.a(_arm_cmpdf2.o)
                0x00000000080008fc                __gtdf2
                0x00000000080008fc                __gedf2
                0x0000000008000904                __ltdf2
                0x0000000008000904                __ledf2
                0x000000000800090c                __cmpdf2
                0x000000000800090c                __eqdf2
                0x000000000800090c                __nedf2
                0x0000000008000988                __aeabi_cdrcmple
                0x0000000008000998                __aeabi_cdcmple
                0x0000000008000998                __aeabi_cdcmpeq
                0x00000000080009a8                __aeabi_dcmpeq
                0x00000000080009bc                __aeabi_dcmplt
                0x00000000080009d0                __aeabi_dcmple
                0x00000000080009e4                __aeabi_dcmpge
                0x00000000080009f8                __aeabi_dcmpgt
 .text          0x0000000008000a0c       0x2c /home/son/st/stm32cubeide_1.11.0/plugins/com.st.stm32cube.ide.mcu.externaltools.gnu-tools-for-stm32.10.3-2021.10.linux64_1.0.100.202210260954/tools/bin/../lib/gcc/arm-none-eabi/10.3.1/thumb/v7-m/nofp/libgcc.a(_arm_unorddf2.o)
                0x0000000008000a0c                __aeabi_dcmpun
                0x0000000008000a0c                __unorddf2
 .text          0x0000000008000a38       0x50 /home/son/st/stm32cubeide_1.11.0/plugins/com.st.stm32cube.ide.mcu.externaltools.gnu-tools-for-stm32.10.3-2021.10.linux64_1.0.100.202210260954/tools/bin/../lib/gcc/arm-none-eabi/10.3.1/thumb/v7-m/nofp/libgcc.a(_arm_fixdfsi.o)
                0x0000000008000a38                __fixdfsi
                0x0000000008000a38                __aeabi_d2iz
 .text          0x0000000008000a88       0xa0 /home/son/st/stm32cubeide_1.11.0/plugins/com.st.stm32cube.ide.mcu.externaltools.gnu-tools-for-stm32.10.3-2021.10.linux64_1.0.100.202210260954/tools/bin/../lib/gcc/arm-none-eabi/10.3.1/thumb/v7-m/nofp/libgcc.a(_arm_truncdfsf2.o)
                0x0000000008000a88                __aeabi_d2f
                0x0000000008000a88                __truncdfsf2
 .text          0x0000000008000b28      0x21c /home/son/st/stm32cubeide_1.11.0/plugins/com.st.stm32cube.ide.mcu.externaltools.gnu-tools-for-stm32.10.3-2021.10.linux64_1.0.100.202210260954/tools/bin/../lib/gcc/arm-none-eabi/10.3.1/thumb/v7-m/nofp/libgcc.a(_arm_addsubsf3.o)
                0x0000000008000b28                __aeabi_frsub
                0x0000000008000b30                __subsf3
                0x0000000008000b30                __aeabi_fsub
                0x0000000008000b34                __aeabi_fadd
                0x0000000008000b34                __addsf3
                0x0000000008000c94                __aeabi_ui2f
                0x0000000008000c94                __floatunsisf
                0x0000000008000c9c                __aeabi_i2f
                0x0000000008000c9c                __floatsisf
                0x0000000008000cb8                __floatundisf
                0x0000000008000cb8                __aeabi_ul2f
                0x0000000008000cc8                __floatdisf
                0x0000000008000cc8                __aeabi_l2f
 .text          0x0000000008000d44      0x2a0 /home/son/st/stm32cubeide_1.11.0/plugins/com.st.stm32cube.ide.mcu.externaltools.gnu-tools-for-stm32.10.3-2021.10.linux64_1.0.100.202210260954/tools/bin/../lib/gcc/arm-none-eabi/10.3.1/thumb/v7-m/nofp/libgcc.a(_arm_muldivsf3.o)
                0x0000000008000d44                __mulsf3
                0x0000000008000d44                __aeabi_fmul
                0x0000000008000eac                __divsf3
                0x0000000008000eac                __aeabi_fdiv
 .text          0x0000000008000fe4       0xec /home/son/st/stm32cubeide_1.11.0/plugins/com.st.stm32cube.ide.mcu.externaltools.gnu-tools-for-stm32.10.3-2021.10.linux64_1.0.100.202210260954/tools/bin/../lib/gcc/arm-none-eabi/10.3.1/thumb/v7-m/nofp/libgcc.a(_arm_cmpsf2.o)
                0x0000000008000fe4                __gtsf2
                0x0000000008000fe4                __gesf2
                0x0000000008000fec                __lesf2
                0x0000000008000fec                __ltsf2
                0x0000000008000ff4                __nesf2
                0x0000000008000ff4                __eqsf2
                0x0000000008000ff4                __cmpsf2
                0x0000000008001054                __aeabi_cfrcmple
                0x000000000800105c                __aeabi_cfcmple
                0x000000000800105c                __aeabi_cfcmpeq
                0x000000000800106c                __aeabi_fcmpeq
                0x0000000008001080                __aeabi_fcmplt
                0x0000000008001094                __aeabi_fcmple
                0x00000000080010a8                __aeabi_fcmpge
                0x00000000080010bc                __aeabi_fcmpgt
 .text          0x00000000080010d0       0x4c /home/son/st/stm32cubeide_1.11.0/plugins/com.st.stm32cube.ide.mcu.externaltools.gnu-tools-for-stm32.10.3-2021.10.linux64_1.0.100.202210260954/tools/bin/../lib/gcc/arm-none-eabi/10.3.1/thumb/v7-m/nofp/libgcc.a(_arm_fixsfsi.o)
                0x00000000080010d0                __fixsfsi
                0x00000000080010d0                __aeabi_f2iz
 .text          0x000000000800111c       0x40 /home/son/st/stm32cubeide_1.11.0/plugins/com.st.stm32cube.ide.mcu.externaltools.gnu-tools-for-stm32.10.3-2021.10.linux64_1.0.100.202210260954/tools/bin/../lib/gcc/arm-none-eabi/10.3.1/thumb/v7-m/nofp/libgcc.a(_arm_fixunssfsi.o)
                0x000000000800111c                __aeabi_f2uiz
                0x000000000800111c                __fixunssfsi
 .text          0x000000000800115c       0xa0 /home/son/st/stm32cubeide_1.11.0/plugins/com.st.stm32cube.ide.mcu.externaltools.gnu-tools-for-stm32.10.3-2021.10.linux64_1.0.100.202210260954/tools/bin/../lib/gcc/arm-none-eabi/10.3.1/thumb/v7-m/nofp/libgcc.a(_aeabi_ldivmod.o)
                0x000000000800115c                __aeabi_ldivmod
 .text          0x00000000080011fc      0x2d4 /home/son/st/stm32cubeide_1.11.0/plugins/com.st.stm32cube.ide.mcu.externaltools.gnu-tools-for-stm32.10.3-2021.10.linux64_1.0.100.202210260954/tools/bin/../lib/gcc/arm-none-eabi/10.3.1/thumb/v7-m/nofp/libgcc.a(_udivmoddi4.o)
                0x00000000080011fc                __udivmoddi4
 .text          0x00000000080014d0        0x4 /home/son/st/stm32cubeide_1.11.0/plugins/com.st.stm32cube.ide.mcu.externaltools.gnu-tools-for-stm32.10.3-2021.10.linux64_1.0.100.202210260954/tools/bin/../lib/gcc/arm-none-eabi/10.3.1/thumb/v7-m/nofp/libgcc.a(_dvmd_tls.o)
                0x00000000080014d0                __aeabi_ldiv0
                0x00000000080014d0                __aeabi_idiv0
 *(.text*)
 .text.BMP_180_Air_Pressure_Sensor_Init
                0x00000000080014d4       0xaa ./BMP180_Air_Pressure_Sensor/BMP180_Air_Pressure_Sensor.o
                0x00000000080014d4                BMP_180_Air_Pressure_Sensor_Init
 .text.BMP180_Start_Read_Calliberation_Data
                0x000000000800157e      0x114 ./BMP180_Air_Pressure_Sensor/BMP180_Air_Pressure_Sensor.o
                0x000000000800157e                BMP180_Start_Read_Calliberation_Data
 *fill*         0x0000000008001692        0x2 
 .text.vApplicationGetIdleTaskMemory
                0x0000000008001694       0x30 ./Core/Src/freertos.o
                0x0000000008001694                vApplicationGetIdleTaskMemory
 .text.main     0x00000000080016c4       0x3e ./Core/Src/main.o
                0x00000000080016c4                main
 .text.SystemClock_Config
                0x0000000008001702       0xb6 ./Core/Src/main.o
                0x0000000008001702                SystemClock_Config
 .text.MX_ADC1_Init
                0x00000000080017b8       0x50 ./Core/Src/main.o
 .text.MX_I2C2_Init
                0x0000000008001808       0x5c ./Core/Src/main.o
 .text.MX_TIM2_Init
                0x0000000008001864       0x98 ./Core/Src/main.o
 .text.MX_TIM3_Init
                0x00000000080018fc       0x9c ./Core/Src/main.o
 .text.MX_USART1_UART_Init
                0x0000000008001998       0x54 ./Core/Src/main.o
 .text.MX_USART2_UART_Init
                0x00000000080019ec       0x54 ./Core/Src/main.o
 .text.MX_USART3_UART_Init
                0x0000000008001a40       0x54 ./Core/Src/main.o
 .text.MX_DMA_Init
                0x0000000008001a94       0x3c ./Core/Src/main.o
 .text.MX_GPIO_Init
                0x0000000008001ad0      0x1e0 ./Core/Src/main.o
 .text.HAL_TIM_PeriodElapsedCallback
                0x0000000008001cb0       0xac ./Core/Src/main.o
                0x0000000008001cb0                HAL_TIM_PeriodElapsedCallback
 .text.Error_Handler
                0x0000000008001d5c        0xa ./Core/Src/main.o
                0x0000000008001d5c                Error_Handler
 *fill*         0x0000000008001d66        0x2 
 .text.HAL_MspInit
                0x0000000008001d68       0x70 ./Core/Src/stm32f1xx_hal_msp.o
                0x0000000008001d68                HAL_MspInit
 .text.HAL_ADC_MspInit
                0x0000000008001dd8       0xd0 ./Core/Src/stm32f1xx_hal_msp.o
                0x0000000008001dd8                HAL_ADC_MspInit
 .text.HAL_I2C_MspInit
                0x0000000008001ea8       0x80 ./Core/Src/stm32f1xx_hal_msp.o
                0x0000000008001ea8                HAL_I2C_MspInit
 .text.HAL_TIM_Base_MspInit
                0x0000000008001f28       0x70 ./Core/Src/stm32f1xx_hal_msp.o
                0x0000000008001f28                HAL_TIM_Base_MspInit
 .text.HAL_UART_MspInit
                0x0000000008001f98      0x1a8 ./Core/Src/stm32f1xx_hal_msp.o
                0x0000000008001f98                HAL_UART_MspInit
 .text.HAL_InitTick
                0x0000000008002140       0xe4 ./Core/Src/stm32f1xx_hal_timebase_tim.o
                0x0000000008002140                HAL_InitTick
 .text.NMI_Handler
                0x0000000008002224        0x6 ./Core/Src/stm32f1xx_it.o
                0x0000000008002224                NMI_Handler
 .text.HardFault_Handler
                0x000000000800222a        0x6 ./Core/Src/stm32f1xx_it.o
                0x000000000800222a                HardFault_Handler
 .text.MemManage_Handler
                0x0000000008002230        0x6 ./Core/Src/stm32f1xx_it.o
                0x0000000008002230                MemManage_Handler
 .text.BusFault_Handler
                0x0000000008002236        0x6 ./Core/Src/stm32f1xx_it.o
                0x0000000008002236                BusFault_Handler
 .text.UsageFault_Handler
                0x000000000800223c        0x6 ./Core/Src/stm32f1xx_it.o
                0x000000000800223c                UsageFault_Handler
 .text.DebugMon_Handler
                0x0000000008002242        0xc ./Core/Src/stm32f1xx_it.o
                0x0000000008002242                DebugMon_Handler
 *fill*         0x000000000800224e        0x2 
 .text.DMA1_Channel1_IRQHandler
                0x0000000008002250       0x14 ./Core/Src/stm32f1xx_it.o
                0x0000000008002250                DMA1_Channel1_IRQHandler
 .text.TIM1_UP_IRQHandler
                0x0000000008002264       0x14 ./Core/Src/stm32f1xx_it.o
                0x0000000008002264                TIM1_UP_IRQHandler
 .text.TIM3_IRQHandler
                0x0000000008002278       0x14 ./Core/Src/stm32f1xx_it.o
                0x0000000008002278                TIM3_IRQHandler
 .text._getpid  0x000000000800228c        0xe ./Core/Src/syscalls.o
                0x000000000800228c                _getpid
 .text._kill    0x000000000800229a       0x20 ./Core/Src/syscalls.o
                0x000000000800229a                _kill
 .text._exit    0x00000000080022ba       0x14 ./Core/Src/syscalls.o
                0x00000000080022ba                _exit
 .text._read    0x00000000080022ce       0x3a ./Core/Src/syscalls.o
                0x00000000080022ce                _read
 .text._write   0x0000000008002308       0x38 ./Core/Src/syscalls.o
                0x0000000008002308                _write
 .text._close   0x0000000008002340       0x16 ./Core/Src/syscalls.o
                0x0000000008002340                _close
 .text._fstat   0x0000000008002356       0x1e ./Core/Src/syscalls.o
                0x0000000008002356                _fstat
 .text._isatty  0x0000000008002374       0x14 ./Core/Src/syscalls.o
                0x0000000008002374                _isatty
 .text._lseek   0x0000000008002388       0x18 ./Core/Src/syscalls.o
                0x0000000008002388                _lseek
 .text._sbrk    0x00000000080023a0       0x6c ./Core/Src/sysmem.o
                0x00000000080023a0                _sbrk
 .text.SystemInit
                0x000000000800240c        0xc ./Core/Src/system_stm32f1xx.o
                0x000000000800240c                SystemInit
 .text.Reset_Handler
                0x0000000008002418       0x48 ./Core/Startup/startup_stm32f103vbtx.o
                0x0000000008002418                Reset_Handler
 .text.Default_Handler
                0x0000000008002460        0x2 ./Core/Startup/startup_stm32f103vbtx.o
                0x0000000008002460                RTC_Alarm_IRQHandler
                0x0000000008002460                EXTI2_IRQHandler
                0x0000000008002460                TIM1_CC_IRQHandler
                0x0000000008002460                PVD_IRQHandler
                0x0000000008002460                EXTI3_IRQHandler
                0x0000000008002460                EXTI0_IRQHandler
                0x0000000008002460                I2C2_EV_IRQHandler
                0x0000000008002460                ADC1_2_IRQHandler
                0x0000000008002460                SPI1_IRQHandler
                0x0000000008002460                TAMPER_IRQHandler
                0x0000000008002460                DMA1_Channel4_IRQHandler
                0x0000000008002460                USART3_IRQHandler
                0x0000000008002460                RTC_IRQHandler
                0x0000000008002460                DMA1_Channel7_IRQHandler
                0x0000000008002460                CAN1_RX1_IRQHandler
                0x0000000008002460                TIM4_IRQHandler
                0x0000000008002460                I2C1_EV_IRQHandler
                0x0000000008002460                DMA1_Channel6_IRQHandler
                0x0000000008002460                RCC_IRQHandler
                0x0000000008002460                TIM1_TRG_COM_IRQHandler
                0x0000000008002460                Default_Handler
                0x0000000008002460                EXTI15_10_IRQHandler
                0x0000000008002460                EXTI9_5_IRQHandler
                0x0000000008002460                SPI2_IRQHandler
                0x0000000008002460                DMA1_Channel5_IRQHandler
                0x0000000008002460                EXTI4_IRQHandler
                0x0000000008002460                USB_LP_CAN1_RX0_IRQHandler
                0x0000000008002460                USB_HP_CAN1_TX_IRQHandler
                0x0000000008002460                DMA1_Channel3_IRQHandler
                0x0000000008002460                WWDG_IRQHandler
                0x0000000008002460                TIM2_IRQHandler
                0x0000000008002460                TIM1_BRK_IRQHandler
                0x0000000008002460                EXTI1_IRQHandler
                0x0000000008002460                USART2_IRQHandler
                0x0000000008002460                I2C2_ER_IRQHandler
                0x0000000008002460                DMA1_Channel2_IRQHandler
                0x0000000008002460                CAN1_SCE_IRQHandler
                0x0000000008002460                FLASH_IRQHandler
                0x0000000008002460                USART1_IRQHandler
                0x0000000008002460                I2C1_ER_IRQHandler
                0x0000000008002460                USBWakeUp_IRQHandler
 .text.DHT_DelayInit
                0x0000000008002462       0x1a ./DHTxx_Humidity_Sensor/DHTxx_Humidity_Sensor.o
 .text.DHT_DelayUs
                0x000000000800247c       0x22 ./DHTxx_Humidity_Sensor/DHTxx_Humidity_Sensor.o
 .text.DHT_Set_Pin_Output
                0x000000000800249e       0x3c ./DHTxx_Humidity_Sensor/DHTxx_Humidity_Sensor.o
 .text.DHT_Set_Pin_Input
                0x00000000080024da       0x3c ./DHTxx_Humidity_Sensor/DHTxx_Humidity_Sensor.o
 .text.DHT_WritePin
                0x0000000008002516       0x24 ./DHTxx_Humidity_Sensor/DHTxx_Humidity_Sensor.o
 .text.DHT_ReadPin
                0x000000000800253a       0x26 ./DHTxx_Humidity_Sensor/DHTxx_Humidity_Sensor.o
 .text.DHT22_Start
                0x0000000008002560       0x74 ./DHTxx_Humidity_Sensor/DHTxx_Humidity_Sensor.o
 .text.DHT22_Read
                0x00000000080025d4       0x94 ./DHTxx_Humidity_Sensor/DHTxx_Humidity_Sensor.o
 .text.DHT_Init
                0x0000000008002668       0x3e ./DHTxx_Humidity_Sensor/DHTxx_Humidity_Sensor.o
                0x0000000008002668                DHT_Init
 *fill*         0x00000000080026a6        0x2 
 .text.DHT_Read_Temperature_Humidity
                0x00000000080026a8       0xb8 ./DHTxx_Humidity_Sensor/DHTxx_Humidity_Sensor.o
                0x00000000080026a8                DHT_Read_Temperature_Humidity
 .text.DHT_Read_Temperature_Humidity_Average
                0x0000000008002760      0x1d0 ./DHTxx_Humidity_Sensor/DHTxx_Humidity_Sensor.o
                0x0000000008002760                DHT_Read_Temperature_Humidity_Average
 .text.Debug_Program_Config
                0x0000000008002930       0x30 ./Debug_Program/Debug_Program.o
                0x0000000008002930                Debug_Program_Config
 .text.Transmit_Data_To_Computer
                0x0000000008002960       0x26 ./Debug_Program/Debug_Program.o
                0x0000000008002960                Transmit_Data_To_Computer
 .text.Blink_Led01
                0x0000000008002986       0x20 ./Debug_Program/Debug_Program.o
                0x0000000008002986                Blink_Led01
 .text.Delay_Tim_Init
                0x00000000080029a6       0x16 ./Delay_Timer/Delay_Timer.o
                0x00000000080029a6                Delay_Tim_Init
 .text.Delay_Timer_Us
                0x00000000080029bc       0x2e ./Delay_Timer/Delay_Timer.o
                0x00000000080029bc                Delay_Timer_Us
 *fill*         0x00000000080029ea        0x2 
 .text.Display_Setup_Parameter_Sum_pm
                0x00000000080029ec      0x1b4 ./Display_Prameter/Display_LCD_Parameter.o
                0x00000000080029ec                Display_Setup_Parameter_Sum_pm
 .text.Display_Setup_Parameter_Co2
                0x0000000008002ba0      0x360 ./Display_Prameter/Display_LCD_Parameter.o
                0x0000000008002ba0                Display_Setup_Parameter_Co2
 .text.Display_Setup_Parameter_So2
                0x0000000008002f00      0x360 ./Display_Prameter/Display_LCD_Parameter.o
                0x0000000008002f00                Display_Setup_Parameter_So2
 .text.Display_Setup_Parameter_Humidity
                0x0000000008003260      0x34c ./Display_Prameter/Display_LCD_Parameter.o
                0x0000000008003260                Display_Setup_Parameter_Humidity
 .text.Display_Setup_Parameter_Temperature
                0x00000000080035ac      0x200 ./Display_Prameter/Display_LCD_Parameter.o
                0x00000000080035ac                Display_Setup_Parameter_Temperature
 .text.Display_Done
                0x00000000080037ac      0x1b8 ./Display_Prameter/Display_LCD_Parameter.o
                0x00000000080037ac                Display_Done
 .text.Display_Monitor
                0x0000000008003964      0x1b8 ./Display_Prameter/Display_LCD_Parameter.o
                0x0000000008003964                Display_Monitor
 .text.shiftOut
                0x0000000008003b1c       0x84 ./Driver_HC595/Driver_74HC595.o
                0x0000000008003b1c                shiftOut
 .text.Send_Data_74HC595
                0x0000000008003ba0       0x6c ./Driver_HC595/Driver_74HC595.o
                0x0000000008003ba0                Send_Data_74HC595
 .text.HAL_Init
                0x0000000008003c0c       0x2c ./Drivers/STM32F1xx_HAL_Driver/Src/stm32f1xx_hal.o
                0x0000000008003c0c                HAL_Init
 .text.HAL_IncTick
                0x0000000008003c38       0x24 ./Drivers/STM32F1xx_HAL_Driver/Src/stm32f1xx_hal.o
                0x0000000008003c38                HAL_IncTick
 .text.HAL_GetTick
                0x0000000008003c5c       0x14 ./Drivers/STM32F1xx_HAL_Driver/Src/stm32f1xx_hal.o
                0x0000000008003c5c                HAL_GetTick
 .text.HAL_Delay
                0x0000000008003c70       0x48 ./Drivers/STM32F1xx_HAL_Driver/Src/stm32f1xx_hal.o
                0x0000000008003c70                HAL_Delay
 .text.HAL_ADC_Init
                0x0000000008003cb8      0x1b0 ./Drivers/STM32F1xx_HAL_Driver/Src/stm32f1xx_hal_adc.o
                0x0000000008003cb8                HAL_ADC_Init
 .text.HAL_ADC_Start
                0x0000000008003e68      0x15c ./Drivers/STM32F1xx_HAL_Driver/Src/stm32f1xx_hal_adc.o
                0x0000000008003e68                HAL_ADC_Start
 .text.HAL_ADC_Stop
                0x0000000008003fc4       0x58 ./Drivers/STM32F1xx_HAL_Driver/Src/stm32f1xx_hal_adc.o
                0x0000000008003fc4                HAL_ADC_Stop
 .text.HAL_ADC_PollForConversion
                0x000000000800401c      0x20c ./Drivers/STM32F1xx_HAL_Driver/Src/stm32f1xx_hal_adc.o
                0x000000000800401c                HAL_ADC_PollForConversion
 .text.HAL_ADC_GetValue
                0x0000000008004228       0x18 ./Drivers/STM32F1xx_HAL_Driver/Src/stm32f1xx_hal_adc.o
                0x0000000008004228                HAL_ADC_GetValue
 .text.HAL_ADC_ConfigChannel
                0x0000000008004240      0x1f0 ./Drivers/STM32F1xx_HAL_Driver/Src/stm32f1xx_hal_adc.o
                0x0000000008004240                HAL_ADC_ConfigChannel
 .text.ADC_Enable
                0x0000000008004430       0xb4 ./Drivers/STM32F1xx_HAL_Driver/Src/stm32f1xx_hal_adc.o
                0x0000000008004430                ADC_Enable
 .text.ADC_ConversionStop_Disable
                0x00000000080044e4       0x82 ./Drivers/STM32F1xx_HAL_Driver/Src/stm32f1xx_hal_adc.o
                0x00000000080044e4                ADC_ConversionStop_Disable
 *fill*         0x0000000008004566        0x2 
 .text.__NVIC_SetPriorityGrouping
                0x0000000008004568       0x48 ./Drivers/STM32F1xx_HAL_Driver/Src/stm32f1xx_hal_cortex.o
 .text.__NVIC_GetPriorityGrouping
                0x00000000080045b0       0x1c ./Drivers/STM32F1xx_HAL_Driver/Src/stm32f1xx_hal_cortex.o
 .text.__NVIC_EnableIRQ
                0x00000000080045cc       0x38 ./Drivers/STM32F1xx_HAL_Driver/Src/stm32f1xx_hal_cortex.o
 .text.__NVIC_SetPriority
                0x0000000008004604       0x54 ./Drivers/STM32F1xx_HAL_Driver/Src/stm32f1xx_hal_cortex.o
 .text.NVIC_EncodePriority
                0x0000000008004658       0x64 ./Drivers/STM32F1xx_HAL_Driver/Src/stm32f1xx_hal_cortex.o
 .text.HAL_NVIC_SetPriorityGrouping
                0x00000000080046bc       0x16 ./Drivers/STM32F1xx_HAL_Driver/Src/stm32f1xx_hal_cortex.o
                0x00000000080046bc                HAL_NVIC_SetPriorityGrouping
 .text.HAL_NVIC_SetPriority
                0x00000000080046d2       0x38 ./Drivers/STM32F1xx_HAL_Driver/Src/stm32f1xx_hal_cortex.o
                0x00000000080046d2                HAL_NVIC_SetPriority
 .text.HAL_NVIC_EnableIRQ
                0x000000000800470a       0x1c ./Drivers/STM32F1xx_HAL_Driver/Src/stm32f1xx_hal_cortex.o
                0x000000000800470a                HAL_NVIC_EnableIRQ
 *fill*         0x0000000008004726        0x2 
 .text.HAL_DMA_Init
                0x0000000008004728       0xb4 ./Drivers/STM32F1xx_HAL_Driver/Src/stm32f1xx_hal_dma.o
                0x0000000008004728                HAL_DMA_Init
 .text.HAL_DMA_IRQHandler
                0x00000000080047dc      0x20c ./Drivers/STM32F1xx_HAL_Driver/Src/stm32f1xx_hal_dma.o
                0x00000000080047dc                HAL_DMA_IRQHandler
 .text.HAL_FLASH_Program
                0x00000000080049e8       0xe0 ./Drivers/STM32F1xx_HAL_Driver/Src/stm32f1xx_hal_flash.o
                0x00000000080049e8                HAL_FLASH_Program
 .text.HAL_FLASH_Unlock
                0x0000000008004ac8       0x4c ./Drivers/STM32F1xx_HAL_Driver/Src/stm32f1xx_hal_flash.o
                0x0000000008004ac8                HAL_FLASH_Unlock
 .text.HAL_FLASH_Lock
                0x0000000008004b14       0x20 ./Drivers/STM32F1xx_HAL_Driver/Src/stm32f1xx_hal_flash.o
                0x0000000008004b14                HAL_FLASH_Lock
 .text.FLASH_Program_HalfWord
                0x0000000008004b34       0x38 ./Drivers/STM32F1xx_HAL_Driver/Src/stm32f1xx_hal_flash.o
 .text.FLASH_WaitForLastOperation
                0x0000000008004b6c       0x8c ./Drivers/STM32F1xx_HAL_Driver/Src/stm32f1xx_hal_flash.o
                0x0000000008004b6c                FLASH_WaitForLastOperation
 .text.FLASH_SetErrorCode
                0x0000000008004bf8       0xa0 ./Drivers/STM32F1xx_HAL_Driver/Src/stm32f1xx_hal_flash.o
 .text.HAL_FLASHEx_Erase
                0x0000000008004c98       0xd8 ./Drivers/STM32F1xx_HAL_Driver/Src/stm32f1xx_hal_flash_ex.o
                0x0000000008004c98                HAL_FLASHEx_Erase
 .text.FLASH_MassErase
                0x0000000008004d70       0x38 ./Drivers/STM32F1xx_HAL_Driver/Src/stm32f1xx_hal_flash_ex.o
 .text.FLASH_PageErase
                0x0000000008004da8       0x40 ./Drivers/STM32F1xx_HAL_Driver/Src/stm32f1xx_hal_flash_ex.o
                0x0000000008004da8                FLASH_PageErase
 .text.HAL_GPIO_Init
                0x0000000008004de8      0x308 ./Drivers/STM32F1xx_HAL_Driver/Src/stm32f1xx_hal_gpio.o
                0x0000000008004de8                HAL_GPIO_Init
 .text.HAL_GPIO_ReadPin
                0x00000000080050f0       0x2e ./Drivers/STM32F1xx_HAL_Driver/Src/stm32f1xx_hal_gpio.o
                0x00000000080050f0                HAL_GPIO_ReadPin
 .text.HAL_GPIO_WritePin
                0x000000000800511e       0x30 ./Drivers/STM32F1xx_HAL_Driver/Src/stm32f1xx_hal_gpio.o
                0x000000000800511e                HAL_GPIO_WritePin
 .text.HAL_GPIO_TogglePin
                0x000000000800514e       0x32 ./Drivers/STM32F1xx_HAL_Driver/Src/stm32f1xx_hal_gpio.o
                0x000000000800514e                HAL_GPIO_TogglePin
 .text.HAL_I2C_Init
                0x0000000008005180      0x288 ./Drivers/STM32F1xx_HAL_Driver/Src/stm32f1xx_hal_i2c.o
                0x0000000008005180                HAL_I2C_Init
 .text.HAL_I2C_Master_Transmit
                0x0000000008005408      0x1fc ./Drivers/STM32F1xx_HAL_Driver/Src/stm32f1xx_hal_i2c.o
                0x0000000008005408                HAL_I2C_Master_Transmit
 .text.HAL_I2C_Mem_Read
                0x0000000008005604      0x4d0 ./Drivers/STM32F1xx_HAL_Driver/Src/stm32f1xx_hal_i2c.o
                0x0000000008005604                HAL_I2C_Mem_Read
 .text.I2C_MasterRequestWrite
                0x0000000008005ad4      0x104 ./Drivers/STM32F1xx_HAL_Driver/Src/stm32f1xx_hal_i2c.o
 .text.I2C_RequestMemoryRead
                0x0000000008005bd8      0x1d0 ./Drivers/STM32F1xx_HAL_Driver/Src/stm32f1xx_hal_i2c.o
 .text.I2C_WaitOnFlagUntilTimeout
                0x0000000008005da8       0xae ./Drivers/STM32F1xx_HAL_Driver/Src/stm32f1xx_hal_i2c.o
 .text.I2C_WaitOnMasterAddressFlagUntilTimeout
                0x0000000008005e56       0xfe ./Drivers/STM32F1xx_HAL_Driver/Src/stm32f1xx_hal_i2c.o
 .text.I2C_WaitOnTXEFlagUntilTimeout
                0x0000000008005f54       0x82 ./Drivers/STM32F1xx_HAL_Driver/Src/stm32f1xx_hal_i2c.o
 .text.I2C_WaitOnBTFFlagUntilTimeout
                0x0000000008005fd6       0x82 ./Drivers/STM32F1xx_HAL_Driver/Src/stm32f1xx_hal_i2c.o
 .text.I2C_WaitOnRXNEFlagUntilTimeout
                0x0000000008006058       0xac ./Drivers/STM32F1xx_HAL_Driver/Src/stm32f1xx_hal_i2c.o
 .text.I2C_IsAcknowledgeFailed
                0x0000000008006104       0x5c ./Drivers/STM32F1xx_HAL_Driver/Src/stm32f1xx_hal_i2c.o
 .text.HAL_RCC_OscConfig
                0x0000000008006160      0x504 ./Drivers/STM32F1xx_HAL_Driver/Src/stm32f1xx_hal_rcc.o
                0x0000000008006160                HAL_RCC_OscConfig
 .text.HAL_RCC_ClockConfig
                0x0000000008006664      0x1d4 ./Drivers/STM32F1xx_HAL_Driver/Src/stm32f1xx_hal_rcc.o
                0x0000000008006664                HAL_RCC_ClockConfig
 .text.HAL_RCC_GetSysClockFreq
                0x0000000008006838       0xbc ./Drivers/STM32F1xx_HAL_Driver/Src/stm32f1xx_hal_rcc.o
                0x0000000008006838                HAL_RCC_GetSysClockFreq
 .text.HAL_RCC_GetHCLKFreq
                0x00000000080068f4       0x14 ./Drivers/STM32F1xx_HAL_Driver/Src/stm32f1xx_hal_rcc.o
                0x00000000080068f4                HAL_RCC_GetHCLKFreq
 .text.HAL_RCC_GetPCLK1Freq
                0x0000000008006908       0x28 ./Drivers/STM32F1xx_HAL_Driver/Src/stm32f1xx_hal_rcc.o
                0x0000000008006908                HAL_RCC_GetPCLK1Freq
 .text.HAL_RCC_GetPCLK2Freq
                0x0000000008006930       0x28 ./Drivers/STM32F1xx_HAL_Driver/Src/stm32f1xx_hal_rcc.o
                0x0000000008006930                HAL_RCC_GetPCLK2Freq
 .text.HAL_RCC_GetClockConfig
                0x0000000008006958       0x60 ./Drivers/STM32F1xx_HAL_Driver/Src/stm32f1xx_hal_rcc.o
                0x0000000008006958                HAL_RCC_GetClockConfig
 .text.RCC_Delay
                0x00000000080069b8       0x3c ./Drivers/STM32F1xx_HAL_Driver/Src/stm32f1xx_hal_rcc.o
 .text.HAL_RCCEx_PeriphCLKConfig
                0x00000000080069f4      0x16c ./Drivers/STM32F1xx_HAL_Driver/Src/stm32f1xx_hal_rcc_ex.o
                0x00000000080069f4                HAL_RCCEx_PeriphCLKConfig
 .text.HAL_RCCEx_GetPeriphCLKFreq
                0x0000000008006b60      0x180 ./Drivers/STM32F1xx_HAL_Driver/Src/stm32f1xx_hal_rcc_ex.o
                0x0000000008006b60                HAL_RCCEx_GetPeriphCLKFreq
 .text.HAL_TIM_Base_Init
                0x0000000008006ce0       0x9e ./Drivers/STM32F1xx_HAL_Driver/Src/stm32f1xx_hal_tim.o
                0x0000000008006ce0                HAL_TIM_Base_Init
 *fill*         0x0000000008006d7e        0x2 
 .text.HAL_TIM_Base_Start
                0x0000000008006d80       0x94 ./Drivers/STM32F1xx_HAL_Driver/Src/stm32f1xx_hal_tim.o
                0x0000000008006d80                HAL_TIM_Base_Start
 .text.HAL_TIM_Base_Start_IT
                0x0000000008006e14       0xa4 ./Drivers/STM32F1xx_HAL_Driver/Src/stm32f1xx_hal_tim.o
                0x0000000008006e14                HAL_TIM_Base_Start_IT
 .text.HAL_TIM_Base_Stop_IT
                0x0000000008006eb8       0x5c ./Drivers/STM32F1xx_HAL_Driver/Src/stm32f1xx_hal_tim.o
                0x0000000008006eb8                HAL_TIM_Base_Stop_IT
 .text.HAL_TIM_IRQHandler
                0x0000000008006f14      0x210 ./Drivers/STM32F1xx_HAL_Driver/Src/stm32f1xx_hal_tim.o
                0x0000000008006f14                HAL_TIM_IRQHandler
 .text.HAL_TIM_ConfigClockSource
                0x0000000008007124      0x188 ./Drivers/STM32F1xx_HAL_Driver/Src/stm32f1xx_hal_tim.o
                0x0000000008007124                HAL_TIM_ConfigClockSource
 .text.HAL_TIM_OC_DelayElapsedCallback
                0x00000000080072ac       0x12 ./Drivers/STM32F1xx_HAL_Driver/Src/stm32f1xx_hal_tim.o
                0x00000000080072ac                HAL_TIM_OC_DelayElapsedCallback
 .text.HAL_TIM_IC_CaptureCallback
                0x00000000080072be       0x12 ./Drivers/STM32F1xx_HAL_Driver/Src/stm32f1xx_hal_tim.o
                0x00000000080072be                HAL_TIM_IC_CaptureCallback
 .text.HAL_TIM_PWM_PulseFinishedCallback
                0x00000000080072d0       0x12 ./Drivers/STM32F1xx_HAL_Driver/Src/stm32f1xx_hal_tim.o
                0x00000000080072d0                HAL_TIM_PWM_PulseFinishedCallback
 .text.HAL_TIM_TriggerCallback
                0x00000000080072e2       0x12 ./Drivers/STM32F1xx_HAL_Driver/Src/stm32f1xx_hal_tim.o
                0x00000000080072e2                HAL_TIM_TriggerCallback
 .text.TIM_Base_SetConfig
                0x00000000080072f4       0xc4 ./Drivers/STM32F1xx_HAL_Driver/Src/stm32f1xx_hal_tim.o
                0x00000000080072f4                TIM_Base_SetConfig
 .text.TIM_TI1_ConfigInputStage
                0x00000000080073b8       0x5c ./Drivers/STM32F1xx_HAL_Driver/Src/stm32f1xx_hal_tim.o
 .text.TIM_TI2_ConfigInputStage
                0x0000000008007414       0x5e ./Drivers/STM32F1xx_HAL_Driver/Src/stm32f1xx_hal_tim.o
 .text.TIM_ITRx_SetConfig
                0x0000000008007472       0x34 ./Drivers/STM32F1xx_HAL_Driver/Src/stm32f1xx_hal_tim.o
 .text.TIM_ETR_SetConfig
                0x00000000080074a6       0x3e ./Drivers/STM32F1xx_HAL_Driver/Src/stm32f1xx_hal_tim.o
                0x00000000080074a6                TIM_ETR_SetConfig
 .text.HAL_TIMEx_MasterConfigSynchronization
                0x00000000080074e4       0xbc ./Drivers/STM32F1xx_HAL_Driver/Src/stm32f1xx_hal_tim_ex.o
                0x00000000080074e4                HAL_TIMEx_MasterConfigSynchronization
 .text.HAL_TIMEx_CommutCallback
                0x00000000080075a0       0x12 ./Drivers/STM32F1xx_HAL_Driver/Src/stm32f1xx_hal_tim_ex.o
                0x00000000080075a0                HAL_TIMEx_CommutCallback
 .text.HAL_TIMEx_BreakCallback
                0x00000000080075b2       0x12 ./Drivers/STM32F1xx_HAL_Driver/Src/stm32f1xx_hal_tim_ex.o
                0x00000000080075b2                HAL_TIMEx_BreakCallback
 .text.HAL_UART_Init
                0x00000000080075c4       0x9a ./Drivers/STM32F1xx_HAL_Driver/Src/stm32f1xx_hal_uart.o
                0x00000000080075c4                HAL_UART_Init
 .text.HAL_UART_Transmit
                0x000000000800765e      0x124 ./Drivers/STM32F1xx_HAL_Driver/Src/stm32f1xx_hal_uart.o
                0x000000000800765e                HAL_UART_Transmit
 .text.HAL_UART_Receive
                0x0000000008007782      0x144 ./Drivers/STM32F1xx_HAL_Driver/Src/stm32f1xx_hal_uart.o
                0x0000000008007782                HAL_UART_Receive
 .text.UART_WaitOnFlagUntilTimeout
                0x00000000080078c6       0x94 ./Drivers/STM32F1xx_HAL_Driver/Src/stm32f1xx_hal_uart.o
 *fill*         0x000000000800795a        0x2 
 .text.UART_SetConfig
                0x000000000800795c      0x11c ./Drivers/STM32F1xx_HAL_Driver/Src/stm32f1xx_hal_uart.o
 .text.Flash_Erase
                0x0000000008007a78       0x38 ./Flash_System/flash.o
                0x0000000008007a78                Flash_Erase
 .text.Flash_Write_Float
                0x0000000008007ab0       0x3a ./Flash_System/flash.o
                0x0000000008007ab0                Flash_Write_Float
 .text.Flash_Read_Float
                0x0000000008007aea       0x1e ./Flash_System/flash.o
                0x0000000008007aea                Flash_Read_Float
 .text.Hpma115S0_Dust_Sensor_Init
                0x0000000008007b08       0x20 ./HPMA115S_Dust_Sensor/Hpma115S0_Dust_Sensor.o
                0x0000000008007b08                Hpma115S0_Dust_Sensor_Init
 .text.Hpma115S0_Start_Particle_Measure
                0x0000000008007b28       0x44 ./HPMA115S_Dust_Sensor/Hpma115S0_Dust_Sensor.o
                0x0000000008007b28                Hpma115S0_Start_Particle_Measure
 .text.Hpma115S0_Enable_Auto_Send
                0x0000000008007b6c       0x44 ./HPMA115S_Dust_Sensor/Hpma115S0_Dust_Sensor.o
                0x0000000008007b6c                Hpma115S0_Enable_Auto_Send
 .text.CLCD_Delay
                0x0000000008007bb0       0x1a ./I2C_LCD/CLCD_I2C.o
 .text.CLCD_WriteI2C
                0x0000000008007bca       0xae ./I2C_LCD/CLCD_I2C.o
 .text.CLCD_I2C_Init
                0x0000000008007c78       0xe0 ./I2C_LCD/CLCD_I2C.o
                0x0000000008007c78                CLCD_I2C_Init
 .text.CLCD_I2C_SetCursor
                0x0000000008007d58       0x86 ./I2C_LCD/CLCD_I2C.o
                0x0000000008007d58                CLCD_I2C_SetCursor
 .text.CLCD_I2C_WriteChar
                0x0000000008007dde       0x20 ./I2C_LCD/CLCD_I2C.o
                0x0000000008007dde                CLCD_I2C_WriteChar
 .text.CLCD_I2C_WriteString
                0x0000000008007dfe       0x2e ./I2C_LCD/CLCD_I2C.o
                0x0000000008007dfe                CLCD_I2C_WriteString
 .text.CLCD_I2C_Clear
                0x0000000008007e2c       0x20 ./I2C_LCD/CLCD_I2C.o
                0x0000000008007e2c                CLCD_I2C_Clear
 .text.LM335A_Init
                0x0000000008007e4c       0x1a ./LM335A_Sensor/LM335A_Sensor.o
                0x0000000008007e4c                LM335A_Init
 .text.Mh_Z19B_Co2_Sensor_Init
                0x0000000008007e66       0x1a ./MHZ19B_Co2_Sensor/Mh_Z19B_Co2_Sensor.o
                0x0000000008007e66                Mh_Z19B_Co2_Sensor_Init
 .text.Sensor_Set_Auto_Calibration
                0x0000000008007e80       0x28 ./MHZ19B_Co2_Sensor/Mh_Z19B_Co2_Sensor.o
                0x0000000008007e80                Sensor_Set_Auto_Calibration
 .text.Mh_Z19B_Co2_Sensor_Concentration
                0x0000000008007ea8       0x5c ./MHZ19B_Co2_Sensor/Mh_Z19B_Co2_Sensor.o
                0x0000000008007ea8                Mh_Z19B_Co2_Sensor_Concentration
 .text.Mh_Z19B_Co2_Sensor_Caclulator_Average
                0x0000000008007f04      0x260 ./MHZ19B_Co2_Sensor/Mh_Z19B_Co2_Sensor.o
                0x0000000008007f04                Mh_Z19B_Co2_Sensor_Caclulator_Average
 .text.vApplicationStackOverflowHook
                0x0000000008008164       0x48 ./Machine_Routine/Machine_Routine.o
                0x0000000008008164                vApplicationStackOverflowHook
 .text.vApplicationMallocFailedHook
                0x00000000080081ac       0x44 ./Machine_Routine/Machine_Routine.o
                0x00000000080081ac                vApplicationMallocFailedHook
 .text.Init_Debug_Program
                0x00000000080081f0       0x2c ./Machine_Routine/Machine_Routine.o
 .text.Init_LCD_Display
                0x000000000800821c       0x60 ./Machine_Routine/Machine_Routine.o
 .text.Init_Transimir_Lora_Mode_Uart
                0x000000000800827c       0x1c ./Machine_Routine/Machine_Routine.o
 .text.Init_Cmd_Transmit_Lora
                0x0000000008008298       0x1c ./Machine_Routine/Machine_Routine.o
                0x0000000008008298                Init_Cmd_Transmit_Lora
 .text.Init_HC595
                0x00000000080082b4        0xe ./Machine_Routine/Machine_Routine.o
 *fill*         0x00000000080082c2        0x2 
 .text.Init_RTOS_System_Project
                0x00000000080082c4       0x64 ./Machine_Routine/Machine_Routine.o
                0x00000000080082c4                Init_RTOS_System_Project
 .text.Init_System_Funtion_Project
                0x0000000008008328       0x20 ./Machine_Routine/Machine_Routine.o
                0x0000000008008328                Init_System_Funtion_Project
 .text.Routine01_Task_01_Routine_System
                0x0000000008008348        0xe ./Machine_Routine/Machine_Routine.o
 *fill*         0x0000000008008356        0x2 
 .text.Task01_Routine_System
                0x0000000008008358       0xc4 ./Machine_Routine/Machine_Routine.o
 .text.Task02_Status_Machine
                0x000000000800841c       0x24 ./Machine_Routine/Machine_Routine.o
 .text.Routine_Machine_NotUseRTOS
                0x0000000008008440       0x9c ./Machine_Routine/Machine_Routine.o
                0x0000000008008440                Routine_Machine_NotUseRTOS
 .text.vListInitialise
                0x00000000080084dc       0x3e ./Middlewares/Third_Party/FreeRTOS/Source/list.o
                0x00000000080084dc                vListInitialise
 .text.vListInitialiseItem
                0x000000000800851a       0x18 ./Middlewares/Third_Party/FreeRTOS/Source/list.o
                0x000000000800851a                vListInitialiseItem
 .text.vListInsertEnd
                0x0000000008008532       0x46 ./Middlewares/Third_Party/FreeRTOS/Source/list.o
                0x0000000008008532                vListInsertEnd
 .text.vListInsert
                0x0000000008008578       0x70 ./Middlewares/Third_Party/FreeRTOS/Source/list.o
                0x0000000008008578                vListInsert
 .text.uxListRemove
                0x00000000080085e8       0x52 ./Middlewares/Third_Party/FreeRTOS/Source/list.o
                0x00000000080085e8                uxListRemove
 *fill*         0x000000000800863a        0x2 
 .text.xQueueGenericReset
                0x000000000800863c       0xd0 ./Middlewares/Third_Party/FreeRTOS/Source/queue.o
                0x000000000800863c                xQueueGenericReset
 .text.xQueueGenericCreate
                0x000000000800870c       0x7c ./Middlewares/Third_Party/FreeRTOS/Source/queue.o
                0x000000000800870c                xQueueGenericCreate
 .text.prvInitialiseNewQueue
                0x0000000008008788       0x3e ./Middlewares/Third_Party/FreeRTOS/Source/queue.o
 .text.xQueueCreateCountingSemaphore
                0x00000000080087c6       0x66 ./Middlewares/Third_Party/FreeRTOS/Source/queue.o
                0x00000000080087c6                xQueueCreateCountingSemaphore
 .text.xQueueGenericSend
                0x000000000800882c      0x1fc ./Middlewares/Third_Party/FreeRTOS/Source/queue.o
                0x000000000800882c                xQueueGenericSend
 .text.xQueueSemaphoreTake
                0x0000000008008a28      0x218 ./Middlewares/Third_Party/FreeRTOS/Source/queue.o
                0x0000000008008a28                xQueueSemaphoreTake
 .text.prvGetDisinheritPriorityAfterTimeout
                0x0000000008008c40       0x2e ./Middlewares/Third_Party/FreeRTOS/Source/queue.o
 .text.prvCopyDataToQueue
                0x0000000008008c6e       0xd4 ./Middlewares/Third_Party/FreeRTOS/Source/queue.o
 .text.prvUnlockQueue
                0x0000000008008d42       0xa4 ./Middlewares/Third_Party/FreeRTOS/Source/queue.o
 .text.prvIsQueueEmpty
                0x0000000008008de6       0x2c ./Middlewares/Third_Party/FreeRTOS/Source/queue.o
 .text.prvIsQueueFull
                0x0000000008008e12       0x30 ./Middlewares/Third_Party/FreeRTOS/Source/queue.o
 .text.xTaskCreateStatic
                0x0000000008008e42       0xb8 ./Middlewares/Third_Party/FreeRTOS/Source/tasks.o
                0x0000000008008e42                xTaskCreateStatic
 .text.xTaskCreate
                0x0000000008008efa       0x8a ./Middlewares/Third_Party/FreeRTOS/Source/tasks.o
                0x0000000008008efa                xTaskCreate
 .text.prvInitialiseNewTask
                0x0000000008008f84      0x12c ./Middlewares/Third_Party/FreeRTOS/Source/tasks.o
 .text.prvAddNewTaskToReadyList
                0x00000000080090b0       0xd4 ./Middlewares/Third_Party/FreeRTOS/Source/tasks.o
 .text.vTaskDelay
                0x0000000008009184       0x68 ./Middlewares/Third_Party/FreeRTOS/Source/tasks.o
                0x0000000008009184                vTaskDelay
 .text.vTaskStartScheduler
                0x00000000080091ec       0xd4 ./Middlewares/Third_Party/FreeRTOS/Source/tasks.o
                0x00000000080091ec                vTaskStartScheduler
 .text.vTaskSuspendAll
                0x00000000080092c0       0x1c ./Middlewares/Third_Party/FreeRTOS/Source/tasks.o
                0x00000000080092c0                vTaskSuspendAll
 .text.xTaskResumeAll
                0x00000000080092dc      0x138 ./Middlewares/Third_Party/FreeRTOS/Source/tasks.o
                0x00000000080092dc                xTaskResumeAll
 .text.xTaskGetTickCount
                0x0000000008009414       0x1c ./Middlewares/Third_Party/FreeRTOS/Source/tasks.o
                0x0000000008009414                xTaskGetTickCount
 .text.xTaskIncrementTick
                0x0000000008009430      0x17c ./Middlewares/Third_Party/FreeRTOS/Source/tasks.o
                0x0000000008009430                xTaskIncrementTick
 .text.vTaskSwitchContext
                0x00000000080095ac       0xe4 ./Middlewares/Third_Party/FreeRTOS/Source/tasks.o
                0x00000000080095ac                vTaskSwitchContext
 .text.vTaskPlaceOnEventList
                0x0000000008009690       0x48 ./Middlewares/Third_Party/FreeRTOS/Source/tasks.o
                0x0000000008009690                vTaskPlaceOnEventList
 .text.xTaskRemoveFromEventList
                0x00000000080096d8       0xc4 ./Middlewares/Third_Party/FreeRTOS/Source/tasks.o
                0x00000000080096d8                xTaskRemoveFromEventList
 .text.vTaskInternalSetTimeOutState
                0x000000000800979c       0x2c ./Middlewares/Third_Party/FreeRTOS/Source/tasks.o
                0x000000000800979c                vTaskInternalSetTimeOutState
 .text.xTaskCheckForTimeOut
                0x00000000080097c8       0xc4 ./Middlewares/Third_Party/FreeRTOS/Source/tasks.o
                0x00000000080097c8                xTaskCheckForTimeOut
 .text.vTaskMissedYield
                0x000000000800988c       0x18 ./Middlewares/Third_Party/FreeRTOS/Source/tasks.o
                0x000000000800988c                vTaskMissedYield
 .text.prvIdleTask
                0x00000000080098a4       0x30 ./Middlewares/Third_Party/FreeRTOS/Source/tasks.o
 .text.prvInitialiseTaskLists
                0x00000000080098d4       0x80 ./Middlewares/Third_Party/FreeRTOS/Source/tasks.o
 .text.prvCheckTasksWaitingTermination
                0x0000000008009954       0x5c ./Middlewares/Third_Party/FreeRTOS/Source/tasks.o
 .text.prvDeleteTCB
                0x00000000080099b0       0x68 ./Middlewares/Third_Party/FreeRTOS/Source/tasks.o
 .text.prvResetNextTaskUnblockTime
                0x0000000008009a18       0x48 ./Middlewares/Third_Party/FreeRTOS/Source/tasks.o
 .text.xTaskGetSchedulerState
                0x0000000008009a60       0x3c ./Middlewares/Third_Party/FreeRTOS/Source/tasks.o
                0x0000000008009a60                xTaskGetSchedulerState
 .text.xTaskPriorityInherit
                0x0000000008009a9c      0x10c ./Middlewares/Third_Party/FreeRTOS/Source/tasks.o
                0x0000000008009a9c                xTaskPriorityInherit
 .text.xTaskPriorityDisinherit
                0x0000000008009ba8      0x10c ./Middlewares/Third_Party/FreeRTOS/Source/tasks.o
                0x0000000008009ba8                xTaskPriorityDisinherit
 .text.vTaskPriorityDisinheritAfterTimeout
                0x0000000008009cb4      0x140 ./Middlewares/Third_Party/FreeRTOS/Source/tasks.o
                0x0000000008009cb4                vTaskPriorityDisinheritAfterTimeout
 .text.pvTaskIncrementMutexHeldCount
                0x0000000008009df4       0x28 ./Middlewares/Third_Party/FreeRTOS/Source/tasks.o
                0x0000000008009df4                pvTaskIncrementMutexHeldCount
 .text.prvAddCurrentTaskToDelayedList
                0x0000000008009e1c       0xcc ./Middlewares/Third_Party/FreeRTOS/Source/tasks.o
 .text.pxPortInitialiseStack
                0x0000000008009ee8       0x58 ./Middlewares/Third_Party/FreeRTOS/Source/portable/GCC/ARM_CM3/port.o
                0x0000000008009ee8                pxPortInitialiseStack
 .text.prvTaskExitError
                0x0000000008009f40       0x58 ./Middlewares/Third_Party/FreeRTOS/Source/portable/GCC/ARM_CM3/port.o
 *fill*         0x0000000008009f98        0x8 
 .text.SVC_Handler
                0x0000000008009fa0       0x28 ./Middlewares/Third_Party/FreeRTOS/Source/portable/GCC/ARM_CM3/port.o
                0x0000000008009fa0                SVC_Handler
 .text.prvPortStartFirstTask
                0x0000000008009fc8       0x20 ./Middlewares/Third_Party/FreeRTOS/Source/portable/GCC/ARM_CM3/port.o
 .text.xPortStartScheduler
                0x0000000008009fe8       0xe4 ./Middlewares/Third_Party/FreeRTOS/Source/portable/GCC/ARM_CM3/port.o
                0x0000000008009fe8                xPortStartScheduler
 .text.vPortEnterCritical
                0x000000000800a0cc       0x60 ./Middlewares/Third_Party/FreeRTOS/Source/portable/GCC/ARM_CM3/port.o
                0x000000000800a0cc                vPortEnterCritical
 .text.vPortExitCritical
                0x000000000800a12c       0x50 ./Middlewares/Third_Party/FreeRTOS/Source/portable/GCC/ARM_CM3/port.o
                0x000000000800a12c                vPortExitCritical
 *fill*         0x000000000800a17c        0x4 
 .text.PendSV_Handler
                0x000000000800a180       0x48 ./Middlewares/Third_Party/FreeRTOS/Source/portable/GCC/ARM_CM3/port.o
                0x000000000800a180                PendSV_Handler
 .text.SysTick_Handler
                0x000000000800a1c8       0x44 ./Middlewares/Third_Party/FreeRTOS/Source/portable/GCC/ARM_CM3/port.o
                0x000000000800a1c8                SysTick_Handler
 .text.vPortSetupTimerInterrupt
                0x000000000800a20c       0x44 ./Middlewares/Third_Party/FreeRTOS/Source/portable/GCC/ARM_CM3/port.o
                0x000000000800a20c                vPortSetupTimerInterrupt
 .text.pvPortMalloc
                0x000000000800a250      0x194 ./Middlewares/Third_Party/FreeRTOS/Source/portable/MemMang/heap_4.o
                0x000000000800a250                pvPortMalloc
 .text.vPortFree
                0x000000000800a3e4       0xb4 ./Middlewares/Third_Party/FreeRTOS/Source/portable/MemMang/heap_4.o
                0x000000000800a3e4                vPortFree
 .text.prvHeapInit
                0x000000000800a498       0xc4 ./Middlewares/Third_Party/FreeRTOS/Source/portable/MemMang/heap_4.o
 .text.prvInsertBlockIntoFreeList
                0x000000000800a55c       0xb0 ./Middlewares/Third_Party/FreeRTOS/Source/portable/MemMang/heap_4.o
 .text.Uart_Lora_Init
                0x000000000800a60c       0x36 ./Protocol_Lora/Transmit_Data_Lora.o
                0x000000000800a60c                Uart_Lora_Init
 *fill*         0x000000000800a642        0x2 
 .text.Lora_Uart_Master_Send_Data_To_Salve
                0x000000000800a644      0x2ec ./Protocol_Lora/Transmit_Data_Lora.o
                0x000000000800a644                Lora_Uart_Master_Send_Data_To_Salve
 .text.Save_Value_Float_Flash
                0x000000000800a930       0x7a ./Setup_Calibration_Sensor/Setup_Calibration_Sensor.o
 .text.Read_Value_Float_Flash
                0x000000000800a9aa       0x48 ./Setup_Calibration_Sensor/Setup_Calibration_Sensor.o
 *fill*         0x000000000800a9f2        0x2 
 .text.Init_Hpma115S0_Dust_Sensor
                0x000000000800a9f4       0x24 ./Setup_Calibration_Sensor/Setup_Calibration_Sensor.o
 .text.Init_Mh_Z19B_Co2_Sensor
                0x000000000800aa18       0x20 ./Setup_Calibration_Sensor/Setup_Calibration_Sensor.o
 .text.Init_DHT22
                0x000000000800aa38       0x20 ./Setup_Calibration_Sensor/Setup_Calibration_Sensor.o
 .text.Init_So2_Sensor
                0x000000000800aa58       0x50 ./Setup_Calibration_Sensor/Setup_Calibration_Sensor.o
 .text.Init_BMP18_Air_Pressure
                0x000000000800aaa8       0x20 ./Setup_Calibration_Sensor/Setup_Calibration_Sensor.o
 .text.Init_Sharp_G2y10_Sum_Dust_Sensor
                0x000000000800aac8       0x38 ./Setup_Calibration_Sensor/Setup_Calibration_Sensor.o
 .text.Init_Lm335A_Temperature_Sensor
                0x000000000800ab00       0x18 ./Setup_Calibration_Sensor/Setup_Calibration_Sensor.o
 .text.Selec_Option_Sensor_Name
                0x000000000800ab18      0x214 ./Setup_Calibration_Sensor/Setup_Calibration_Sensor.o
 .text.Save_Parameter_Sensor
                0x000000000800ad2c      0x1a4 ./Setup_Calibration_Sensor/Setup_Calibration_Sensor.o
 .text.Monitor_Group_Sensor
                0x000000000800aed0       0xbc ./Setup_Calibration_Sensor/Setup_Calibration_Sensor.o
 .text.Setup_Parameter_Sum_Pm_Sensor
                0x000000000800af8c      0x4e8 ./Setup_Calibration_Sensor/Setup_Calibration_Sensor.o
 .text.Setup_Parameter_Co2_Sensor
                0x000000000800b474      0x4e8 ./Setup_Calibration_Sensor/Setup_Calibration_Sensor.o
 .text.Setup_Parameter_So2_Sensor
                0x000000000800b95c      0x4e8 ./Setup_Calibration_Sensor/Setup_Calibration_Sensor.o
 .text.Setup_Parameter_Humidity_Sensor
                0x000000000800be44      0x508 ./Setup_Calibration_Sensor/Setup_Calibration_Sensor.o
 .text.Setup_Parameter_Temperature_Sensor
                0x000000000800c34c      0x508 ./Setup_Calibration_Sensor/Setup_Calibration_Sensor.o
 .text.Output_Value_Sum_Pm_Sensor
                0x000000000800c854      0x2c0 ./Setup_Calibration_Sensor/Setup_Calibration_Sensor.o
 .text.Output_Value_Co2_Sensor
                0x000000000800cb14      0x2c0 ./Setup_Calibration_Sensor/Setup_Calibration_Sensor.o
 .text.Output_Value_So2_Sensor
                0x000000000800cdd4      0x2c0 ./Setup_Calibration_Sensor/Setup_Calibration_Sensor.o
 .text.Output_Value_Humidity_Sensor
                0x000000000800d094      0x2cc ./Setup_Calibration_Sensor/Setup_Calibration_Sensor.o
 .text.Output_Value_Temperature_Sensor
                0x000000000800d360      0x2cc ./Setup_Calibration_Sensor/Setup_Calibration_Sensor.o
 .text.Lagrange_Interpolation
                0x000000000800d62c       0xda ./Setup_Calibration_Sensor/Setup_Calibration_Sensor.o
 *fill*         0x000000000800d706        0x2 
 .text.Int_Read_Data_Parameter_Group_Sensor_To_Flash_MCU
                0x000000000800d708       0xe0 ./Setup_Calibration_Sensor/Setup_Calibration_Sensor.o
 .text.Init_Sensor
                0x000000000800d7e8       0x3c ./Setup_Calibration_Sensor/Setup_Calibration_Sensor.o
                0x000000000800d7e8                Init_Sensor
 .text.Run_Normal
                0x000000000800d824      0x18c ./Setup_Calibration_Sensor/Setup_Calibration_Sensor.o
                0x000000000800d824                Run_Normal
 .text.Funtion_Routine_Hightlevel
                0x000000000800d9b0       0x1c ./Setup_Calibration_Sensor/Setup_Calibration_Sensor.o
                0x000000000800d9b0                Funtion_Routine_Hightlevel
 .text.G2y10_Delay_Init
                0x000000000800d9cc       0x1a ./Sharp_G2Y10_Dust_Sensor/Sharp_G2y10_Dust_Sensor.o
 .text.G2y10_Delay_Us
                0x000000000800d9e6       0x22 ./Sharp_G2Y10_Dust_Sensor/Sharp_G2y10_Dust_Sensor.o
 .text.G2y10_ADC_Channel_Config
                0x000000000800da08       0x42 ./Sharp_G2Y10_Dust_Sensor/Sharp_G2y10_Dust_Sensor.o
 .text.Sharp_G2y10_Dust_Sensor_Init
                0x000000000800da4a       0x34 ./Sharp_G2Y10_Dust_Sensor/Sharp_G2y10_Dust_Sensor.o
                0x000000000800da4a                Sharp_G2y10_Dust_Sensor_Init
 *fill*         0x000000000800da7e        0x2 
 .text.Sharp_G2y10_Dust_Sensor_Measuring_Average
                0x000000000800da80      0x36c ./Sharp_G2Y10_Dust_Sensor/Sharp_G2y10_Dust_Sensor.o
                0x000000000800da80                Sharp_G2y10_Dust_Sensor_Measuring_Average
 .text.hx711_delay_us
                0x000000000800ddec       0x2c ./So2_Hx711/So2_Sensor_Hx711.o
                0x000000000800ddec                hx711_delay_us
 .text.hx711_lock
                0x000000000800de18       0x26 ./So2_Hx711/So2_Sensor_Hx711.o
                0x000000000800de18                hx711_lock
 .text.hx711_unlock
                0x000000000800de3e       0x18 ./So2_Hx711/So2_Sensor_Hx711.o
                0x000000000800de3e                hx711_unlock
 .text.hx711_init
                0x000000000800de56       0xae ./So2_Hx711/So2_Sensor_Hx711.o
                0x000000000800de56                hx711_init
 .text.hx711_set_gain
                0x000000000800df04       0x44 ./So2_Hx711/So2_Sensor_Hx711.o
                0x000000000800df04                hx711_set_gain
 .text.hx711_value
                0x000000000800df48       0xf6 ./So2_Hx711/So2_Sensor_Hx711.o
                0x000000000800df48                hx711_value
 .text.hx711_tare
                0x000000000800e03e       0x84 ./So2_Hx711/So2_Sensor_Hx711.o
                0x000000000800e03e                hx711_tare
 *fill*         0x000000000800e0c2        0x6 
 .text.hx711_so2_result
                0x000000000800e0c8      0x170 ./So2_Hx711/So2_Sensor_Hx711.o
                0x000000000800e0c8                hx711_so2_result
 .text.hx711_coef_set
                0x000000000800e238       0x1a ./So2_Hx711/So2_Sensor_Hx711.o
                0x000000000800e238                hx711_coef_set
 *fill*         0x000000000800e252        0x2 
 .text.__errno  0x000000000800e254        0xc /home/son/st/stm32cubeide_1.11.0/plugins/com.st.stm32cube.ide.mcu.externaltools.gnu-tools-for-stm32.10.3-2021.10.linux64_1.0.100.202210260954/tools/bin/../lib/gcc/arm-none-eabi/10.3.1/../../../../arm-none-eabi/lib/thumb/v7-m/nofp/libc_nano.a(lib_a-errno.o)
                0x000000000800e254                __errno
 .text.std      0x000000000800e260       0x48 /home/son/st/stm32cubeide_1.11.0/plugins/com.st.stm32cube.ide.mcu.externaltools.gnu-tools-for-stm32.10.3-2021.10.linux64_1.0.100.202210260954/tools/bin/../lib/gcc/arm-none-eabi/10.3.1/../../../../arm-none-eabi/lib/thumb/v7-m/nofp/libc_nano.a(lib_a-findfp.o)
 .text._cleanup_r
                0x000000000800e2a8        0xc /home/son/st/stm32cubeide_1.11.0/plugins/com.st.stm32cube.ide.mcu.externaltools.gnu-tools-for-stm32.10.3-2021.10.linux64_1.0.100.202210260954/tools/bin/../lib/gcc/arm-none-eabi/10.3.1/../../../../arm-none-eabi/lib/thumb/v7-m/nofp/libc_nano.a(lib_a-findfp.o)
                0x000000000800e2a8                _cleanup_r
 .text.__sfmoreglue
                0x000000000800e2b4       0x2c /home/son/st/stm32cubeide_1.11.0/plugins/com.st.stm32cube.ide.mcu.externaltools.gnu-tools-for-stm32.10.3-2021.10.linux64_1.0.100.202210260954/tools/bin/../lib/gcc/arm-none-eabi/10.3.1/../../../../arm-none-eabi/lib/thumb/v7-m/nofp/libc_nano.a(lib_a-findfp.o)
                0x000000000800e2b4                __sfmoreglue
 .text.__sfp_lock_acquire
                0x000000000800e2e0        0xc /home/son/st/stm32cubeide_1.11.0/plugins/com.st.stm32cube.ide.mcu.externaltools.gnu-tools-for-stm32.10.3-2021.10.linux64_1.0.100.202210260954/tools/bin/../lib/gcc/arm-none-eabi/10.3.1/../../../../arm-none-eabi/lib/thumb/v7-m/nofp/libc_nano.a(lib_a-findfp.o)
                0x000000000800e2e0                __sfp_lock_acquire
 .text.__sfp_lock_release
                0x000000000800e2ec        0xc /home/son/st/stm32cubeide_1.11.0/plugins/com.st.stm32cube.ide.mcu.externaltools.gnu-tools-for-stm32.10.3-2021.10.linux64_1.0.100.202210260954/tools/bin/../lib/gcc/arm-none-eabi/10.3.1/../../../../arm-none-eabi/lib/thumb/v7-m/nofp/libc_nano.a(lib_a-findfp.o)
                0x000000000800e2ec                __sfp_lock_release
 .text.__sinit_lock_acquire
                0x000000000800e2f8        0xc /home/son/st/stm32cubeide_1.11.0/plugins/com.st.stm32cube.ide.mcu.externaltools.gnu-tools-for-stm32.10.3-2021.10.linux64_1.0.100.202210260954/tools/bin/../lib/gcc/arm-none-eabi/10.3.1/../../../../arm-none-eabi/lib/thumb/v7-m/nofp/libc_nano.a(lib_a-findfp.o)
                0x000000000800e2f8                __sinit_lock_acquire
 .text.__sinit_lock_release
                0x000000000800e304        0xc /home/son/st/stm32cubeide_1.11.0/plugins/com.st.stm32cube.ide.mcu.externaltools.gnu-tools-for-stm32.10.3-2021.10.linux64_1.0.100.202210260954/tools/bin/../lib/gcc/arm-none-eabi/10.3.1/../../../../arm-none-eabi/lib/thumb/v7-m/nofp/libc_nano.a(lib_a-findfp.o)
                0x000000000800e304                __sinit_lock_release
 .text.__sinit  0x000000000800e310       0x70 /home/son/st/stm32cubeide_1.11.0/plugins/com.st.stm32cube.ide.mcu.externaltools.gnu-tools-for-stm32.10.3-2021.10.linux64_1.0.100.202210260954/tools/bin/../lib/gcc/arm-none-eabi/10.3.1/../../../../arm-none-eabi/lib/thumb/v7-m/nofp/libc_nano.a(lib_a-findfp.o)
                0x000000000800e310                __sinit
 .text.__sfp    0x000000000800e380       0x8c /home/son/st/stm32cubeide_1.11.0/plugins/com.st.stm32cube.ide.mcu.externaltools.gnu-tools-for-stm32.10.3-2021.10.linux64_1.0.100.202210260954/tools/bin/../lib/gcc/arm-none-eabi/10.3.1/../../../../arm-none-eabi/lib/thumb/v7-m/nofp/libc_nano.a(lib_a-findfp.o)
                0x000000000800e380                __sfp
 .text._fwalk_reent
                0x000000000800e40c       0x3e /home/son/st/stm32cubeide_1.11.0/plugins/com.st.stm32cube.ide.mcu.externaltools.gnu-tools-for-stm32.10.3-2021.10.linux64_1.0.100.202210260954/tools/bin/../lib/gcc/arm-none-eabi/10.3.1/../../../../arm-none-eabi/lib/thumb/v7-m/nofp/libc_nano.a(lib_a-fwalk.o)
                0x000000000800e40c                _fwalk_reent
 *fill*         0x000000000800e44a        0x2 
 .text.__libc_init_array
                0x000000000800e44c       0x48 /home/son/st/stm32cubeide_1.11.0/plugins/com.st.stm32cube.ide.mcu.externaltools.gnu-tools-for-stm32.10.3-2021.10.linux64_1.0.100.202210260954/tools/bin/../lib/gcc/arm-none-eabi/10.3.1/../../../../arm-none-eabi/lib/thumb/v7-m/nofp/libc_nano.a(lib_a-init.o)
                0x000000000800e44c                __libc_init_array
 .text.__retarget_lock_init_recursive
                0x000000000800e494        0x2 /home/son/st/stm32cubeide_1.11.0/plugins/com.st.stm32cube.ide.mcu.externaltools.gnu-tools-for-stm32.10.3-2021.10.linux64_1.0.100.202210260954/tools/bin/../lib/gcc/arm-none-eabi/10.3.1/../../../../arm-none-eabi/lib/thumb/v7-m/nofp/libc_nano.a(lib_a-lock.o)
                0x000000000800e494                __retarget_lock_init_recursive
 .text.__retarget_lock_acquire_recursive
                0x000000000800e496        0x2 /home/son/st/stm32cubeide_1.11.0/plugins/com.st.stm32cube.ide.mcu.externaltools.gnu-tools-for-stm32.10.3-2021.10.linux64_1.0.100.202210260954/tools/bin/../lib/gcc/arm-none-eabi/10.3.1/../../../../arm-none-eabi/lib/thumb/v7-m/nofp/libc_nano.a(lib_a-lock.o)
                0x000000000800e496                __retarget_lock_acquire_recursive
 .text.__retarget_lock_release_recursive
                0x000000000800e498        0x2 /home/son/st/stm32cubeide_1.11.0/plugins/com.st.stm32cube.ide.mcu.externaltools.gnu-tools-for-stm32.10.3-2021.10.linux64_1.0.100.202210260954/tools/bin/../lib/gcc/arm-none-eabi/10.3.1/../../../../arm-none-eabi/lib/thumb/v7-m/nofp/libc_nano.a(lib_a-lock.o)
                0x000000000800e498                __retarget_lock_release_recursive
 .text.memcpy   0x000000000800e49a       0x1c /home/son/st/stm32cubeide_1.11.0/plugins/com.st.stm32cube.ide.mcu.externaltools.gnu-tools-for-stm32.10.3-2021.10.linux64_1.0.100.202210260954/tools/bin/../lib/gcc/arm-none-eabi/10.3.1/../../../../arm-none-eabi/lib/thumb/v7-m/nofp/libc_nano.a(lib_a-memcpy-stub.o)
                0x000000000800e49a                memcpy
 .text.memset   0x000000000800e4b6       0x10 /home/son/st/stm32cubeide_1.11.0/plugins/com.st.stm32cube.ide.mcu.externaltools.gnu-tools-for-stm32.10.3-2021.10.linux64_1.0.100.202210260954/tools/bin/../lib/gcc/arm-none-eabi/10.3.1/../../../../arm-none-eabi/lib/thumb/v7-m/nofp/libc_nano.a(lib_a-memset.o)
                0x000000000800e4b6                memset
 *fill*         0x000000000800e4c6        0x2 
 .text.sbrk_aligned
                0x000000000800e4c8       0x40 /home/son/st/stm32cubeide_1.11.0/plugins/com.st.stm32cube.ide.mcu.externaltools.gnu-tools-for-stm32.10.3-2021.10.linux64_1.0.100.202210260954/tools/bin/../lib/gcc/arm-none-eabi/10.3.1/../../../../arm-none-eabi/lib/thumb/v7-m/nofp/libc_nano.a(lib_a-nano-mallocr.o)
 .text._malloc_r
                0x000000000800e508       0xe8 /home/son/st/stm32cubeide_1.11.0/plugins/com.st.stm32cube.ide.mcu.externaltools.gnu-tools-for-stm32.10.3-2021.10.linux64_1.0.100.202210260954/tools/bin/../lib/gcc/arm-none-eabi/10.3.1/../../../../arm-none-eabi/lib/thumb/v7-m/nofp/libc_nano.a(lib_a-nano-mallocr.o)
                0x000000000800e508                _malloc_r
 .text.__cvt    0x000000000800e5f0       0xbe /home/son/st/stm32cubeide_1.11.0/plugins/com.st.stm32cube.ide.mcu.externaltools.gnu-tools-for-stm32.10.3-2021.10.linux64_1.0.100.202210260954/tools/bin/../lib/gcc/arm-none-eabi/10.3.1/../../../../arm-none-eabi/lib/thumb/v7-m/nofp/libc_nano.a(lib_a-nano-vfprintf_float.o)
                0x000000000800e5f0                __cvt
 .text.__exponent
                0x000000000800e6ae       0x7c /home/son/st/stm32cubeide_1.11.0/plugins/com.st.stm32cube.ide.mcu.externaltools.gnu-tools-for-stm32.10.3-2021.10.linux64_1.0.100.202210260954/tools/bin/../lib/gcc/arm-none-eabi/10.3.1/../../../../arm-none-eabi/lib/thumb/v7-m/nofp/libc_nano.a(lib_a-nano-vfprintf_float.o)
                0x000000000800e6ae                __exponent
 *fill*         0x000000000800e72a        0x2 
 .text._printf_float
                0x000000000800e72c      0x458 /home/son/st/stm32cubeide_1.11.0/plugins/com.st.stm32cube.ide.mcu.externaltools.gnu-tools-for-stm32.10.3-2021.10.linux64_1.0.100.202210260954/tools/bin/../lib/gcc/arm-none-eabi/10.3.1/../../../../arm-none-eabi/lib/thumb/v7-m/nofp/libc_nano.a(lib_a-nano-vfprintf_float.o)
                0x000000000800e72c                _printf_float
 .text._printf_common
                0x000000000800eb84       0xde /home/son/st/stm32cubeide_1.11.0/plugins/com.st.stm32cube.ide.mcu.externaltools.gnu-tools-for-stm32.10.3-2021.10.linux64_1.0.100.202210260954/tools/bin/../lib/gcc/arm-none-eabi/10.3.1/../../../../arm-none-eabi/lib/thumb/v7-m/nofp/libc_nano.a(lib_a-nano-vfprintf_i.o)
                0x000000000800eb84                _printf_common
 *fill*         0x000000000800ec62        0x2 
 .text._printf_i
                0x000000000800ec64      0x24c /home/son/st/stm32cubeide_1.11.0/plugins/com.st.stm32cube.ide.mcu.externaltools.gnu-tools-for-stm32.10.3-2021.10.linux64_1.0.100.202210260954/tools/bin/../lib/gcc/arm-none-eabi/10.3.1/../../../../arm-none-eabi/lib/thumb/v7-m/nofp/libc_nano.a(lib_a-nano-vfprintf_i.o)
                0x000000000800ec64                _printf_i
 .text.cleanup_glue
                0x000000000800eeb0       0x1a /home/son/st/stm32cubeide_1.11.0/plugins/com.st.stm32cube.ide.mcu.externaltools.gnu-tools-for-stm32.10.3-2021.10.linux64_1.0.100.202210260954/tools/bin/../lib/gcc/arm-none-eabi/10.3.1/../../../../arm-none-eabi/lib/thumb/v7-m/nofp/libc_nano.a(lib_a-reent.o)
                0x000000000800eeb0                cleanup_glue
 *fill*         0x000000000800eeca        0x2 
 .text._reclaim_reent
                0x000000000800eecc       0xb8 /home/son/st/stm32cubeide_1.11.0/plugins/com.st.stm32cube.ide.mcu.externaltools.gnu-tools-for-stm32.10.3-2021.10.linux64_1.0.100.202210260954/tools/bin/../lib/gcc/arm-none-eabi/10.3.1/../../../../arm-none-eabi/lib/thumb/v7-m/nofp/libc_nano.a(lib_a-reent.o)
                0x000000000800eecc                _reclaim_reent
 .text._sbrk_r  0x000000000800ef84       0x20 /home/son/st/stm32cubeide_1.11.0/plugins/com.st.stm32cube.ide.mcu.externaltools.gnu-tools-for-stm32.10.3-2021.10.linux64_1.0.100.202210260954/tools/bin/../lib/gcc/arm-none-eabi/10.3.1/../../../../arm-none-eabi/lib/thumb/v7-m/nofp/libc_nano.a(lib_a-sbrkr.o)
                0x000000000800ef84                _sbrk_r
 .text.sprintf  0x000000000800efa4       0x40 /home/son/st/stm32cubeide_1.11.0/plugins/com.st.stm32cube.ide.mcu.externaltools.gnu-tools-for-stm32.10.3-2021.10.linux64_1.0.100.202210260954/tools/bin/../lib/gcc/arm-none-eabi/10.3.1/../../../../arm-none-eabi/lib/thumb/v7-m/nofp/libc_nano.a(lib_a-sprintf.o)
                0x000000000800efa4                sprintf
                0x000000000800efa4                siprintf
 .text.__sread  0x000000000800efe4       0x22 /home/son/st/stm32cubeide_1.11.0/plugins/com.st.stm32cube.ide.mcu.externaltools.gnu-tools-for-stm32.10.3-2021.10.linux64_1.0.100.202210260954/tools/bin/../lib/gcc/arm-none-eabi/10.3.1/../../../../arm-none-eabi/lib/thumb/v7-m/nofp/libc_nano.a(lib_a-stdio.o)
                0x000000000800efe4                __sread
 .text.__swrite
                0x000000000800f006       0x38 /home/son/st/stm32cubeide_1.11.0/plugins/com.st.stm32cube.ide.mcu.externaltools.gnu-tools-for-stm32.10.3-2021.10.linux64_1.0.100.202210260954/tools/bin/../lib/gcc/arm-none-eabi/10.3.1/../../../../arm-none-eabi/lib/thumb/v7-m/nofp/libc_nano.a(lib_a-stdio.o)
                0x000000000800f006                __swrite
 .text.__sseek  0x000000000800f03e       0x24 /home/son/st/stm32cubeide_1.11.0/plugins/com.st.stm32cube.ide.mcu.externaltools.gnu-tools-for-stm32.10.3-2021.10.linux64_1.0.100.202210260954/tools/bin/../lib/gcc/arm-none-eabi/10.3.1/../../../../arm-none-eabi/lib/thumb/v7-m/nofp/libc_nano.a(lib_a-stdio.o)
                0x000000000800f03e                __sseek
 .text.__sclose
                0x000000000800f062        0x8 /home/son/st/stm32cubeide_1.11.0/plugins/com.st.stm32cube.ide.mcu.externaltools.gnu-tools-for-stm32.10.3-2021.10.linux64_1.0.100.202210260954/tools/bin/../lib/gcc/arm-none-eabi/10.3.1/../../../../arm-none-eabi/lib/thumb/v7-m/nofp/libc_nano.a(lib_a-stdio.o)
                0x000000000800f062                __sclose
 .text.strcat   0x000000000800f06a       0x1e /home/son/st/stm32cubeide_1.11.0/plugins/com.st.stm32cube.ide.mcu.externaltools.gnu-tools-for-stm32.10.3-2021.10.linux64_1.0.100.202210260954/tools/bin/../lib/gcc/arm-none-eabi/10.3.1/../../../../arm-none-eabi/lib/thumb/v7-m/nofp/libc_nano.a(lib_a-strcat.o)
                0x000000000800f06a                strcat
 .text._write_r
                0x000000000800f088       0x24 /home/son/st/stm32cubeide_1.11.0/plugins/com.st.stm32cube.ide.mcu.externaltools.gnu-tools-for-stm32.10.3-2021.10.linux64_1.0.100.202210260954/tools/bin/../lib/gcc/arm-none-eabi/10.3.1/../../../../arm-none-eabi/lib/thumb/v7-m/nofp/libc_nano.a(lib_a-writer.o)
                0x000000000800f088                _write_r
 .text._close_r
                0x000000000800f0ac       0x20 /home/son/st/stm32cubeide_1.11.0/plugins/com.st.stm32cube.ide.mcu.externaltools.gnu-tools-for-stm32.10.3-2021.10.linux64_1.0.100.202210260954/tools/bin/../lib/gcc/arm-none-eabi/10.3.1/../../../../arm-none-eabi/lib/thumb/v7-m/nofp/libc_nano.a(lib_a-closer.o)
                0x000000000800f0ac                _close_r
 .text.quorem   0x000000000800f0cc      0x118 /home/son/st/stm32cubeide_1.11.0/plugins/com.st.stm32cube.ide.mcu.externaltools.gnu-tools-for-stm32.10.3-2021.10.linux64_1.0.100.202210260954/tools/bin/../lib/gcc/arm-none-eabi/10.3.1/../../../../arm-none-eabi/lib/thumb/v7-m/nofp/libc_nano.a(lib_a-dtoa.o)
 *fill*         0x000000000800f1e4        0x4 
 .text._dtoa_r  0x000000000800f1e8      0xbdc /home/son/st/stm32cubeide_1.11.0/plugins/com.st.stm32cube.ide.mcu.externaltools.gnu-tools-for-stm32.10.3-2021.10.linux64_1.0.100.202210260954/tools/bin/../lib/gcc/arm-none-eabi/10.3.1/../../../../arm-none-eabi/lib/thumb/v7-m/nofp/libc_nano.a(lib_a-dtoa.o)
                0x000000000800f1e8                _dtoa_r
 .text.__sflush_r
                0x000000000800fdc4      0x104 /home/son/st/stm32cubeide_1.11.0/plugins/com.st.stm32cube.ide.mcu.externaltools.gnu-tools-for-stm32.10.3-2021.10.linux64_1.0.100.202210260954/tools/bin/../lib/gcc/arm-none-eabi/10.3.1/../../../../arm-none-eabi/lib/thumb/v7-m/nofp/libc_nano.a(lib_a-fflush.o)
                0x000000000800fdc4                __sflush_r
 .text._fflush_r
                0x000000000800fec8       0x78 /home/son/st/stm32cubeide_1.11.0/plugins/com.st.stm32cube.ide.mcu.externaltools.gnu-tools-for-stm32.10.3-2021.10.linux64_1.0.100.202210260954/tools/bin/../lib/gcc/arm-none-eabi/10.3.1/../../../../arm-none-eabi/lib/thumb/v7-m/nofp/libc_nano.a(lib_a-fflush.o)
                0x000000000800fec8                _fflush_r
 .text._localeconv_r
                0x000000000800ff40        0x8 /home/son/st/stm32cubeide_1.11.0/plugins/com.st.stm32cube.ide.mcu.externaltools.gnu-tools-for-stm32.10.3-2021.10.linux64_1.0.100.202210260954/tools/bin/../lib/gcc/arm-none-eabi/10.3.1/../../../../arm-none-eabi/lib/thumb/v7-m/nofp/libc_nano.a(lib_a-localeconv.o)
                0x000000000800ff40                _localeconv_r
 .text._lseek_r
                0x000000000800ff48       0x24 /home/son/st/stm32cubeide_1.11.0/plugins/com.st.stm32cube.ide.mcu.externaltools.gnu-tools-for-stm32.10.3-2021.10.linux64_1.0.100.202210260954/tools/bin/../lib/gcc/arm-none-eabi/10.3.1/../../../../arm-none-eabi/lib/thumb/v7-m/nofp/libc_nano.a(lib_a-lseekr.o)
                0x000000000800ff48                _lseek_r
 .text.malloc   0x000000000800ff6c       0x10 /home/son/st/stm32cubeide_1.11.0/plugins/com.st.stm32cube.ide.mcu.externaltools.gnu-tools-for-stm32.10.3-2021.10.linux64_1.0.100.202210260954/tools/bin/../lib/gcc/arm-none-eabi/10.3.1/../../../../arm-none-eabi/lib/thumb/v7-m/nofp/libc_nano.a(lib_a-malloc.o)
                0x000000000800ff6c                malloc
 .text.memchr   0x000000000800ff7c       0x1c /home/son/st/stm32cubeide_1.11.0/plugins/com.st.stm32cube.ide.mcu.externaltools.gnu-tools-for-stm32.10.3-2021.10.linux64_1.0.100.202210260954/tools/bin/../lib/gcc/arm-none-eabi/10.3.1/../../../../arm-none-eabi/lib/thumb/v7-m/nofp/libc_nano.a(lib_a-memchr-stub.o)
                0x000000000800ff7c                memchr
 .text.__malloc_lock
                0x000000000800ff98        0xc /home/son/st/stm32cubeide_1.11.0/plugins/com.st.stm32cube.ide.mcu.externaltools.gnu-tools-for-stm32.10.3-2021.10.linux64_1.0.100.202210260954/tools/bin/../lib/gcc/arm-none-eabi/10.3.1/../../../../arm-none-eabi/lib/thumb/v7-m/nofp/libc_nano.a(lib_a-mlock.o)
                0x000000000800ff98                __malloc_lock
 .text.__malloc_unlock
                0x000000000800ffa4        0xc /home/son/st/stm32cubeide_1.11.0/plugins/com.st.stm32cube.ide.mcu.externaltools.gnu-tools-for-stm32.10.3-2021.10.linux64_1.0.100.202210260954/tools/bin/../lib/gcc/arm-none-eabi/10.3.1/../../../../arm-none-eabi/lib/thumb/v7-m/nofp/libc_nano.a(lib_a-mlock.o)
                0x000000000800ffa4                __malloc_unlock
 .text._Balloc  0x000000000800ffb0       0x80 /home/son/st/stm32cubeide_1.11.0/plugins/com.st.stm32cube.ide.mcu.externaltools.gnu-tools-for-stm32.10.3-2021.10.linux64_1.0.100.202210260954/tools/bin/../lib/gcc/arm-none-eabi/10.3.1/../../../../arm-none-eabi/lib/thumb/v7-m/nofp/libc_nano.a(lib_a-mprec.o)
                0x000000000800ffb0                _Balloc
 .text._Bfree   0x0000000008010030       0x44 /home/son/st/stm32cubeide_1.11.0/plugins/com.st.stm32cube.ide.mcu.externaltools.gnu-tools-for-stm32.10.3-2021.10.linux64_1.0.100.202210260954/tools/bin/../lib/gcc/arm-none-eabi/10.3.1/../../../../arm-none-eabi/lib/thumb/v7-m/nofp/libc_nano.a(lib_a-mprec.o)
                0x0000000008010030                _Bfree
 .text.__multadd
                0x0000000008010074       0x8c /home/son/st/stm32cubeide_1.11.0/plugins/com.st.stm32cube.ide.mcu.externaltools.gnu-tools-for-stm32.10.3-2021.10.linux64_1.0.100.202210260954/tools/bin/../lib/gcc/arm-none-eabi/10.3.1/../../../../arm-none-eabi/lib/thumb/v7-m/nofp/libc_nano.a(lib_a-mprec.o)
                0x0000000008010074                __multadd
 .text.__hi0bits
                0x0000000008010100       0x40 /home/son/st/stm32cubeide_1.11.0/plugins/com.st.stm32cube.ide.mcu.externaltools.gnu-tools-for-stm32.10.3-2021.10.linux64_1.0.100.202210260954/tools/bin/../lib/gcc/arm-none-eabi/10.3.1/../../../../arm-none-eabi/lib/thumb/v7-m/nofp/libc_nano.a(lib_a-mprec.o)
                0x0000000008010100                __hi0bits
 .text.__lo0bits
                0x0000000008010140       0x5a /home/son/st/stm32cubeide_1.11.0/plugins/com.st.stm32cube.ide.mcu.externaltools.gnu-tools-for-stm32.10.3-2021.10.linux64_1.0.100.202210260954/tools/bin/../lib/gcc/arm-none-eabi/10.3.1/../../../../arm-none-eabi/lib/thumb/v7-m/nofp/libc_nano.a(lib_a-mprec.o)
                0x0000000008010140                __lo0bits
 *fill*         0x000000000801019a        0x2 
 .text.__i2b    0x000000000801019c       0x2c /home/son/st/stm32cubeide_1.11.0/plugins/com.st.stm32cube.ide.mcu.externaltools.gnu-tools-for-stm32.10.3-2021.10.linux64_1.0.100.202210260954/tools/bin/../lib/gcc/arm-none-eabi/10.3.1/../../../../arm-none-eabi/lib/thumb/v7-m/nofp/libc_nano.a(lib_a-mprec.o)
                0x000000000801019c                __i2b
 .text.__multiply
                0x00000000080101c8      0x150 /home/son/st/stm32cubeide_1.11.0/plugins/com.st.stm32cube.ide.mcu.externaltools.gnu-tools-for-stm32.10.3-2021.10.linux64_1.0.100.202210260954/tools/bin/../lib/gcc/arm-none-eabi/10.3.1/../../../../arm-none-eabi/lib/thumb/v7-m/nofp/libc_nano.a(lib_a-mprec.o)
                0x00000000080101c8                __multiply
 .text.__pow5mult
                0x0000000008010318       0xb4 /home/son/st/stm32cubeide_1.11.0/plugins/com.st.stm32cube.ide.mcu.externaltools.gnu-tools-for-stm32.10.3-2021.10.linux64_1.0.100.202210260954/tools/bin/../lib/gcc/arm-none-eabi/10.3.1/../../../../arm-none-eabi/lib/thumb/v7-m/nofp/libc_nano.a(lib_a-mprec.o)
                0x0000000008010318                __pow5mult
 .text.__lshift
                0x00000000080103cc       0xe0 /home/son/st/stm32cubeide_1.11.0/plugins/com.st.stm32cube.ide.mcu.externaltools.gnu-tools-for-stm32.10.3-2021.10.linux64_1.0.100.202210260954/tools/bin/../lib/gcc/arm-none-eabi/10.3.1/../../../../arm-none-eabi/lib/thumb/v7-m/nofp/libc_nano.a(lib_a-mprec.o)
                0x00000000080103cc                __lshift
 .text.__mcmp   0x00000000080104ac       0x36 /home/son/st/stm32cubeide_1.11.0/plugins/com.st.stm32cube.ide.mcu.externaltools.gnu-tools-for-stm32.10.3-2021.10.linux64_1.0.100.202210260954/tools/bin/../lib/gcc/arm-none-eabi/10.3.1/../../../../arm-none-eabi/lib/thumb/v7-m/nofp/libc_nano.a(lib_a-mprec.o)
                0x00000000080104ac                __mcmp
 *fill*         0x00000000080104e2        0x2 
 .text.__mdiff  0x00000000080104e4      0x118 /home/son/st/stm32cubeide_1.11.0/plugins/com.st.stm32cube.ide.mcu.externaltools.gnu-tools-for-stm32.10.3-2021.10.linux64_1.0.100.202210260954/tools/bin/../lib/gcc/arm-none-eabi/10.3.1/../../../../arm-none-eabi/lib/thumb/v7-m/nofp/libc_nano.a(lib_a-mprec.o)
                0x00000000080104e4                __mdiff
 .text.__d2b    0x00000000080105fc       0xb8 /home/son/st/stm32cubeide_1.11.0/plugins/com.st.stm32cube.ide.mcu.externaltools.gnu-tools-for-stm32.10.3-2021.10.linux64_1.0.100.202210260954/tools/bin/../lib/gcc/arm-none-eabi/10.3.1/../../../../arm-none-eabi/lib/thumb/v7-m/nofp/libc_nano.a(lib_a-mprec.o)
                0x00000000080105fc                __d2b
 .text._calloc_r
                0x00000000080106b4       0x28 /home/son/st/stm32cubeide_1.11.0/plugins/com.st.stm32cube.ide.mcu.externaltools.gnu-tools-for-stm32.10.3-2021.10.linux64_1.0.100.202210260954/tools/bin/../lib/gcc/arm-none-eabi/10.3.1/../../../../arm-none-eabi/lib/thumb/v7-m/nofp/libc_nano.a(lib_a-nano-callocr.o)
                0x00000000080106b4                _calloc_r
 .text._free_r  0x00000000080106dc       0x90 /home/son/st/stm32cubeide_1.11.0/plugins/com.st.stm32cube.ide.mcu.externaltools.gnu-tools-for-stm32.10.3-2021.10.linux64_1.0.100.202210260954/tools/bin/../lib/gcc/arm-none-eabi/10.3.1/../../../../arm-none-eabi/lib/thumb/v7-m/nofp/libc_nano.a(lib_a-nano-freer.o)
                0x00000000080106dc                _free_r
 .text.__ssputs_r
                0x000000000801076c       0xb6 /home/son/st/stm32cubeide_1.11.0/plugins/com.st.stm32cube.ide.mcu.externaltools.gnu-tools-for-stm32.10.3-2021.10.linux64_1.0.100.202210260954/tools/bin/../lib/gcc/arm-none-eabi/10.3.1/../../../../arm-none-eabi/lib/thumb/v7-m/nofp/libc_nano.a(lib_a-nano-svfprintf.o)
                0x000000000801076c                __ssputs_r
 *fill*         0x0000000008010822        0x2 
 .text._svfprintf_r
                0x0000000008010824      0x200 /home/son/st/stm32cubeide_1.11.0/plugins/com.st.stm32cube.ide.mcu.externaltools.gnu-tools-for-stm32.10.3-2021.10.linux64_1.0.100.202210260954/tools/bin/../lib/gcc/arm-none-eabi/10.3.1/../../../../arm-none-eabi/lib/thumb/v7-m/nofp/libc_nano.a(lib_a-nano-svfprintf.o)
                0x0000000008010824                _svfprintf_r
                0x0000000008010824                _svfiprintf_r
 .text._read_r  0x0000000008010a24       0x24 /home/son/st/stm32cubeide_1.11.0/plugins/com.st.stm32cube.ide.mcu.externaltools.gnu-tools-for-stm32.10.3-2021.10.linux64_1.0.100.202210260954/tools/bin/../lib/gcc/arm-none-eabi/10.3.1/../../../../arm-none-eabi/lib/thumb/v7-m/nofp/libc_nano.a(lib_a-readr.o)
                0x0000000008010a24                _read_r
 .text.__assert_func
                0x0000000008010a48       0x3c /home/son/st/stm32cubeide_1.11.0/plugins/com.st.stm32cube.ide.mcu.externaltools.gnu-tools-for-stm32.10.3-2021.10.linux64_1.0.100.202210260954/tools/bin/../lib/gcc/arm-none-eabi/10.3.1/../../../../arm-none-eabi/lib/thumb/v7-m/nofp/libc_nano.a(lib_a-assert.o)
                0x0000000008010a48                __assert_func
 .text.fprintf  0x0000000008010a84       0x24 /home/son/st/stm32cubeide_1.11.0/plugins/com.st.stm32cube.ide.mcu.externaltools.gnu-tools-for-stm32.10.3-2021.10.linux64_1.0.100.202210260954/tools/bin/../lib/gcc/arm-none-eabi/10.3.1/../../../../arm-none-eabi/lib/thumb/v7-m/nofp/libc_nano.a(lib_a-fprintf.o)
                0x0000000008010a84                fprintf
                0x0000000008010a84                fiprintf
 .text.__ascii_mbtowc
                0x0000000008010aa8       0x24 /home/son/st/stm32cubeide_1.11.0/plugins/com.st.stm32cube.ide.mcu.externaltools.gnu-tools-for-stm32.10.3-2021.10.linux64_1.0.100.202210260954/tools/bin/../lib/gcc/arm-none-eabi/10.3.1/../../../../arm-none-eabi/lib/thumb/v7-m/nofp/libc_nano.a(lib_a-mbtowc_r.o)
                0x0000000008010aa8                __ascii_mbtowc
 .text.memmove  0x0000000008010acc       0x34 /home/son/st/stm32cubeide_1.11.0/plugins/com.st.stm32cube.ide.mcu.externaltools.gnu-tools-for-stm32.10.3-2021.10.linux64_1.0.100.202210260954/tools/bin/../lib/gcc/arm-none-eabi/10.3.1/../../../../arm-none-eabi/lib/thumb/v7-m/nofp/libc_nano.a(lib_a-memmove.o)
                0x0000000008010acc                memmove
 .text._realloc_r
                0x0000000008010b00       0x5e /home/son/st/stm32cubeide_1.11.0/plugins/com.st.stm32cube.ide.mcu.externaltools.gnu-tools-for-stm32.10.3-2021.10.linux64_1.0.100.202210260954/tools/bin/../lib/gcc/arm-none-eabi/10.3.1/../../../../arm-none-eabi/lib/thumb/v7-m/nofp/libc_nano.a(lib_a-nano-reallocr.o)
                0x0000000008010b00                _realloc_r
 .text.__sfputc_r
                0x0000000008010b5e       0x2a /home/son/st/stm32cubeide_1.11.0/plugins/com.st.stm32cube.ide.mcu.externaltools.gnu-tools-for-stm32.10.3-2021.10.linux64_1.0.100.202210260954/tools/bin/../lib/gcc/arm-none-eabi/10.3.1/../../../../arm-none-eabi/lib/thumb/v7-m/nofp/libc_nano.a(lib_a-nano-vfprintf.o)
 .text.__sfputs_r
                0x0000000008010b88       0x24 /home/son/st/stm32cubeide_1.11.0/plugins/com.st.stm32cube.ide.mcu.externaltools.gnu-tools-for-stm32.10.3-2021.10.linux64_1.0.100.202210260954/tools/bin/../lib/gcc/arm-none-eabi/10.3.1/../../../../arm-none-eabi/lib/thumb/v7-m/nofp/libc_nano.a(lib_a-nano-vfprintf.o)
                0x0000000008010b88                __sfputs_r
 .text._vfprintf_r
                0x0000000008010bac      0x260 /home/son/st/stm32cubeide_1.11.0/plugins/com.st.stm32cube.ide.mcu.externaltools.gnu-tools-for-stm32.10.3-2021.10.linux64_1.0.100.202210260954/tools/bin/../lib/gcc/arm-none-eabi/10.3.1/../../../../arm-none-eabi/lib/thumb/v7-m/nofp/libc_nano.a(lib_a-nano-vfprintf.o)
                0x0000000008010bac                _vfiprintf_r
                0x0000000008010bac                _vfprintf_r
 .text.__swbuf_r
                0x0000000008010e0c       0xa4 /home/son/st/stm32cubeide_1.11.0/plugins/com.st.stm32cube.ide.mcu.externaltools.gnu-tools-for-stm32.10.3-2021.10.linux64_1.0.100.202210260954/tools/bin/../lib/gcc/arm-none-eabi/10.3.1/../../../../arm-none-eabi/lib/thumb/v7-m/nofp/libc_nano.a(lib_a-wbuf.o)
                0x0000000008010e0c                __swbuf_r
 .text.__ascii_wctomb
                0x0000000008010eb0       0x1a /home/son/st/stm32cubeide_1.11.0/plugins/com.st.stm32cube.ide.mcu.externaltools.gnu-tools-for-stm32.10.3-2021.10.linux64_1.0.100.202210260954/tools/bin/../lib/gcc/arm-none-eabi/10.3.1/../../../../arm-none-eabi/lib/thumb/v7-m/nofp/libc_nano.a(lib_a-wctomb_r.o)
                0x0000000008010eb0                __ascii_wctomb
 *fill*         0x0000000008010eca        0x2 
 .text.__swsetup_r
                0x0000000008010ecc       0xdc /home/son/st/stm32cubeide_1.11.0/plugins/com.st.stm32cube.ide.mcu.externaltools.gnu-tools-for-stm32.10.3-2021.10.linux64_1.0.100.202210260954/tools/bin/../lib/gcc/arm-none-eabi/10.3.1/../../../../arm-none-eabi/lib/thumb/v7-m/nofp/libc_nano.a(lib_a-wsetup.o)
                0x0000000008010ecc                __swsetup_r
 .text.abort    0x0000000008010fa8        0xe /home/son/st/stm32cubeide_1.11.0/plugins/com.st.stm32cube.ide.mcu.externaltools.gnu-tools-for-stm32.10.3-2021.10.linux64_1.0.100.202210260954/tools/bin/../lib/gcc/arm-none-eabi/10.3.1/../../../../arm-none-eabi/lib/thumb/v7-m/nofp/libc_nano.a(lib_a-abort.o)
                0x0000000008010fa8                abort
 .text.__swhatbuf_r