Archive member included to satisfy reference by file (symbol)

/media/son/Data/Embedded_Systems/Document/Tool/Arm_GNU_Toolchain/gcc-arm-11.2-2022.02-x86_64-arm-none-eabi/bin/../lib/gcc/arm-none-eabi/11.2.1/../../../../arm-none-eabi/lib/thumb/v7-m/nofp/libc_nano.a(lib_a-exit.o)
                              /media/son/Data/Embedded_Systems/Document/Tool/Arm_GNU_Toolchain/gcc-arm-11.2-2022.02-x86_64-arm-none-eabi/bin/../lib/gcc/arm-none-eabi/11.2.1/../../../../arm-none-eabi/lib/thumb/v7-m/nofp/crt0.o (exit)
/media/son/Data/Embedded_Systems/Document/Tool/Arm_GNU_Toolchain/gcc-arm-11.2-2022.02-x86_64-arm-none-eabi/bin/../lib/gcc/arm-none-eabi/11.2.1/../../../../arm-none-eabi/lib/thumb/v7-m/nofp/libc_nano.a(lib_a-impure.o)
                              /media/son/Data/Embedded_Systems/Document/Tool/Arm_GNU_Toolchain/gcc-arm-11.2-2022.02-x86_64-arm-none-eabi/bin/../lib/gcc/arm-none-eabi/11.2.1/../../../../arm-none-eabi/lib/thumb/v7-m/nofp/libc_nano.a(lib_a-exit.o) (_global_impure_ptr)
/media/son/Data/Embedded_Systems/Document/Tool/Arm_GNU_Toolchain/gcc-arm-11.2-2022.02-x86_64-arm-none-eabi/bin/../lib/gcc/arm-none-eabi/11.2.1/../../../../arm-none-eabi/lib/thumb/v7-m/nofp/libc_nano.a(lib_a-init.o)
                              /media/son/Data/Embedded_Systems/Document/Tool/Arm_GNU_Toolchain/gcc-arm-11.2-2022.02-x86_64-arm-none-eabi/bin/../lib/gcc/arm-none-eabi/11.2.1/../../../../arm-none-eabi/lib/thumb/v7-m/nofp/crt0.o (__libc_init_array)
/media/son/Data/Embedded_Systems/Document/Tool/Arm_GNU_Toolchain/gcc-arm-11.2-2022.02-x86_64-arm-none-eabi/bin/../lib/gcc/arm-none-eabi/11.2.1/../../../../arm-none-eabi/lib/thumb/v7-m/nofp/libc_nano.a(lib_a-memcpy-stub.o)
                              build/queue.o (memcpy)
/media/son/Data/Embedded_Systems/Document/Tool/Arm_GNU_Toolchain/gcc-arm-11.2-2022.02-x86_64-arm-none-eabi/bin/../lib/gcc/arm-none-eabi/11.2.1/../../../../arm-none-eabi/lib/thumb/v7-m/nofp/libc_nano.a(lib_a-memset.o)
                              /media/son/Data/Embedded_Systems/Document/Tool/Arm_GNU_Toolchain/gcc-arm-11.2-2022.02-x86_64-arm-none-eabi/bin/../lib/gcc/arm-none-eabi/11.2.1/../../../../arm-none-eabi/lib/thumb/v7-m/nofp/crt0.o (memset)
/media/son/Data/Embedded_Systems/Document/Tool/Arm_GNU_Toolchain/gcc-arm-11.2-2022.02-x86_64-arm-none-eabi/bin/../lib/gcc/arm-none-eabi/11.2.1/../../../../arm-none-eabi/lib/thumb/v7-m/nofp/libc_nano.a(lib_a-nano-vfprintf_float.o)
                              (_printf_float)
/media/son/Data/Embedded_Systems/Document/Tool/Arm_GNU_Toolchain/gcc-arm-11.2-2022.02-x86_64-arm-none-eabi/bin/../lib/gcc/arm-none-eabi/11.2.1/../../../../arm-none-eabi/lib/thumb/v7-m/nofp/libc_nano.a(lib_a-nano-vfprintf_i.o)
                              /media/son/Data/Embedded_Systems/Document/Tool/Arm_GNU_Toolchain/gcc-arm-11.2-2022.02-x86_64-arm-none-eabi/bin/../lib/gcc/arm-none-eabi/11.2.1/../../../../arm-none-eabi/lib/thumb/v7-m/nofp/libc_nano.a(lib_a-nano-vfprintf_float.o) (_printf_common)
/media/son/Data/Embedded_Systems/Document/Tool/Arm_GNU_Toolchain/gcc-arm-11.2-2022.02-x86_64-arm-none-eabi/bin/../lib/gcc/arm-none-eabi/11.2.1/../../../../arm-none-eabi/lib/thumb/v7-m/nofp/libc_nano.a(lib_a-reent.o)
                              build/tasks.o (_reclaim_reent)
/media/son/Data/Embedded_Systems/Document/Tool/Arm_GNU_Toolchain/gcc-arm-11.2-2022.02-x86_64-arm-none-eabi/bin/../lib/gcc/arm-none-eabi/11.2.1/../../../../arm-none-eabi/lib/thumb/v7-m/nofp/libc_nano.a(lib_a-sprintf.o)
                              build/Transmit_Data_Lora.o (sprintf)
/media/son/Data/Embedded_Systems/Document/Tool/Arm_GNU_Toolchain/gcc-arm-11.2-2022.02-x86_64-arm-none-eabi/bin/../lib/gcc/arm-none-eabi/11.2.1/../../../../arm-none-eabi/lib/thumb/v7-m/nofp/libc_nano.a(lib_a-strcat.o)
                              build/Transmit_Data_Lora.o (strcat)
/media/son/Data/Embedded_Systems/Document/Tool/Arm_GNU_Toolchain/gcc-arm-11.2-2022.02-x86_64-arm-none-eabi/bin/../lib/gcc/arm-none-eabi/11.2.1/../../../../arm-none-eabi/lib/thumb/v7-m/nofp/libc_nano.a(lib_a-strlen.o)
                              build/Transmit_Data_Lora.o (strlen)
/media/son/Data/Embedded_Systems/Document/Tool/Arm_GNU_Toolchain/gcc-arm-11.2-2022.02-x86_64-arm-none-eabi/bin/../lib/gcc/arm-none-eabi/11.2.1/../../../../arm-none-eabi/lib/thumb/v7-m/nofp/libc_nano.a(lib_a-dtoa.o)
                              /media/son/Data/Embedded_Systems/Document/Tool/Arm_GNU_Toolchain/gcc-arm-11.2-2022.02-x86_64-arm-none-eabi/bin/../lib/gcc/arm-none-eabi/11.2.1/../../../../arm-none-eabi/lib/thumb/v7-m/nofp/libc_nano.a(lib_a-nano-vfprintf_float.o) (_dtoa_r)
/media/son/Data/Embedded_Systems/Document/Tool/Arm_GNU_Toolchain/gcc-arm-11.2-2022.02-x86_64-arm-none-eabi/bin/../lib/gcc/arm-none-eabi/11.2.1/../../../../arm-none-eabi/lib/thumb/v7-m/nofp/libc_nano.a(lib_a-localeconv.o)
[...]
Memory Configuration

Name             Origin             Length             Attributes
RAM              0x0000000020000000 0x0000000000005000 xrw
FLASH            0x0000000008000000 0x0000000000020000 xr
*default*        0x0000000000000000 0xffffffffffffffff

Linker script and memory map

LOAD /media/son/Data/Embedded_Systems/Document/Tool/Arm_GNU_Toolchain/gcc-arm-11.2-2022.02-x86_64-arm-none-eabi/bin/../lib/gcc/arm-none-eabi/11.2.1/thumb/v7-m/nofp/crti.o
LOAD /media/son/Data/Embedded_Systems/Document/Tool/Arm_GNU_Toolchain/gcc-arm-11.2-2022.02-x86_64-arm-none-eabi/bin/../lib/gcc/arm-none-eabi/11.2.1/thumb/v7-m/nofp/crtbegin.o
LOAD /media/son/Data/Embedded_Systems/Document/Tool/Arm_GNU_Toolchain/gcc-arm-11.2-2022.02-x86_64-arm-none-eabi/bin/../lib/gcc/arm-none-eabi/11.2.1/../../../../arm-none-eabi/lib/thumb/v7-m/nofp/crt0.o
LOAD build/main.o
LOAD build/stm32f1xx_it.o
LOAD build/stm32f1xx_hal_msp.o
LOAD build/Debug_Program.o
LOAD build/Hpma115S0_Dust_Sensor.o
LOAD build/Mh_Z19B_Co2_Sensor.o
LOAD build/Sharp_G2y10_Dust_Sensor.o
LOAD build/BMP180_Air_Pressure_Sensor.o
LOAD build/Delay_Timer.o
LOAD build/Driver_74HC595.o
LOAD build/DHTxx_Humidity_Sensor.o
LOAD build/Transmit_Data_Lora.o
LOAD build/So2_Sensor_Hx711.o
LOAD build/LM335A_Sensor.o
LOAD build/CLCD_I2C.o
LOAD build/Display_LCD_Parameter.o
LOAD build/flash.o
LOAD build/Setup_Calibration_Sensor.o
LOAD build/Machine_Routine.o
LOAD build/stm32f1xx_hal_gpio_ex.o
LOAD build/stm32f1xx_hal_tim.o
LOAD build/stm32f1xx_hal_tim_ex.o
LOAD build/stm32f1xx_hal.o
LOAD build/stm32f1xx_hal_rcc.o
LOAD build/stm32f1xx_hal_rcc_ex.o
LOAD build/stm32f1xx_hal_gpio.o
LOAD build/stm32f1xx_hal_dma.o
LOAD build/stm32f1xx_hal_cortex.o
LOAD build/stm32f1xx_hal_pwr.o
LOAD build/stm32f1xx_hal_flash.o
LOAD build/stm32f1xx_hal_flash_ex.o
LOAD build/stm32f1xx_hal_exti.o
LOAD build/system_stm32f1xx.o
LOAD build/stm32f1xx_hal_timebase_tim.o
LOAD build/stm32f1xx_hal_adc.o
LOAD build/stm32f1xx_hal_adc_ex.o
LOAD build/stm32f1xx_hal_uart.o
LOAD build/stm32f1xx_hal_i2c.o
LOAD build/freertos.o
LOAD build/croutine.o
LOAD build/event_groups.o
LOAD build/list.o
LOAD build/queue.o
LOAD build/stream_buffer.o
LOAD build/tasks.o
LOAD build/timers.o
LOAD build/cmsis_os.o
LOAD build/heap_4.o
LOAD build/port.o
LOAD build/startup_stm32f103xb.o
LOAD /media/son/Data/Embedded_Systems/Document/Tool/Arm_GNU_Toolchain/gcc-arm-11.2-2022.02-x86_64-arm-none-eabi/bin/../lib/gcc/arm-none-eabi/11.2.1/../../../../arm-none-eabi/lib/thumb/v7-m/nofp/libc_nano.a
LOAD /media/son/Data/Embedded_Systems/Document/Tool/Arm_GNU_Toolchain/gcc-arm-11.2-2022.02-x86_64-arm-none-eabi/bin/../lib/gcc/arm-none-eabi/11.2.1/../../../../arm-none-eabi/lib/thumb/v7-m/nofp/libm.a
LOAD /media/son/Data/Embedded_Systems/Document/Tool/Arm_GNU_Toolchain/gcc-arm-11.2-2022.02-x86_64-arm-none-eabi/bin/../lib/gcc/arm-none-eabi/11.2.1/../../../../arm-none-eabi/lib/thumb/v7-m/nofp/libnosys.a
START GROUP
LOAD /media/son/Data/Embedded_Systems/Document/Tool/Arm_GNU_Toolchain/gcc-arm-11.2-2022.02-x86_64-arm-none-eabi/bin/../lib/gcc/arm-none-eabi/11.2.1/thumb/v7-m/nofp/libgcc.a
LOAD /media/son/Data/Embedded_Systems/Document/Tool/Arm_GNU_Toolchain/gcc-arm-11.2-2022.02-x86_64-arm-none-eabi/bin/../lib/gcc/arm-none-eabi/11.2.1/../../../../arm-none-eabi/lib/thumb/v7-m/nofp/libc_nano.a
END GROUP
START GROUP
LOAD /media/son/Data/Embedded_Systems/Document/Tool/Arm_GNU_Toolchain/gcc-arm-11.2-2022.02-x86_64-arm-none-eabi/bin/../lib/gcc/arm-none-eabi/11.2.1/thumb/v7-m/nofp/libgcc.a
LOAD /media/son/Data/Embedded_Systems/Document/Tool/Arm_GNU_Toolchain/gcc-arm-11.2-2022.02-x86_64-arm-none-eabi/bin/../lib/gcc/arm-none-eabi/11.2.1/../../../../arm-none-eabi/lib/thumb/v7-m/nofp/libc_nano.a
END GROUP
LOAD /media/son/Data/Embedded_Systems/Document/Tool/Arm_GNU_Toolchain/gcc-arm-11.2-2022.02-x86_64-arm-none-eabi/bin/../lib/gcc/arm-none-eabi/11.2.1/thumb/v7-m/nofp/crtend.o
LOAD /media/son/Data/Embedded_Systems/Document/Tool/Arm_GNU_Toolchain/gcc-arm-11.2-2022.02-x86_64-arm-none-eabi/bin/../lib/gcc/arm-none-eabi/11.2.1/thumb/v7-m/nofp/crtn.o
                0x0000000020005000                _estack = (ORIGIN (RAM) + LENGTH (RAM))
                0x0000000000000200                _Min_Heap_Size = 0x200
                0x0000000000000400                _Min_Stack_Size = 0x400

.isr_vector     0x0000000008000000      0x10c
                0x0000000008000000                . = ALIGN (0x4)
 *(.isr_vector)
 .isr_vector    0x0000000008000000      0x10c build/startup_stm32f103xb.o
                0x0000000008000000                g_pfnVectors
                0x000000000800010c                . = ALIGN (0x4)

.text           0x0000000008000110     0xd4f8
                0x0000000008000110                . = ALIGN (0x4)
 *(.text)
 .text          0x0000000008000110       0x10 /media/son/Data/Embedded_Systems/Document/Tool/Arm_GNU_Toolchain/gcc-arm-11.2-2022.02-x86_64-arm-none-eabi/bin/../lib/gcc/arm-none-eabi/11.2.1/../../../../arm-none-eabi/lib/thumb/v7-m/nofp/libc_nano.a(lib_a-strlen.o)
                0x0000000008000110                strlen
 .text          0x0000000008000120      0x378 /media/son/Data/Embedded_Systems/Document/Tool/Arm_GNU_Toolchain/gcc-arm-11.2-2022.02-x86_64-arm-none-eabi/bin/../lib/gcc/arm-none-eabi/11.2.1/thumb/v7-m/nofp/libgcc.a(_arm_addsubdf3.o)
                0x0000000008000120                __aeabi_drsub
                0x0000000008000128                __aeabi_dsub
                0x0000000008000128                __subdf3
                0x000000000800012c                __adddf3
                0x000000000800012c                __aeabi_dadd
                0x00000000080003a4                __aeabi_ui2d
                0x00000000080003a4                __floatunsidf
                0x00000000080003c4                __floatsidf
                0x00000000080003c4                __aeabi_i2d
                0x00000000080003e8                __extendsfdf2
                0x00000000080003e8                __aeabi_f2d
                0x000000000800042c                __aeabi_ul2d
                0x000000000800042c                __floatundidf
                0x000000000800043c                __floatdidf
                0x000000000800043c                __aeabi_l2d
 .text          0x0000000008000498      0x424 /media/son/Data/Embedded_Systems/Document/Tool/Arm_GNU_Toolchain/gcc-arm-11.2-2022.02-x86_64-arm-none-eabi/bin/../lib/gcc/arm-none-eabi/11.2.1/thumb/v7-m/nofp/libgcc.a(_arm_muldivdf3.o)
                0x0000000008000498                __aeabi_dmul
                0x0000000008000498                __muldf3
                0x00000000080006ec                __aeabi_ddiv
                0x00000000080006ec                __divdf3
 .text          0x00000000080008bc      0x110 /media/son/Data/Embedded_Systems/Document/Tool/Arm_GNU_Toolchain/gcc-arm-11.2-2022.02-x86_64-arm-none-eabi/bin/../lib/gcc/arm-none-eabi/11.2.1/thumb/v7-m/nofp/libgcc.a(_arm_cmpdf2.o)
                0x00000000080008bc                __gtdf2
                0x00000000080008bc                __gedf2
                0x00000000080008c4                __ltdf2
                0x00000000080008c4                __ledf2
                0x00000000080008cc                __cmpdf2
                0x00000000080008cc                __eqdf2
                0x00000000080008cc                __nedf2
                0x0000000008000948                __aeabi_cdrcmple
                0x0000000008000958                __aeabi_cdcmple
                0x0000000008000958                __aeabi_cdcmpeq
                0x0000000008000968                __aeabi_dcmpeq
                0x000000000800097c                __aeabi_dcmplt
                0x0000000008000990                __aeabi_dcmple
                0x00000000080009a4                __aeabi_dcmpge
                0x00000000080009b8                __aeabi_dcmpgt
 .text          0x00000000080009cc       0x2c /media/son/Data/Embedded_Systems/Document/Tool/Arm_GNU_Toolchain/gcc-arm-11.2-2022.02-x86_64-arm-none-eabi/bin/../lib/gcc/arm-none-eabi/11.2.1/thumb/v7-m/nofp/libgcc.a(_arm_unorddf2.o)
                0x00000000080009cc                __aeabi_dcmpun
                0x00000000080009cc                __unorddf2
 .text          0x00000000080009f8       0x50 /media/son/Data/Embedded_Systems/Document/Tool/Arm_GNU_Toolchain/gcc-arm-11.2-2022.02-x86_64-arm-none-eabi/bin/../lib/gcc/arm-none-eabi/11.2.1/thumb/v7-m/nofp/libgcc.a(_arm_fixdfsi.o)
                0x00000000080009f8                __fixdfsi
                0x00000000080009f8                __aeabi_d2iz
 .text          0x0000000008000a48       0xa0 /media/son/Data/Embedded_Systems/Document/Tool/Arm_GNU_Toolchain/gcc-arm-11.2-2022.02-x86_64-arm-none-eabi/bin/../lib/gcc/arm-none-eabi/11.2.1/thumb/v7-m/nofp/libgcc.a(_arm_truncdfsf2.o)
                0x0000000008000a48                __aeabi_d2f
                0x0000000008000a48                __truncdfsf2
 .text          0x0000000008000ae8      0x21c /media/son/Data/Embedded_Systems/Document/Tool/Arm_GNU_Toolchain/gcc-arm-11.2-2022.02-x86_64-arm-none-eabi/bin/../lib/gcc/arm-none-eabi/11.2.1/thumb/v7-m/nofp/libgcc.a(_arm_addsubsf3.o)
                0x0000000008000ae8                __aeabi_frsub
                0x0000000008000af0                __subsf3
                0x0000000008000af0                __aeabi_fsub
                0x0000000008000af4                __aeabi_fadd
                0x0000000008000af4                __addsf3
                0x0000000008000c54                __aeabi_ui2f
                0x0000000008000c54                __floatunsisf
                0x0000000008000c5c                __aeabi_i2f
                0x0000000008000c5c                __floatsisf
                0x0000000008000c78                __floatundisf
                0x0000000008000c78                __aeabi_ul2f
                0x0000000008000c88                __floatdisf
                0x0000000008000c88                __aeabi_l2f
 .text          0x0000000008000d04      0x2a0 /media/son/Data/Embedded_Systems/Document/Tool/Arm_GNU_Toolchain/gcc-arm-11.2-2022.02-x86_64-arm-none-eabi/bin/../lib/gcc/arm-none-eabi/11.2.1/thumb/v7-m/nofp/libgcc.a(_arm_muldivsf3.o)
                0x0000000008000d04                __mulsf3
                0x0000000008000d04                __aeabi_fmul
                0x0000000008000e6c                __divsf3
                0x0000000008000e6c                __aeabi_fdiv
 .text          0x0000000008000fa4       0xec /media/son/Data/Embedded_Systems/Document/Tool/Arm_GNU_Toolchain/gcc-arm-11.2-2022.02-x86_64-arm-none-eabi/bin/../lib/gcc/arm-none-eabi/11.2.1/thumb/v7-m/nofp/libgcc.a(_arm_cmpsf2.o)
                0x0000000008000fa4                __gtsf2
                0x0000000008000fa4                __gesf2
                0x0000000008000fac                __lesf2
                0x0000000008000fac                __ltsf2
                0x0000000008000fb4                __nesf2
                0x0000000008000fb4                __eqsf2
                0x0000000008000fb4                __cmpsf2
                0x0000000008001014                __aeabi_cfrcmple
                0x000000000800101c                __aeabi_cfcmple
                0x000000000800101c                __aeabi_cfcmpeq
                0x000000000800102c                __aeabi_fcmpeq
                0x0000000008001040                __aeabi_fcmplt
                0x0000000008001054                __aeabi_fcmple
                0x0000000008001068                __aeabi_fcmpge
                0x000000000800107c                __aeabi_fcmpgt
 .text          0x0000000008001090       0x4c /media/son/Data/Embedded_Systems/Document/Tool/Arm_GNU_Toolchain/gcc-arm-11.2-2022.02-x86_64-arm-none-eabi/bin/../lib/gcc/arm-none-eabi/11.2.1/thumb/v7-m/nofp/libgcc.a(_arm_fixsfsi.o)
                0x0000000008001090                __fixsfsi
                0x0000000008001090                __aeabi_f2iz
 .text          0x00000000080010dc       0x40 /media/son/Data/Embedded_Systems/Document/Tool/Arm_GNU_Toolchain/gcc-arm-11.2-2022.02-x86_64-arm-none-eabi/bin/../lib/gcc/arm-none-eabi/11.2.1/thumb/v7-m/nofp/libgcc.a(_arm_fixunssfsi.o)
                0x00000000080010dc                __aeabi_f2uiz
                0x00000000080010dc                __fixunssfsi
 .text          0x000000000800111c       0xa0 /media/son/Data/Embedded_Systems/Document/Tool/Arm_GNU_Toolchain/gcc-arm-11.2-2022.02-x86_64-arm-none-eabi/bin/../lib/gcc/arm-none-eabi/11.2.1/thumb/v7-m/nofp/libgcc.a(_aeabi_ldivmod.o)
                0x000000000800111c                __aeabi_ldivmod
 .text          0x00000000080011bc        0x4 /media/son/Data/Embedded_Systems/Document/Tool/Arm_GNU_Toolchain/gcc-arm-11.2-2022.02-x86_64-arm-none-eabi/bin/../lib/gcc/arm-none-eabi/11.2.1/thumb/v7-m/nofp/libgcc.a(_dvmd_tls.o)
                0x00000000080011bc                __aeabi_ldiv0
                0x00000000080011bc                __aeabi_idiv0
 *(.text*)
 .text.deregister_tm_clones
                0x00000000080011c0       0x1c /media/son/Data/Embedded_Systems/Document/Tool/Arm_GNU_Toolchain/gcc-arm-11.2-2022.02-x86_64-arm-none-eabi/bin/../lib/gcc/arm-none-eabi/11.2.1/thumb/v7-m/nofp/crtbegin.o
 .text.register_tm_clones
                0x00000000080011dc       0x24 /media/son/Data/Embedded_Systems/Document/Tool/Arm_GNU_Toolchain/gcc-arm-11.2-2022.02-x86_64-arm-none-eabi/bin/../lib/gcc/arm-none-eabi/11.2.1/thumb/v7-m/nofp/crtbegin.o
 .text.__do_global_dtors_aux
                0x0000000008001200       0x28 /media/son/Data/Embedded_Systems/Document/Tool/Arm_GNU_Toolchain/gcc-arm-11.2-2022.02-x86_64-arm-none-eabi/bin/../lib/gcc/arm-none-eabi/11.2.1/thumb/v7-m/nofp/crtbegin.o
 .text.frame_dummy
                0x0000000008001228       0x24 /media/son/Data/Embedded_Systems/Document/Tool/Arm_GNU_Toolchain/gcc-arm-11.2-2022.02-x86_64-arm-none-eabi/bin/../lib/gcc/arm-none-eabi/11.2.1/thumb/v7-m/nofp/crtbegin.o
 .text.MX_GPIO_Init
                0x000000000800124c      0x180 build/main.o
 .text.MX_DMA_Init
                0x00000000080013cc       0x34 build/main.o
 .text.HAL_TIM_PeriodElapsedCallback
                0x0000000008001400       0x94 build/main.o
                0x0000000008001400                HAL_TIM_PeriodElapsedCallback
 .text.Error_Handler
                0x0000000008001494        0x4 build/main.o
                0x0000000008001494                Error_Handler
 .text.MX_ADC1_Init
                0x0000000008001498       0x34 build/main.o
 .text.MX_USART1_UART_Init
                0x00000000080014cc       0x34 build/main.o
 .text.MX_USART2_UART_Init
                0x0000000008001500       0x34 build/main.o
 .text.MX_USART3_UART_Init
                0x0000000008001534       0x34 build/main.o
 .text.MX_TIM2_Init
                0x0000000008001568       0x68 build/main.o
 .text.MX_I2C2_Init
                0x00000000080015d0       0x38 build/main.o
 .text.MX_TIM3_Init
                0x0000000008001608       0x6c build/main.o
 .text.SystemClock_Config
                0x0000000008001674       0x84 build/main.o
                0x0000000008001674                SystemClock_Config
 .text.main     0x00000000080016f8       0x3c build/main.o
                0x00000000080016f8                main
 .text.NMI_Handler
                0x0000000008001734        0x2 build/stm32f1xx_it.o
                0x0000000008001734                NMI_Handler
 .text.HardFault_Handler
                0x0000000008001736        0x2 build/stm32f1xx_it.o
                0x0000000008001736                HardFault_Handler
 .text.MemManage_Handler
                0x0000000008001738        0x2 build/stm32f1xx_it.o
                0x0000000008001738                MemManage_Handler
 .text.BusFault_Handler
                0x000000000800173a        0x2 build/stm32f1xx_it.o
                0x000000000800173a                BusFault_Handler
 .text.UsageFault_Handler
                0x000000000800173c        0x2 build/stm32f1xx_it.o
                0x000000000800173c                UsageFault_Handler
 .text.DebugMon_Handler
                0x000000000800173e        0x2 build/stm32f1xx_it.o
                0x000000000800173e                DebugMon_Handler
 .text.DMA1_Channel1_IRQHandler
                0x0000000008001740       0x10 build/stm32f1xx_it.o
                0x0000000008001740                DMA1_Channel1_IRQHandler
 .text.TIM1_UP_IRQHandler
                0x0000000008001750       0x10 build/stm32f1xx_it.o
                0x0000000008001750                TIM1_UP_IRQHandler
 .text.TIM3_IRQHandler
                0x0000000008001760       0x10 build/stm32f1xx_it.o
                0x0000000008001760                TIM3_IRQHandler
 .text.HAL_MspInit
                0x0000000008001770       0x54 build/stm32f1xx_hal_msp.o
                0x0000000008001770                HAL_MspInit
 .text.HAL_ADC_MspInit
                0x00000000080017c4       0x9c build/stm32f1xx_hal_msp.o
                0x00000000080017c4                HAL_ADC_MspInit
 .text.HAL_I2C_MspInit
                0x0000000008001860       0x64 build/stm32f1xx_hal_msp.o
                0x0000000008001860                HAL_I2C_MspInit
 .text.HAL_TIM_Base_MspInit
                0x00000000080018c4       0x60 build/stm32f1xx_hal_msp.o
                0x00000000080018c4                HAL_TIM_Base_MspInit
 .text.HAL_UART_MspInit
                0x0000000008001924      0x148 build/stm32f1xx_hal_msp.o
                0x0000000008001924                HAL_UART_MspInit
 .text.Debug_Program_Config
                0x0000000008001a6c        0xc build/Debug_Program.o
                0x0000000008001a6c                Debug_Program_Config
 .text.Transmit_Data_To_Computer
                0x0000000008001a78        0xc build/Debug_Program.o
                0x0000000008001a78                Transmit_Data_To_Computer
 .text.Blink_Led01
                0x0000000008001a84        0xc build/Debug_Program.o
                0x0000000008001a84                Blink_Led01
 .text.Hpma115S0_Dust_Sensor_Init
                0x0000000008001a90        0x8 build/Hpma115S0_Dust_Sensor.o
                0x0000000008001a90                Hpma115S0_Dust_Sensor_Init
 .text.Hpma115S0_Start_Particle_Measure
                0x0000000008001a98       0x34 build/Hpma115S0_Dust_Sensor.o
                0x0000000008001a98                Hpma115S0_Start_Particle_Measure
 .text.Hpma115S0_Enable_Auto_Send
                0x0000000008001acc       0x34 build/Hpma115S0_Dust_Sensor.o
                0x0000000008001acc                Hpma115S0_Enable_Auto_Send
 .text.Mh_Z19B_Co2_Sensor_Init
                0x0000000008001b00        0x4 build/Mh_Z19B_Co2_Sensor.o
                0x0000000008001b00                Mh_Z19B_Co2_Sensor_Init
 .text.Sensor_Set_Auto_Calibration
                0x0000000008001b04       0x18 build/Mh_Z19B_Co2_Sensor.o
                0x0000000008001b04                Sensor_Set_Auto_Calibration
 .text.Mh_Z19B_Co2_Sensor_Concentration
                0x0000000008001b1c       0x3c build/Mh_Z19B_Co2_Sensor.o
                0x0000000008001b1c                Mh_Z19B_Co2_Sensor_Concentration
 .text.Mh_Z19B_Co2_Sensor_Caclulator_Average
                0x0000000008001b58       0xf8 build/Mh_Z19B_Co2_Sensor.o
                0x0000000008001b58                Mh_Z19B_Co2_Sensor_Caclulator_Average
 .text.G2y10_Delay_Init
                0x0000000008001c50        0xa build/Sharp_G2y10_Dust_Sensor.o
 .text.G2y10_ADC_Channel_Config
                0x0000000008001c5a       0x2e build/Sharp_G2y10_Dust_Sensor.o
 .text.G2y10_Delay_Us
                0x0000000008001c88        0xa build/Sharp_G2y10_Dust_Sensor.o
 .text.Sharp_G2y10_Dust_Sensor_Init
                0x0000000008001c92       0x14 build/Sharp_G2y10_Dust_Sensor.o
                0x0000000008001c92                Sharp_G2y10_Dust_Sensor_Init
 *fill*         0x0000000008001ca6        0x2 
 .text.Sharp_G2y10_Dust_Sensor_Measuring_Average
                0x0000000008001ca8      0x170 build/Sharp_G2y10_Dust_Sensor.o
                0x0000000008001ca8                Sharp_G2y10_Dust_Sensor_Measuring_Average
 .text.BMP_180_Air_Pressure_Sensor_Init
                0x0000000008001e18       0x34 build/BMP180_Air_Pressure_Sensor.o
                0x0000000008001e18                BMP_180_Air_Pressure_Sensor_Init
 .text.BMP180_Start_Read_Calliberation_Data
                0x0000000008001e4c       0xd0 build/BMP180_Air_Pressure_Sensor.o
                0x0000000008001e4c                BMP180_Start_Read_Calliberation_Data
 .text.Delay_Tim_Init
                0x0000000008001f1c        0x8 build/Delay_Timer.o
                0x0000000008001f1c                Delay_Tim_Init
 .text.Delay_Timer_Us
                0x0000000008001f24       0x10 build/Delay_Timer.o
                0x0000000008001f24                Delay_Timer_Us
 .text.shiftOut
                0x0000000008001f34       0x60 build/Driver_74HC595.o
                0x0000000008001f34                shiftOut
 .text.Send_Data_74HC595
                0x0000000008001f94       0x60 build/Driver_74HC595.o
                0x0000000008001f94                Send_Data_74HC595
 .text.DHT_DelayInit
                0x0000000008001ff4        0xa build/DHTxx_Humidity_Sensor.o
 .text.DHT_Set_Pin_Output
                0x0000000008001ffe       0x28 build/DHTxx_Humidity_Sensor.o
 .text.DHT_Set_Pin_Input
                0x0000000008002026       0x24 build/DHTxx_Humidity_Sensor.o
 .text.DHT_WritePin
                0x000000000800204a        0xe build/DHTxx_Humidity_Sensor.o
 .text.DHT_DelayUs
                0x0000000008002058        0xa build/DHTxx_Humidity_Sensor.o
 .text.DHT_ReadPin
                0x0000000008002062        0xc build/DHTxx_Humidity_Sensor.o
 .text.DHT22_Start
                0x000000000800206e       0x58 build/DHTxx_Humidity_Sensor.o
 .text.DHT22_Read
                0x00000000080020c6       0x5c build/DHTxx_Humidity_Sensor.o
 .text.DHT_Init
                0x0000000008002122       0x14 build/DHTxx_Humidity_Sensor.o
                0x0000000008002122                DHT_Init
 *fill*         0x0000000008002136        0x2 
 .text.DHT_Read_Temperature_Humidity
                0x0000000008002138       0x74 build/DHTxx_Humidity_Sensor.o
                0x0000000008002138                DHT_Read_Temperature_Humidity
 .text.DHT_Read_Temperature_Humidity_Average
                0x00000000080021ac       0xa6 build/DHTxx_Humidity_Sensor.o
                0x00000000080021ac                DHT_Read_Temperature_Humidity_Average
 .text.Uart_Lora_Init
                0x0000000008002252       0x18 build/Transmit_Data_Lora.o
                0x0000000008002252                Uart_Lora_Init
 *fill*         0x000000000800226a        0x2 
 .text.Lora_Uart_Master_Send_Data_To_Salve
                0x000000000800226c      0x220 build/Transmit_Data_Lora.o
                0x000000000800226c                Lora_Uart_Master_Send_Data_To_Salve
 .text.hx711_delay_us
                0x000000000800248c       0x14 build/So2_Sensor_Hx711.o
                0x000000000800248c                hx711_delay_us
 .text.hx711_lock
                0x00000000080024a0       0x18 build/So2_Sensor_Hx711.o
                0x00000000080024a0                hx711_lock
 .text.hx711_unlock
                0x00000000080024b8        0x6 build/So2_Sensor_Hx711.o
                0x00000000080024b8                hx711_unlock
 .text.hx711_set_gain
                0x00000000080024be       0x20 build/So2_Sensor_Hx711.o
                0x00000000080024be                hx711_set_gain
 .text.hx711_value
                0x00000000080024de       0x98 build/So2_Sensor_Hx711.o
                0x00000000080024de                hx711_value
 .text.hx711_init
                0x0000000008002576       0x7e build/So2_Sensor_Hx711.o
                0x0000000008002576                hx711_init
 .text.hx711_tare
                0x00000000080025f4       0x46 build/So2_Sensor_Hx711.o
                0x00000000080025f4                hx711_tare
 *fill*         0x000000000800263a        0x6 
 .text.hx711_so2_result
                0x0000000008002640       0xd0 build/So2_Sensor_Hx711.o
                0x0000000008002640                hx711_so2_result
 .text.hx711_coef_set
                0x0000000008002710        0x4 build/So2_Sensor_Hx711.o
                0x0000000008002710                hx711_coef_set
 .text.LM335A_Init
                0x0000000008002714        0x4 build/LM335A_Sensor.o
                0x0000000008002714                LM335A_Init
 .text.CLCD_Delay
                0x0000000008002718        0x8 build/CLCD_I2C.o
 .text.CLCD_WriteI2C
                0x0000000008002720       0x6c build/CLCD_I2C.o
 .text.CLCD_I2C_Init
                0x000000000800278c       0xa2 build/CLCD_I2C.o
                0x000000000800278c                CLCD_I2C_Init
 .text.CLCD_I2C_SetCursor
                0x000000000800282e       0x44 build/CLCD_I2C.o
                0x000000000800282e                CLCD_I2C_SetCursor
 .text.CLCD_I2C_WriteChar
                0x0000000008002872        0xa build/CLCD_I2C.o
                0x0000000008002872                CLCD_I2C_WriteChar
 .text.CLCD_I2C_WriteString
                0x000000000800287c       0x18 build/CLCD_I2C.o
                0x000000000800287c                CLCD_I2C_WriteString
 .text.CLCD_I2C_Clear
                0x0000000008002894       0x12 build/CLCD_I2C.o
                0x0000000008002894                CLCD_I2C_Clear
 *fill*         0x00000000080028a6        0x2 
 .text.Display_Setup_Parameter_Sum_pm
                0x00000000080028a8      0x18c build/Display_LCD_Parameter.o
                0x00000000080028a8                Display_Setup_Parameter_Sum_pm
 .text.Display_Setup_Parameter_Co2
                0x0000000008002a34      0x310 build/Display_LCD_Parameter.o
                0x0000000008002a34                Display_Setup_Parameter_Co2
 .text.Display_Setup_Parameter_So2
                0x0000000008002d44      0x310 build/Display_LCD_Parameter.o
                0x0000000008002d44                Display_Setup_Parameter_So2
 .text.Display_Setup_Parameter_Humidity
                0x0000000008003054      0x320 build/Display_LCD_Parameter.o
                0x0000000008003054                Display_Setup_Parameter_Humidity
 .text.Display_Setup_Parameter_Temperature
                0x0000000008003374      0x1dc build/Display_LCD_Parameter.o
                0x0000000008003374                Display_Setup_Parameter_Temperature
 .text.Display_Done
                0x0000000008003550      0x190 build/Display_LCD_Parameter.o
                0x0000000008003550                Display_Done
 .text.Display_Monitor
                0x00000000080036e0      0x190 build/Display_LCD_Parameter.o
                0x00000000080036e0                Display_Monitor
 .text.Flash_Erase
                0x0000000008003870       0x26 build/flash.o
                0x0000000008003870                Flash_Erase
 .text.Flash_Write_Float
                0x0000000008003896       0x22 build/flash.o
                0x0000000008003896                Flash_Write_Float
 .text.Flash_Read_Float
                0x00000000080038b8        0x4 build/flash.o
                0x00000000080038b8                Flash_Read_Float
 .text.Lagrange_Interpolation
                0x00000000080038bc       0x84 build/Setup_Calibration_Sensor.o
 .text.Read_Value_Float_Flash
                0x0000000008003940       0x24 build/Setup_Calibration_Sensor.o
 .text.Int_Read_Data_Parameter_Group_Sensor_To_Flash_MCU
                0x0000000008003964       0xdc build/Setup_Calibration_Sensor.o
 .text.Init_Lm335A_Temperature_Sensor
                0x0000000008003a40       0x14 build/Setup_Calibration_Sensor.o
 .text.Init_Sharp_G2y10_Sum_Dust_Sensor
                0x0000000008003a54       0x34 build/Setup_Calibration_Sensor.o
 .text.Init_BMP18_Air_Pressure
                0x0000000008003a88       0x20 build/Setup_Calibration_Sensor.o
 .text.Init_So2_Sensor
                0x0000000008003aa8       0x4c build/Setup_Calibration_Sensor.o
 .text.Init_DHT22
                0x0000000008003af4       0x1c build/Setup_Calibration_Sensor.o
 .text.Init_Mh_Z19B_Co2_Sensor
                0x0000000008003b10       0x1c build/Setup_Calibration_Sensor.o
 .text.Init_Hpma115S0_Dust_Sensor
                0x0000000008003b2c       0x24 build/Setup_Calibration_Sensor.o
 .text.Setup_Parameter_Sum_Pm_Sensor
                0x0000000008003b50      0x3c0 build/Setup_Calibration_Sensor.o
 .text.Setup_Parameter_Co2_Sensor
                0x0000000008003f10      0x3c0 build/Setup_Calibration_Sensor.o
 .text.Setup_Parameter_So2_Sensor
                0x00000000080042d0      0x3c0 build/Setup_Calibration_Sensor.o
 .text.Setup_Parameter_Temperature_Sensor
                0x0000000008004690      0x3ec build/Setup_Calibration_Sensor.o
 .text.Setup_Parameter_Humidity_Sensor
                0x0000000008004a7c      0x3f0 build/Setup_Calibration_Sensor.o
 .text.Output_Value_Sum_Pm_Sensor
                0x0000000008004e6c      0x254 build/Setup_Calibration_Sensor.o
 .text.Output_Value_Co2_Sensor
                0x00000000080050c0      0x254 build/Setup_Calibration_Sensor.o
 .text.Output_Value_So2_Sensor
                0x0000000008005314      0x254 build/Setup_Calibration_Sensor.o
 .text.Output_Value_Humidity_Sensor
                0x0000000008005568      0x26c build/Setup_Calibration_Sensor.o
 .text.Output_Value_Temperature_Sensor
                0x00000000080057d4      0x26c build/Setup_Calibration_Sensor.o
 .text.Monitor_Group_Sensor
                0x0000000008005a40       0xa0 build/Setup_Calibration_Sensor.o
 .text.Save_Value_Float_Flash
                0x0000000008005ae0       0x40 build/Setup_Calibration_Sensor.o
 .text.Save_Parameter_Sensor
                0x0000000008005b20      0x198 build/Setup_Calibration_Sensor.o
 .text.Init_Sensor
                0x0000000008005cb8       0x24 build/Setup_Calibration_Sensor.o
                0x0000000008005cb8                Init_Sensor
 .text.Run_Normal
                0x0000000008005cdc      0x160 build/Setup_Calibration_Sensor.o
                0x0000000008005cdc                Run_Normal
 .text.Selec_Option_Sensor_Name
                0x0000000008005e3c      0x200 build/Setup_Calibration_Sensor.o
 .text.Funtion_Routine_Hightlevel
                0x000000000800603c       0x18 build/Setup_Calibration_Sensor.o
                0x000000000800603c                Funtion_Routine_Hightlevel
 .text.Task02_Status_Machine
                0x0000000008006054       0x1c build/Machine_Routine.o
 .text.Routine01_Task_01_Routine_System
                0x0000000008006070        0xa build/Machine_Routine.o
 *fill*         0x000000000800607a        0x2 
 .text.Init_Debug_Program
                0x000000000800607c       0x28 build/Machine_Routine.o
 .text.Init_HC595
                0x00000000080060a4        0xa build/Machine_Routine.o
 *fill*         0x00000000080060ae        0x2 
 .text.Init_LCD_Display
                0x00000000080060b0       0x5c build/Machine_Routine.o
 .text.Init_Transimir_Lora_Mode_Uart
                0x000000000800610c       0x18 build/Machine_Routine.o
 .text.vApplicationStackOverflowHook
                0x0000000008006124       0x40 build/Machine_Routine.o
                0x0000000008006124                vApplicationStackOverflowHook
 .text.vApplicationMallocFailedHook
                0x0000000008006164       0x44 build/Machine_Routine.o
                0x0000000008006164                vApplicationMallocFailedHook
 .text.Init_Cmd_Transmit_Lora
                0x00000000080061a8       0x18 build/Machine_Routine.o
                0x00000000080061a8                Init_Cmd_Transmit_Lora
 .text.Task01_Routine_System
                0x00000000080061c0       0xb0 build/Machine_Routine.o
 .text.Init_RTOS_System_Project
                0x0000000008006270       0x60 build/Machine_Routine.o
                0x0000000008006270                Init_RTOS_System_Project
 .text.Init_System_Funtion_Project
                0x00000000080062d0       0x1c build/Machine_Routine.o
                0x00000000080062d0                Init_System_Funtion_Project
 .text.Routine_Machine_NotUseRTOS
                0x00000000080062ec       0x80 build/Machine_Routine.o
                0x00000000080062ec                Routine_Machine_NotUseRTOS
 .text.TIM_TI1_ConfigInputStage
                0x000000000800636c       0x24 build/stm32f1xx_hal_tim.o
 .text.TIM_TI2_ConfigInputStage
                0x0000000008006390       0x26 build/stm32f1xx_hal_tim.o
 .text.TIM_ITRx_SetConfig
                0x00000000080063b6       0x10 build/stm32f1xx_hal_tim.o
 *fill*         0x00000000080063c6        0x2 
 .text.HAL_TIM_Base_Start
                0x00000000080063c8       0x5c build/stm32f1xx_hal_tim.o
                0x00000000080063c8                HAL_TIM_Base_Start
 .text.HAL_TIM_Base_Start_IT
                0x0000000008006424       0x68 build/stm32f1xx_hal_tim.o
                0x0000000008006424                HAL_TIM_Base_Start_IT
 .text.HAL_TIM_Base_Stop_IT
                0x000000000800648c       0x32 build/stm32f1xx_hal_tim.o
                0x000000000800648c                HAL_TIM_Base_Stop_IT
 .text.HAL_TIM_OC_DelayElapsedCallback
                0x00000000080064be        0x2 build/stm32f1xx_hal_tim.o
                0x00000000080064be                HAL_TIM_OC_DelayElapsedCallback
 .text.HAL_TIM_IC_CaptureCallback
                0x00000000080064c0        0x2 build/stm32f1xx_hal_tim.o
                0x00000000080064c0                HAL_TIM_IC_CaptureCallback
 .text.HAL_TIM_PWM_PulseFinishedCallback
                0x00000000080064c2        0x2 build/stm32f1xx_hal_tim.o
                0x00000000080064c2                HAL_TIM_PWM_PulseFinishedCallback
 .text.HAL_TIM_TriggerCallback
                0x00000000080064c4        0x2 build/stm32f1xx_hal_tim.o
                0x00000000080064c4                HAL_TIM_TriggerCallback
 .text.HAL_TIM_IRQHandler
                0x00000000080064c6      0x17a build/stm32f1xx_hal_tim.o
                0x00000000080064c6                HAL_TIM_IRQHandler
 .text.TIM_Base_SetConfig
                0x0000000008006640       0x74 build/stm32f1xx_hal_tim.o
                0x0000000008006640                TIM_Base_SetConfig
 .text.HAL_TIM_Base_Init
                0x00000000080066b4       0x58 build/stm32f1xx_hal_tim.o
                0x00000000080066b4                HAL_TIM_Base_Init
 .text.TIM_ETR_SetConfig
                0x000000000800670c       0x18 build/stm32f1xx_hal_tim.o
                0x000000000800670c                TIM_ETR_SetConfig
 .text.HAL_TIM_ConfigClockSource
                0x0000000008006724       0xda build/stm32f1xx_hal_tim.o
                0x0000000008006724                HAL_TIM_ConfigClockSource
 *fill*         0x00000000080067fe        0x2 
 .text.HAL_TIMEx_MasterConfigSynchronization
                0x0000000008006800       0x6c build/stm32f1xx_hal_tim_ex.o
                0x0000000008006800                HAL_TIMEx_MasterConfigSynchronization
 .text.HAL_TIMEx_CommutCallback
                0x000000000800686c        0x2 build/stm32f1xx_hal_tim_ex.o
                0x000000000800686c                HAL_TIMEx_CommutCallback
 .text.HAL_TIMEx_BreakCallback
                0x000000000800686e        0x2 build/stm32f1xx_hal_tim_ex.o
                0x000000000800686e                HAL_TIMEx_BreakCallback
 .text.HAL_Init
                0x0000000008006870       0x24 build/stm32f1xx_hal.o
                0x0000000008006870                HAL_Init
 .text.HAL_IncTick
                0x0000000008006894       0x18 build/stm32f1xx_hal.o
                0x0000000008006894                HAL_IncTick
 .text.HAL_GetTick
                0x00000000080068ac        0xc build/stm32f1xx_hal.o
                0x00000000080068ac                HAL_GetTick
 .text.HAL_Delay
                0x00000000080068b8       0x28 build/stm32f1xx_hal.o
                0x00000000080068b8                HAL_Delay
 .text.RCC_Delay
                0x00000000080068e0       0x2c build/stm32f1xx_hal_rcc.o
 .text.HAL_RCC_OscConfig
                0x000000000800690c      0x410 build/stm32f1xx_hal_rcc.o
                0x000000000800690c                HAL_RCC_OscConfig
 .text.HAL_RCC_GetSysClockFreq
                0x0000000008006d1c       0x70 build/stm32f1xx_hal_rcc.o
                0x0000000008006d1c                HAL_RCC_GetSysClockFreq
 .text.HAL_RCC_ClockConfig
                0x0000000008006d8c      0x16c build/stm32f1xx_hal_rcc.o
                0x0000000008006d8c                HAL_RCC_ClockConfig
 .text.HAL_RCC_GetHCLKFreq
                0x0000000008006ef8        0xc build/stm32f1xx_hal_rcc.o
                0x0000000008006ef8                HAL_RCC_GetHCLKFreq
 .text.HAL_RCC_GetPCLK1Freq
                0x0000000008006f04       0x20 build/stm32f1xx_hal_rcc.o
                0x0000000008006f04                HAL_RCC_GetPCLK1Freq
 .text.HAL_RCC_GetPCLK2Freq
                0x0000000008006f24       0x20 build/stm32f1xx_hal_rcc.o
                0x0000000008006f24                HAL_RCC_GetPCLK2Freq
 .text.HAL_RCC_GetClockConfig
                0x0000000008006f44       0x3c build/stm32f1xx_hal_rcc.o
                0x0000000008006f44                HAL_RCC_GetClockConfig
 .text.HAL_RCCEx_PeriphCLKConfig
                0x0000000008006f80      0x118 build/stm32f1xx_hal_rcc_ex.o
                0x0000000008006f80                HAL_RCCEx_PeriphCLKConfig
 .text.HAL_RCCEx_GetPeriphCLKFreq
                0x0000000008007098      0x100 build/stm32f1xx_hal_rcc_ex.o
                0x0000000008007098                HAL_RCCEx_GetPeriphCLKFreq
 .text.HAL_GPIO_Init
                0x0000000008007198      0x224 build/stm32f1xx_hal_gpio.o
                0x0000000008007198                HAL_GPIO_Init
 .text.HAL_GPIO_ReadPin
                0x00000000080073bc        0xe build/stm32f1xx_hal_gpio.o
                0x00000000080073bc                HAL_GPIO_ReadPin
 .text.HAL_GPIO_WritePin
                0x00000000080073ca        0xc build/stm32f1xx_hal_gpio.o
                0x00000000080073ca                HAL_GPIO_WritePin
 .text.HAL_GPIO_TogglePin
                0x00000000080073d6       0x12 build/stm32f1xx_hal_gpio.o
                0x00000000080073d6                HAL_GPIO_TogglePin
 .text.HAL_DMA_Init
                0x00000000080073e8       0x6c build/stm32f1xx_hal_dma.o
                0x00000000080073e8                HAL_DMA_Init
 .text.HAL_DMA_IRQHandler
                0x0000000008007454      0x144 build/stm32f1xx_hal_dma.o
                0x0000000008007454                HAL_DMA_IRQHandler
 .text.HAL_NVIC_SetPriorityGrouping
                0x0000000008007598       0x24 build/stm32f1xx_hal_cortex.o
                0x0000000008007598                HAL_NVIC_SetPriorityGrouping
 .text.HAL_NVIC_SetPriority
                0x00000000080075bc       0x70 build/stm32f1xx_hal_cortex.o
                0x00000000080075bc                HAL_NVIC_SetPriority
 .text.HAL_NVIC_EnableIRQ
                0x000000000800762c       0x1c build/stm32f1xx_hal_cortex.o
                0x000000000800762c                HAL_NVIC_EnableIRQ
 .text.FLASH_Program_HalfWord
                0x0000000008007648       0x1c build/stm32f1xx_hal_flash.o
 .text.FLASH_SetErrorCode
                0x0000000008007664       0x70 build/stm32f1xx_hal_flash.o
 .text.HAL_FLASH_Unlock
                0x00000000080076d4       0x34 build/stm32f1xx_hal_flash.o
                0x00000000080076d4                HAL_FLASH_Unlock
 .text.HAL_FLASH_Lock
                0x0000000008007708       0x14 build/stm32f1xx_hal_flash.o
                0x0000000008007708                HAL_FLASH_Lock
 .text.FLASH_WaitForLastOperation
                0x000000000800771c       0x68 build/stm32f1xx_hal_flash.o
                0x000000000800771c                FLASH_WaitForLastOperation
 .text.HAL_FLASH_Program
                0x0000000008007784       0xa0 build/stm32f1xx_hal_flash.o
                0x0000000008007784                HAL_FLASH_Program
 .text.FLASH_MassErase
                0x0000000008007824       0x24 build/stm32f1xx_hal_flash_ex.o
 .text.FLASH_PageErase
                0x0000000008007848       0x24 build/stm32f1xx_hal_flash_ex.o
                0x0000000008007848                FLASH_PageErase
 .text.HAL_FLASHEx_Erase
                0x000000000800786c       0xa4 build/stm32f1xx_hal_flash_ex.o
                0x000000000800786c                HAL_FLASHEx_Erase
 .text.SystemInit
                0x0000000008007910        0x2 build/system_stm32f1xx.o
                0x0000000008007910                SystemInit
 *fill*         0x0000000008007912        0x2 
 .text.HAL_InitTick
                0x0000000008007914       0x94 build/stm32f1xx_hal_timebase_tim.o
                0x0000000008007914                HAL_InitTick
 .text.HAL_ADC_PollForConversion
                0x00000000080079a8      0x184 build/stm32f1xx_hal_adc.o
                0x00000000080079a8                HAL_ADC_PollForConversion
 .text.HAL_ADC_GetValue
                0x0000000008007b2c        0x6 build/stm32f1xx_hal_adc.o
                0x0000000008007b2c                HAL_ADC_GetValue
 *fill*         0x0000000008007b32        0x2 
 .text.HAL_ADC_ConfigChannel
                0x0000000008007b34      0x140 build/stm32f1xx_hal_adc.o
                0x0000000008007b34                HAL_ADC_ConfigChannel
 .text.ADC_Enable
                0x0000000008007c74       0x88 build/stm32f1xx_hal_adc.o
                0x0000000008007c74                ADC_Enable
 .text.HAL_ADC_Start
                0x0000000008007cfc       0xe8 build/stm32f1xx_hal_adc.o
                0x0000000008007cfc                HAL_ADC_Start
 .text.ADC_ConversionStop_Disable
                0x0000000008007de4       0x56 build/stm32f1xx_hal_adc.o
                0x0000000008007de4                ADC_ConversionStop_Disable
 *fill*         0x0000000008007e3a        0x2 
 .text.HAL_ADC_Init
                0x0000000008007e3c      0x108 build/stm32f1xx_hal_adc.o
                0x0000000008007e3c                HAL_ADC_Init
 .text.HAL_ADC_Stop
                0x0000000008007f44       0x34 build/stm32f1xx_hal_adc.o
                0x0000000008007f44                HAL_ADC_Stop
 .text.UART_SetConfig
                0x0000000008007f78       0x94 build/stm32f1xx_hal_uart.o
 .text.UART_WaitOnFlagUntilTimeout
                0x000000000800800c       0x68 build/stm32f1xx_hal_uart.o
 .text.HAL_UART_Init
                0x0000000008008074       0x5e build/stm32f1xx_hal_uart.o
                0x0000000008008074                HAL_UART_Init
 .text.HAL_UART_Transmit
                0x00000000080080d2       0xd8 build/stm32f1xx_hal_uart.o
                0x00000000080080d2                HAL_UART_Transmit
 .text.HAL_UART_Receive
                0x00000000080081aa       0xe4 build/stm32f1xx_hal_uart.o
                0x00000000080081aa                HAL_UART_Receive
 .text.I2C_IsAcknowledgeFailed
                0x000000000800828e       0x32 build/stm32f1xx_hal_i2c.o
 .text.I2C_WaitOnFlagUntilTimeout
                0x00000000080082c0       0x7c build/stm32f1xx_hal_i2c.o
 .text.I2C_WaitOnMasterAddressFlagUntilTimeout
                0x000000000800833c       0xaa build/stm32f1xx_hal_i2c.o
 *fill*         0x00000000080083e6        0x2 
 .text.I2C_MasterRequestWrite
                0x00000000080083e8       0xb4 build/stm32f1xx_hal_i2c.o
 .text.I2C_WaitOnTXEFlagUntilTimeout
                0x000000000800849c       0x54 build/stm32f1xx_hal_i2c.o
 .text.I2C_RequestMemoryRead
                0x00000000080084f0      0x154 build/stm32f1xx_hal_i2c.o
 .text.I2C_WaitOnBTFFlagUntilTimeout
                0x0000000008008644       0x54 build/stm32f1xx_hal_i2c.o
 .text.I2C_WaitOnRXNEFlagUntilTimeout
                0x0000000008008698       0x6a build/stm32f1xx_hal_i2c.o
 *fill*         0x0000000008008702        0x2 
 .text.HAL_I2C_Init
                0x0000000008008704      0x1bc build/stm32f1xx_hal_i2c.o
                0x0000000008008704                HAL_I2C_Init
 .text.HAL_I2C_Master_Transmit
                0x00000000080088c0      0x178 build/stm32f1xx_hal_i2c.o
                0x00000000080088c0                HAL_I2C_Master_Transmit
 .text.HAL_I2C_Mem_Read
                0x0000000008008a38      0x348 build/stm32f1xx_hal_i2c.o
                0x0000000008008a38                HAL_I2C_Mem_Read
 .text.vApplicationGetIdleTaskMemory
                0x0000000008008d80       0x18 build/freertos.o
                0x0000000008008d80                vApplicationGetIdleTaskMemory
 .text.vListInitialise
                0x0000000008008d98       0x16 build/list.o
                0x0000000008008d98                vListInitialise
 .text.vListInitialiseItem
                0x0000000008008dae        0x6 build/list.o
                0x0000000008008dae                vListInitialiseItem
 .text.vListInsertEnd
                0x0000000008008db4       0x16 build/list.o
                0x0000000008008db4                vListInsertEnd
 .text.vListInsert
                0x0000000008008dca       0x32 build/list.o
                0x0000000008008dca                vListInsert
 .text.uxListRemove
                0x0000000008008dfc       0x26 build/list.o
                0x0000000008008dfc                uxListRemove
 .text.prvGetDisinheritPriorityAfterTimeout
                0x0000000008008e22       0x10 build/queue.o
 .text.prvIsQueueFull
                0x0000000008008e32       0x1e build/queue.o
 .text.prvIsQueueEmpty
                0x0000000008008e50       0x1a build/queue.o
 .text.prvCopyDataToQueue
                0x0000000008008e6a       0x76 build/queue.o
 .text.prvUnlockQueue
                0x0000000008008ee0       0x6e build/queue.o
 .text.xQueueGenericReset
                0x0000000008008f4e       0x84 build/queue.o
                0x0000000008008f4e                xQueueGenericReset
 .text.prvInitialiseNewQueue
                0x0000000008008fd2       0x1c build/queue.o
 .text.xQueueGenericCreate
                0x0000000008008fee       0x4e build/queue.o
                0x0000000008008fee                xQueueGenericCreate
 .text.xQueueCreateCountingSemaphore
                0x000000000800903c       0x3c build/queue.o
                0x000000000800903c                xQueueCreateCountingSemaphore
 .text.xQueueGenericSend
                0x0000000008009078      0x188 build/queue.o
                0x0000000008009078                xQueueGenericSend
 .text.xQueueSemaphoreTake
                0x0000000008009200      0x1a6 build/queue.o
                0x0000000008009200                xQueueSemaphoreTake
 *fill*         0x00000000080093a6        0x2 
 .text.prvResetNextTaskUnblockTime
                0x00000000080093a8       0x2c build/tasks.o
 .text.prvInitialiseNewTask
                0x00000000080093d4       0xec build/tasks.o
 .text.prvInitialiseTaskLists
                0x00000000080094c0       0x68 build/tasks.o
 .text.prvAddNewTaskToReadyList
                0x0000000008009528       0xa8 build/tasks.o
 .text.prvDeleteTCB
                0x00000000080095d0       0x40 build/tasks.o
 .text.prvCheckTasksWaitingTermination
                0x0000000008009610       0x4c build/tasks.o
 .text.prvIdleTask
                0x000000000800965c       0x28 build/tasks.o
 .text.prvAddCurrentTaskToDelayedList
                0x0000000008009684       0x98 build/tasks.o
 .text.xTaskCreateStatic
                0x000000000800971c       0x78 build/tasks.o
                0x000000000800971c                xTaskCreateStatic
 .text.xTaskCreate
                0x0000000008009794       0x6a build/tasks.o
                0x0000000008009794                xTaskCreate
 *fill*         0x00000000080097fe        0x2 
 .text.vTaskStartScheduler
                0x0000000008009800       0x84 build/tasks.o
                0x0000000008009800                vTaskStartScheduler
 .text.vTaskSuspendAll
                0x0000000008009884       0x10 build/tasks.o
                0x0000000008009884                vTaskSuspendAll
 .text.xTaskGetTickCount
                0x0000000008009894        0xc build/tasks.o
                0x0000000008009894                xTaskGetTickCount
 .text.xTaskIncrementTick
                0x00000000080098a0      0x118 build/tasks.o
                0x00000000080098a0                xTaskIncrementTick
 .text.xTaskResumeAll
                0x00000000080099b8       0xf8 build/tasks.o
                0x00000000080099b8                xTaskResumeAll
 .text.vTaskDelay
                0x0000000008009ab0       0x4c build/tasks.o
                0x0000000008009ab0                vTaskDelay
 .text.vTaskSwitchContext
                0x0000000008009afc       0xc0 build/tasks.o
                0x0000000008009afc                vTaskSwitchContext
 .text.vTaskPlaceOnEventList
                0x0000000008009bbc       0x30 build/tasks.o
                0x0000000008009bbc                vTaskPlaceOnEventList
 .text.xTaskRemoveFromEventList
                0x0000000008009bec       0x8c build/tasks.o
                0x0000000008009bec                xTaskRemoveFromEventList
 .text.vTaskInternalSetTimeOutState
                0x0000000008009c78       0x18 build/tasks.o
                0x0000000008009c78                vTaskInternalSetTimeOutState
 .text.xTaskCheckForTimeOut
                0x0000000008009c90       0x84 build/tasks.o
                0x0000000008009c90                xTaskCheckForTimeOut
 .text.vTaskMissedYield
                0x0000000008009d14        0xc build/tasks.o
                0x0000000008009d14                vTaskMissedYield
 .text.xTaskGetSchedulerState
                0x0000000008009d20       0x20 build/tasks.o
                0x0000000008009d20                xTaskGetSchedulerState
 .text.xTaskPriorityInherit
                0x0000000008009d40       0xbc build/tasks.o
                0x0000000008009d40                xTaskPriorityInherit
 .text.xTaskPriorityDisinherit
                0x0000000008009dfc       0xb0 build/tasks.o
                0x0000000008009dfc                xTaskPriorityDisinherit
 .text.vTaskPriorityDisinheritAfterTimeout
                0x0000000008009eac       0xc0 build/tasks.o
                0x0000000008009eac                vTaskPriorityDisinheritAfterTimeout
 .text.pvTaskIncrementMutexHeldCount
                0x0000000008009f6c       0x1c build/tasks.o
                0x0000000008009f6c                pvTaskIncrementMutexHeldCount
 .text.prvHeapInit
                0x0000000008009f88       0x64 build/heap_4.o
 .text.prvInsertBlockIntoFreeList
                0x0000000008009fec       0x60 build/heap_4.o
 .text.pvPortMalloc
                0x000000000800a04c      0x104 build/heap_4.o
                0x000000000800a04c                pvPortMalloc
 .text.vPortFree
                0x000000000800a150       0x70 build/heap_4.o
                0x000000000800a150                vPortFree
 .text.prvTaskExitError
                0x000000000800a1c0       0x40 build/port.o
 .text.prvPortStartFirstTask
                0x000000000800a200       0x20 build/port.o
 .text.pxPortInitialiseStack
                0x000000000800a220       0x24 build/port.o
                0x000000000800a220                pxPortInitialiseStack
 *fill*         0x000000000800a244        0xc 
 .text.SVC_Handler
                0x000000000800a250       0x24 build/port.o
                0x000000000800a250                SVC_Handler
 .text.vPortEnterCritical
                0x000000000800a274       0x44 build/port.o
                0x000000000800a274                vPortEnterCritical
 .text.vPortExitCritical
                0x000000000800a2b8       0x2c build/port.o
                0x000000000800a2b8                vPortExitCritical
 *fill*         0x000000000800a2e4        0xc 
 .text.PendSV_Handler
                0x000000000800a2f0       0x44 build/port.o
                0x000000000800a2f0                PendSV_Handler
 .text.SysTick_Handler
                0x000000000800a334       0x2c build/port.o
                0x000000000800a334                SysTick_Handler
 .text.vPortSetupTimerInterrupt
                0x000000000800a360       0x28 build/port.o
                0x000000000800a360                vPortSetupTimerInterrupt
 .text.xPortStartScheduler
                0x000000000800a388       0xc0 build/port.o
                0x000000000800a388                xPortStartScheduler
 .text.Reset_Handler
                0x000000000800a448       0x48 build/startup_stm32f103xb.o
                0x000000000800a448                Reset_Handler
 .text.Default_Handler
                0x000000000800a490        0x2 build/startup_stm32f103xb.o
                0x000000000800a490                RTC_Alarm_IRQHandler
                0x000000000800a490                EXTI2_IRQHandler
                0x000000000800a490                TIM1_CC_IRQHandler
                0x000000000800a490                PVD_IRQHandler
                0x000000000800a490                EXTI3_IRQHandler
                0x000000000800a490                EXTI0_IRQHandler
                0x000000000800a490                I2C2_EV_IRQHandler
                0x000000000800a490                ADC1_2_IRQHandler
                0x000000000800a490                SPI1_IRQHandler
                0x000000000800a490                TAMPER_IRQHandler
                0x000000000800a490                DMA1_Channel4_IRQHandler
                0x000000000800a490                USART3_IRQHandler
                0x000000000800a490                RTC_IRQHandler
                0x000000000800a490                DMA1_Channel7_IRQHandler
                0x000000000800a490                CAN1_RX1_IRQHandler
                0x000000000800a490                TIM4_IRQHandler
                0x000000000800a490                I2C1_EV_IRQHandler
                0x000000000800a490                DMA1_Channel6_IRQHandler
                0x000000000800a490                RCC_IRQHandler
                0x000000000800a490                TIM1_TRG_COM_IRQHandler
                0x000000000800a490                Default_Handler
                0x000000000800a490                EXTI15_10_IRQHandler
                0x000000000800a490                EXTI9_5_IRQHandler
                0x000000000800a490                SPI2_IRQHandler
                0x000000000800a490                DMA1_Channel5_IRQHandler
                0x000000000800a490                EXTI4_IRQHandler
                0x000000000800a490                USB_LP_CAN1_RX0_IRQHandler
                0x000000000800a490                USB_HP_CAN1_TX_IRQHandler
                0x000000000800a490                DMA1_Channel3_IRQHandler
                0x000000000800a490                WWDG_IRQHandler
                0x000000000800a490                TIM2_IRQHandler
                0x000000000800a490                TIM1_BRK_IRQHandler
                0x000000000800a490                EXTI1_IRQHandler
                0x000000000800a490                USART2_IRQHandler
                0x000000000800a490                I2C2_ER_IRQHandler
                0x000000000800a490                DMA1_Channel2_IRQHandler
                0x000000000800a490                CAN1_SCE_IRQHandler
                0x000000000800a490                FLASH_IRQHandler
                0x000000000800a490                USART1_IRQHandler
                0x000000000800a490                I2C1_ER_IRQHandler
                0x000000000800a490                USBWakeUp_IRQHandler
 *fill*         0x000000000800a492        0x2 
 .text.__libc_init_array
                0x000000000800a494       0x48 /media/son/Data/Embedded_Systems/Document/Tool/Arm_GNU_Toolchain/gcc-arm-11.2-2022.02-x86_64-arm-none-eabi/bin/../lib/gcc/arm-none-eabi/11.2.1/../../../../arm-none-eabi/lib/thumb/v7-m/nofp/libc_nano.a(lib_a-init.o)
                0x000000000800a494                __libc_init_array
 .text.memcpy   0x000000000800a4dc       0x1c /media/son/Data/Embedded_Systems/Document/Tool/Arm_GNU_Toolchain/gcc-arm-11.2-2022.02-x86_64-arm-none-eabi/bin/../lib/gcc/arm-none-eabi/11.2.1/../../../../arm-none-eabi/lib/thumb/v7-m/nofp/libc_nano.a(lib_a-memcpy-stub.o)
                0x000000000800a4dc                memcpy
 .text.memset   0x000000000800a4f8       0x10 /media/son/Data/Embedded_Systems/Document/Tool/Arm_GNU_Toolchain/gcc-arm-11.2-2022.02-x86_64-arm-none-eabi/bin/../lib/gcc/arm-none-eabi/11.2.1/../../../../arm-none-eabi/lib/thumb/v7-m/nofp/libc_nano.a(lib_a-memset.o)
                0x000000000800a4f8                memset
 .text.__cvt    0x000000000800a508       0xbe /media/son/Data/Embedded_Systems/Document/Tool/Arm_GNU_Toolchain/gcc-arm-11.2-2022.02-x86_64-arm-none-eabi/bin/../lib/gcc/arm-none-eabi/11.2.1/../../../../arm-none-eabi/lib/thumb/v7-m/nofp/libc_nano.a(lib_a-nano-vfprintf_float.o)
                0x000000000800a508                __cvt
 .text.__exponent
                0x000000000800a5c6       0x7a /media/son/Data/Embedded_Systems/Document/Tool/Arm_GNU_Toolchain/gcc-arm-11.2-2022.02-x86_64-arm-none-eabi/bin/../lib/gcc/arm-none-eabi/11.2.1/../../../../arm-none-eabi/lib/thumb/v7-m/nofp/libc_nano.a(lib_a-nano-vfprintf_float.o)
                0x000000000800a5c6                __exponent
 .text._printf_float
                0x000000000800a640      0x45c /media/son/Data/Embedded_Systems/Document/Tool/Arm_GNU_Toolchain/gcc-arm-11.2-2022.02-x86_64-arm-none-eabi/bin/../lib/gcc/arm-none-eabi/11.2.1/../../../../arm-none-eabi/lib/thumb/v7-m/nofp/libc_nano.a(lib_a-nano-vfprintf_float.o)
                0x000000000800a640                _printf_float
 .text._printf_common
                0x000000000800aa9c       0xe4 /media/son/Data/Embedded_Systems/Document/Tool/Arm_GNU_Toolchain/gcc-arm-11.2-2022.02-x86_64-arm-none-eabi/bin/../lib/gcc/arm-none-eabi/11.2.1/../../../../arm-none-eabi/lib/thumb/v7-m/nofp/libc_nano.a(lib_a-nano-vfprintf_i.o)
                0x000000000800aa9c                _printf_common
 .text._printf_i
                0x000000000800ab80      0x244 /media/son/Data/Embedded_Systems/Document/Tool/Arm_GNU_Toolchain/gcc-arm-11.2-2022.02-x86_64-arm-none-eabi/bin/../lib/gcc/arm-none-eabi/11.2.1/../../../../arm-none-eabi/lib/thumb/v7-m/nofp/libc_nano.a(lib_a-nano-vfprintf_i.o)
                0x000000000800ab80                _printf_i
 .text.cleanup_glue
                0x000000000800adc4       0x1a /media/son/Data/Embedded_Systems/Document/Tool/Arm_GNU_Toolchain/gcc-arm-11.2-2022.02-x86_64-arm-none-eabi/bin/../lib/gcc/arm-none-eabi/11.2.1/../../../../arm-none-eabi/lib/thumb/v7-m/nofp/libc_nano.a(lib_a-reent.o)
                0x000000000800adc4                cleanup_glue
 *fill*         0x000000000800adde        0x2 
 .text._reclaim_reent
                0x000000000800ade0       0xb8 /media/son/Data/Embedded_Systems/Document/Tool/Arm_GNU_Toolchain/gcc-arm-11.2-2022.02-x86_64-arm-none-eabi/bin/../lib/gcc/arm-none-eabi/11.2.1/../../../../arm-none-eabi/lib/thumb/v7-m/nofp/libc_nano.a(lib_a-reent.o)
                0x000000000800ade0                _reclaim_reent
 .text.sprintf  0x000000000800ae98       0x40 /media/son/Data/Embedded_Systems/Document/Tool/Arm_GNU_Toolchain/gcc-arm-11.2-2022.02-x86_64-arm-none-eabi/bin/../lib/gcc/arm-none-eabi/11.2.1/../../../../arm-none-eabi/lib/thumb/v7-m/nofp/libc_nano.a(lib_a-sprintf.o)
                0x000000000800ae98                sprintf
                0x000000000800ae98                siprintf
 .text.strcat   0x000000000800aed8       0x1e /media/son/Data/Embedded_Systems/Document/Tool/Arm_GNU_Toolchain/gcc-arm-11.2-2022.02-x86_64-arm-none-eabi/bin/../lib/gcc/arm-none-eabi/11.2.1/../../../../arm-none-eabi/lib/thumb/v7-m/nofp/libc_nano.a(lib_a-strcat.o)
                0x000000000800aed8                strcat
 .text.quorem   0x000000000800aef6      0x112 /media/son/Data/Embedded_Systems/Document/Tool/Arm_GNU_Toolchain/gcc-arm-11.2-2022.02-x86_64-arm-none-eabi/bin/../lib/gcc/arm-none-eabi/11.2.1/../../../../arm-none-eabi/lib/thumb/v7-m/nofp/libc_nano.a(lib_a-dtoa.o)
 .text._dtoa_r  0x000000000800b008      0xbc8 /media/son/Data/Embedded_Systems/Document/Tool/Arm_GNU_Toolchain/gcc-arm-11.2-2022.02-x86_64-arm-none-eabi/bin/../lib/gcc/arm-none-eabi/11.2.1/../../../../arm-none-eabi/lib/thumb/v7-m/nofp/libc_nano.a(lib_a-dtoa.o)
                0x000000000800b008                _dtoa_r
 .text._localeconv_r
                0x000000000800bbd0        0x8 /media/son/Data/Embedded_Systems/Document/Tool/Arm_GNU_Toolchain/gcc-arm-11.2-2022.02-x86_64-arm-none-eabi/bin/../lib/gcc/arm-none-eabi/11.2.1/../../../../arm-none-eabi/lib/thumb/v7-m/nofp/libc_nano.a(lib_a-localeconv.o)
                0x000000000800bbd0                _localeconv_r
 .text.malloc   0x000000000800bbd8       0x10 /media/son/Data/Embedded_Systems/Document/Tool/Arm_GNU_Toolchain/gcc-arm-11.2-2022.02-x86_64-arm-none-eabi/bin/../lib/gcc/arm-none-eabi/11.2.1/../../../../arm-none-eabi/lib/thumb/v7-m/nofp/libc_nano.a(lib_a-malloc.o)
                0x000000000800bbd8                malloc
 .text.__ascii_mbtowc
                0x000000000800bbe8       0x24 /media/son/Data/Embedded_Systems/Document/Tool/Arm_GNU_Toolchain/gcc-arm-11.2-2022.02-x86_64-arm-none-eabi/bin/../lib/gcc/arm-none-eabi/11.2.1/../../../../arm-none-eabi/lib/thumb/v7-m/nofp/libc_nano.a(lib_a-mbtowc_r.o)
                0x000000000800bbe8                __ascii_mbtowc
 .text.memchr   0x000000000800bc0c       0x1c /media/son/Data/Embedded_Systems/Document/Tool/Arm_GNU_Toolchain/gcc-arm-11.2-2022.02-x86_64-arm-none-eabi/bin/../lib/gcc/arm-none-eabi/11.2.1/../../../../arm-none-eabi/lib/thumb/v7-m/nofp/libc_nano.a(lib_a-memchr-stub.o)
                0x000000000800bc0c                memchr
 .text._Balloc  0x000000000800bc28       0x80 /media/son/Data/Embedded_Systems/Document/Tool/Arm_GNU_Toolchain/gcc-arm-11.2-2022.02-x86_64-arm-none-eabi/bin/../lib/gcc/arm-none-eabi/11.2.1/../../../../arm-none-eabi/lib/thumb/v7-m/nofp/libc_nano.a(lib_a-mprec.o)
                0x000000000800bc28                _Balloc
 .text._Bfree   0x000000000800bca8       0x44 /media/son/Data/Embedded_Systems/Document/Tool/Arm_GNU_Toolchain/gcc-arm-11.2-2022.02-x86_64-arm-none-eabi/bin/../lib/gcc/arm-none-eabi/11.2.1/../../../../arm-none-eabi/lib/thumb/v7-m/nofp/libc_nano.a(lib_a-mprec.o)
                0x000000000800bca8                _Bfree
 .text.__multadd
                0x000000000800bcec       0x8c /media/son/Data/Embedded_Systems/Document/Tool/Arm_GNU_Toolchain/gcc-arm-11.2-2022.02-x86_64-arm-none-eabi/bin/../lib/gcc/arm-none-eabi/11.2.1/../../../../arm-none-eabi/lib/thumb/v7-m/nofp/libc_nano.a(lib_a-mprec.o)
                0x000000000800bcec                __multadd
 .text.__hi0bits
                0x000000000800bd78       0x40 /media/son/Data/Embedded_Systems/Document/Tool/Arm_GNU_Toolchain/gcc-arm-11.2-2022.02-x86_64-arm-none-eabi/bin/../lib/gcc/arm-none-eabi/11.2.1/../../../../arm-none-eabi/lib/thumb/v7-m/nofp/libc_nano.a(lib_a-mprec.o)
                0x000000000800bd78                __hi0bits
 .text.__lo0bits
                0x000000000800bdb8       0x5a /media/son/Data/Embedded_Systems/Document/Tool/Arm_GNU_Toolchain/gcc-arm-11.2-2022.02-x86_64-arm-none-eabi/bin/../lib/gcc/arm-none-eabi/11.2.1/../../../../arm-none-eabi/lib/thumb/v7-m/nofp/libc_nano.a(lib_a-mprec.o)
                0x000000000800bdb8                __lo0bits
 *fill*         0x000000000800be12        0x2 
 .text.__i2b    0x000000000800be14       0x2c /media/son/Data/Embedded_Systems/Document/Tool/Arm_GNU_Toolchain/gcc-arm-11.2-2022.02-x86_64-arm-none-eabi/bin/../lib/gcc/arm-none-eabi/11.2.1/../../../../arm-none-eabi/lib/thumb/v7-m/nofp/libc_nano.a(lib_a-mprec.o)
                0x000000000800be14                __i2b
 .text.__multiply
                0x000000000800be40      0x150 /media/son/Data/Embedded_Systems/Document/Tool/Arm_GNU_Toolchain/gcc-arm-11.2-2022.02-x86_64-arm-none-eabi/bin/../lib/gcc/arm-none-eabi/11.2.1/../../../../arm-none-eabi/lib/thumb/v7-m/nofp/libc_nano.a(lib_a-mprec.o)
                0x000000000800be40                __multiply
 .text.__pow5mult
                0x000000000800bf90       0xb4 /media/son/Data/Embedded_Systems/Document/Tool/Arm_GNU_Toolchain/gcc-arm-11.2-2022.02-x86_64-arm-none-eabi/bin/../lib/gcc/arm-none-eabi/11.2.1/../../../../arm-none-eabi/lib/thumb/v7-m/nofp/libc_nano.a(lib_a-mprec.o)
                0x000000000800bf90                __pow5mult
 .text.__lshift
                0x000000000800c044       0xd8 /media/son/Data/Embedded_Systems/Document/Tool/Arm_GNU_Toolchain/gcc-arm-11.2-2022.02-x86_64-arm-none-eabi/bin/../lib/gcc/arm-none-eabi/11.2.1/../../../../arm-none-eabi/lib/thumb/v7-m/nofp/libc_nano.a(lib_a-mprec.o)
                0x000000000800c044                __lshift
 .text.__mcmp   0x000000000800c11c       0x36 /media/son/Data/Embedded_Systems/Document/Tool/Arm_GNU_Toolchain/gcc-arm-11.2-2022.02-x86_64-arm-none-eabi/bin/../lib/gcc/arm-none-eabi/11.2.1/../../../../arm-none-eabi/lib/thumb/v7-m/nofp/libc_nano.a(lib_a-mprec.o)
                0x000000000800c11c                __mcmp
 *fill*         0x000000000800c152        0x2 
 .text.__mdiff  0x000000000800c154      0x118 /media/son/Data/Embedded_Systems/Document/Tool/Arm_GNU_Toolchain/gcc-arm-11.2-2022.02-x86_64-arm-none-eabi/bin/../lib/gcc/arm-none-eabi/11.2.1/../../../../arm-none-eabi/lib/thumb/v7-m/nofp/libc_nano.a(lib_a-mprec.o)
                0x000000000800c154                __mdiff
 .text.__d2b    0x000000000800c26c       0xac /media/son/Data/Embedded_Systems/Document/Tool/Arm_GNU_Toolchain/gcc-arm-11.2-2022.02-x86_64-arm-none-eabi/bin/../lib/gcc/arm-none-eabi/11.2.1/../../../../arm-none-eabi/lib/thumb/v7-m/nofp/libc_nano.a(lib_a-mprec.o)
                0x000000000800c26c                __d2b
 .text._calloc_r
                0x000000000800c318       0x28 /media/son/Data/Embedded_Systems/Document/Tool/Arm_GNU_Toolchain/gcc-arm-11.2-2022.02-x86_64-arm-none-eabi/bin/../lib/gcc/arm-none-eabi/11.2.1/../../../../arm-none-eabi/lib/thumb/v7-m/nofp/libc_nano.a(lib_a-nano-callocr.o)
                0x000000000800c318                _calloc_r
 .text._free_r  0x000000000800c340       0x90 /media/son/Data/Embedded_Systems/Document/Tool/Arm_GNU_Toolchain/gcc-arm-11.2-2022.02-x86_64-arm-none-eabi/bin/../lib/gcc/arm-none-eabi/11.2.1/../../../../arm-none-eabi/lib/thumb/v7-m/nofp/libc_nano.a(lib_a-nano-freer.o)
                0x000000000800c340                _free_r
 .text.sbrk_aligned
                0x000000000800c3d0       0x40 /media/son/Data/Embedded_Systems/Document/Tool/Arm_GNU_Toolchain/gcc-arm-11.2-2022.02-x86_64-arm-none-eabi/bin/../lib/gcc/arm-none-eabi/11.2.1/../../../../arm-none-eabi/lib/thumb/v7-m/nofp/libc_nano.a(lib_a-nano-mallocr.o)
 .text._malloc_r
                0x000000000800c410       0xe8 /media/son/Data/Embedded_Systems/Document/Tool/Arm_GNU_Toolchain/gcc-arm-11.2-2022.02-x86_64-arm-none-eabi/bin/../lib/gcc/arm-none-eabi/11.2.1/../../../../arm-none-eabi/lib/thumb/v7-m/nofp/libc_nano.a(lib_a-nano-mallocr.o)
                0x000000000800c410                _malloc_r
 .text.__ssputs_r
                0x000000000800c4f8       0xb4 /media/son/Data/Embedded_Systems/Document/Tool/Arm_GNU_Toolchain/gcc-arm-11.2-2022.02-x86_64-arm-none-eabi/bin/../lib/gcc/arm-none-eabi/11.2.1/../../../../arm-none-eabi/lib/thumb/v7-m/nofp/libc_nano.a(lib_a-nano-svfprintf.o)
                0x000000000800c4f8                __ssputs_r
 .text._svfprintf_r
                0x000000000800c5ac      0x1fc /media/son/Data/Embedded_Systems/Document/Tool/Arm_GNU_Toolchain/gcc-arm-11.2-2022.02-x86_64-arm-none-eabi/bin/../lib/gcc/arm-none-eabi/11.2.1/../../../../arm-none-eabi/lib/thumb/v7-m/nofp/libc_nano.a(lib_a-nano-svfprintf.o)
                0x000000000800c5ac                _svfprintf_r
                0x000000000800c5ac                _svfiprintf_r
 .text._sbrk_r  0x000000000800c7a8       0x20 /media/son/Data/Embedded_Systems/Document/Tool/Arm_GNU_Toolchain/gcc-arm-11.2-2022.02-x86_64-arm-none-eabi/bin/../lib/gcc/arm-none-eabi/11.2.1/../../../../arm-none-eabi/lib/thumb/v7-m/nofp/libc_nano.a(lib_a-sbrkr.o)
                0x000000000800c7a8                _sbrk_r
 .text.__ascii_wctomb
                0x000000000800c7c8       0x1a /media/son/Data/Embedded_Systems/Document/Tool/Arm_GNU_Toolchain/gcc-arm-11.2-2022.02-x86_64-arm-none-eabi/bin/../lib/gcc/arm-none-eabi/11.2.1/../../../../arm-none-eabi/lib/thumb/v7-m/nofp/libc_nano.a(lib_a-wctomb_r.o)
                0x000000000800c7c8                __ascii_wctomb
 *fill*         0x000000000800c7e2        0x2 
 .text.__assert_func
                0x000000000800c7e4       0x3c /media/son/Data/Embedded_Systems/Document/Tool/Arm_GNU_Toolchain/gcc-arm-11.2-2022.02-x86_64-arm-none-eabi/bin/../lib/gcc/arm-none-eabi/11.2.1/../../../../arm-none-eabi/lib/thumb/v7-m/nofp/libc_nano.a(lib_a-assert.o)
                0x000000000800c7e4                __assert_func
 .text.fprintf  0x000000000800c820       0x24 /media/son/Data/Embedded_Systems/Document/Tool/Arm_GNU_Toolchain/gcc-arm-11.2-2022.02-x86_64-arm-none-eabi/bin/../lib/gcc/arm-none-eabi/11.2.1/../../../../arm-none-eabi/lib/thumb/v7-m/nofp/libc_nano.a(lib_a-fprintf.o)
                0x000000000800c820                fprintf
                0x000000000800c820                fiprintf
 .text.memmove  0x000000000800c844       0x34 /media/son/Data/Embedded_Systems/Document/Tool/Arm_GNU_Toolchain/gcc-arm-11.2-2022.02-x86_64-arm-none-eabi/bin/../lib/gcc/arm-none-eabi/11.2.1/../../../../arm-none-eabi/lib/thumb/v7-m/nofp/libc_nano.a(lib_a-memmove.o)
                0x000000000800c844                memmove
 .text.__malloc_lock
                0x000000000800c878        0x2 /media/son/Data/Embedded_Systems/Document/Tool/Arm_GNU_Toolchain/gcc-arm-11.2-2022.02-x86_64-arm-none-eabi/bin/../lib/gcc/arm-none-eabi/11.2.1/../../../../arm-none-eabi/lib/thumb/v7-m/nofp/libc_nano.a(lib_a-mlock.o)
                0x000000000800c878                __malloc_lock
 .text.__malloc_unlock
                0x000000000800c87a        0x2 /media/son/Data/Embedded_Systems/Document/Tool/Arm_GNU_Toolchain/gcc-arm-11.2-2022.02-x86_64-arm-none-eabi/bin/../lib/gcc/arm-none-eabi/11.2.1/../../../../arm-none-eabi/lib/thumb/v7-m/nofp/libc_nano.a(lib_a-mlock.o)
                0x000000000800c87a                __malloc_unlock
 .text._realloc_r
                0x000000000800c87c       0x5e /media/son/Data/Embedded_Systems/Document/Tool/Arm_GNU_Toolchain/gcc-arm-11.2-2022.02-x86_64-arm-none-eabi/bin/../lib/gcc/arm-none-eabi/11.2.1/../../../../arm-none-eabi/lib/thumb/v7-m/nofp/libc_nano.a(lib_a-nano-reallocr.o)
                0x000000000800c87c                _realloc_r
 .text.__sfputc_r
                0x000000000800c8da       0x2a /media/son/Data/Embedded_Systems/Document/Tool/Arm_GNU_Toolchain/gcc-arm-11.2-2022.02-x86_64-arm-none-eabi/bin/../lib/gcc/arm-none-eabi/11.2.1/../../../../arm-none-eabi/lib/thumb/v7-m/nofp/libc_nano.a(lib_a-nano-vfprintf.o)
 .text.__sfputs_r
                0x000000000800c904       0x24 /media/son/Data/Embedded_Systems/Document/Tool/Arm_GNU_Toolchain/gcc-arm-11.2-2022.02-x86_64-arm-none-eabi/bin/../lib/gcc/arm-none-eabi/11.2.1/../../../../arm-none-eabi/lib/thumb/v7-m/nofp/libc_nano.a(lib_a-nano-vfprintf.o)
                0x000000000800c904                __sfputs_r
 .text._vfprintf_r
                0x000000000800c928      0x224 /media/son/Data/Embedded_Systems/Document/Tool/Arm_GNU_Toolchain/gcc-arm-11.2-2022.02-x86_64-arm-none-eabi/bin/../lib/gcc/arm-none-eabi/11.2.1/../../../../arm-none-eabi/lib/thumb/v7-m/nofp/libc_nano.a(lib_a-nano-vfprintf.o)
                0x000000000800c928                _vfiprintf_r
                0x000000000800c928                _vfprintf_r
 .text.__swbuf_r
                0x000000000800cb4c       0xa4 /media/son/Data/Embedded_Systems/Document/Tool/Arm_GNU_Toolchain/gcc-arm-11.2-2022.02-x86_64-arm-none-eabi/bin/../lib/gcc/arm-none-eabi/11.2.1/../../../../arm-none-eabi/lib/thumb/v7-m/nofp/libc_nano.a(lib_a-wbuf.o)
                0x000000000800cb4c                __swbuf_r
 .text.__swsetup_r
                0x000000000800cbf0       0xdc /media/son/Data/Embedded_Systems/Document/Tool/Arm_GNU_Toolchain/gcc-arm-11.2-2022.02-x86_64-arm-none-eabi/bin/../lib/gcc/arm-none-eabi/11.2.1/../../../../arm-none-eabi/lib/thumb/v7-m/nofp/libc_nano.a(lib_a-wsetup.o)
                0x000000000800cbf0                __swsetup_r
 .text.abort    0x000000000800cccc        0xe /media/son/Data/Embedded_Systems/Document/Tool/Arm_GNU_Toolchain/gcc-arm-11.2-2022.02-x86_64-arm-none-eabi/bin/../lib/gcc/arm-none-eabi/11.2.1/../../../../arm-none-eabi/lib/thumb/v7-m/nofp/libc_nano.a(lib_a-abort.o)
                0x000000000800cccc                abort
 *fill*         0x000000000800ccda        0x2 
 .text.__sflush_r
                0x000000000800ccdc      0x104 /media/son/Data/Embedded_Systems/Document/Tool/Arm_GNU_Toolchain/gcc-arm-11.2-2022.02-x86_64-arm-none-eabi/bin/../lib/gcc/arm-none-eabi/11.2.1/../../../../arm-none-eabi/lib/thumb/v7-m/nofp/libc_nano.a(lib_a-fflush.o)
                0x000000000800ccdc                __sflush_r
 .text._fflush_r
                0x000000000800cde0       0x54 /media/son/Data/Embedded_Systems/Document/Tool/Arm_GNU_Toolchain/gcc-arm-11.2-2022.02-x86_64-arm-none-eabi/bin/../lib/gcc/arm-none-eabi/11.2.1/../../../../arm-none-eabi/lib/thumb/v7-m/nofp/libc_nano.a(lib_a-fflush.o)
                0x000000000800cde0                _fflush_r
 .text.std      0x000000000800ce34       0x48 /media/son/Data/Embedded_Systems/Document/Tool/Arm_GNU_Toolchain/gcc-arm-11.2-2022.02-x86_64-arm-none-eabi/bin/../lib/gcc/arm-none-eabi/11.2.1/../../../../arm-none-eabi/lib/thumb/v7-m/nofp/libc_nano.a(lib_a-findfp.o)
 .text._cleanup_r
                0x000000000800ce7c        0xc /media/son/Data/Embedded_Systems/Document/Tool/Arm_GNU_Toolchain/gcc-arm-11.2-2022.02-x86_64-arm-none-eabi/bin/../lib/gcc/arm-none-eabi/11.2.1/../../../../arm-none-eabi/lib/thumb/v7-m/nofp/libc_nano.a(lib_a-findfp.o)
                0x000000000800ce7c                _cleanup_r
 .text.__sfmoreglue
                0x000000000800ce88       0x2c /media/son/Data/Embedded_Systems/Document/Tool/Arm_GNU_Toolchain/gcc-arm-11.2-2022.02-x86_64-arm-none-eabi/bin/../lib/gcc/arm-none-eabi/11.2.1/../../../../arm-none-eabi/lib/thumb/v7-m/nofp/libc_nano.a(lib_a-findfp.o)
                0x000000000800ce88                __sfmoreglue
 .text.__sinit  0x000000000800ceb4       0x60 /media/son/Data/Embedded_Systems/Document/Tool/Arm_GNU_Toolchain/gcc-arm-11.2-2022.02-x86_64-arm-none-eabi/bin/../lib/gcc/arm-none-eabi/11.2.1/../../../../arm-none-eabi/lib/thumb/v7-m/nofp/libc_nano.a(lib_a-findfp.o)
                0x000000000800ceb4                __sinit
 .text.__sfp    0x000000000800cf14       0x78 /media/son/Data/Embedded_Systems/Document/Tool/Arm_GNU_Toolchain/gcc-arm-11.2-2022.02-x86_64-arm-none-eabi/bin/../lib/gcc/arm-none-eabi/11.2.1/../../../../arm-none-eabi/lib/thumb/v7-m/nofp/libc_nano.a(lib_a-findfp.o)
                0x000000000800cf14                __sfp
 .text._fwalk_reent
                0x000000000800cf8c       0x3e /media/son/Data/Embedded_Systems/Document/Tool/Arm_GNU_Toolchain/gcc-arm-11.2-2022.02-x86_64-arm-none-eabi/bin/../lib/gcc/arm-none-eabi/11.2.1/../../../../arm-none-eabi/lib/thumb/v7-m/nofp/libc_nano.a(lib_a-fwalk.o)
                0x000000000800cf8c                _fwalk_reent
 .text.__swhatbuf_r
                0x000000000800cfca       0x4a /media/son/Data/Embedded_Systems/Document/Tool/Arm_GNU_Toolchain/gcc-arm-11.2-2022.02-x86_64-arm-none-eabi/bin/../lib/gcc/arm-none-eabi/11.2.1/../../../../arm-none-eabi/lib/thumb/v7-m/nofp/libc_nano.a(lib_a-makebuf.o)
                0x000000000800cfca                __swhatbuf_r
 .text.__smakebuf_r
                0x000000000800d014       0x80 /media/son/Data/Embedded_Systems/Document/Tool/Arm_GNU_Toolchain/gcc-arm-11.2-2022.02-x86_64-arm-none-eabi/bin/../lib/gcc/arm-none-eabi/11.2.1/../../../../arm-none-eabi/lib/thumb/v7-m/nofp/libc_nano.a(lib_a-makebuf.o)
                0x000000000800d014                __smakebuf_r
 .text._malloc_usable_size_r
                0x000000000800d094       0x10 /media/son/Data/Embedded_Systems/Document/Tool/Arm_GNU_Toolchain/gcc-arm-11.2-2022.02-x86_64-arm-none-eabi/bin/../lib/gcc/arm-none-eabi/11.2.1/../../../../arm-none-eabi/lib/thumb/v7-m/nofp/libc_nano.a(lib_a-nano-msizer.o)
                0x000000000800d094                _malloc_usable_size_r
 .text._raise_r
                0x000000000800d0a4       0x50 /media/son/Data/Embedded_Systems/Document/Tool/Arm_GNU_Toolchain/gcc-arm-11.2-2022.02-x86_64-arm-none-eabi/bin/../lib/gcc/arm-none-eabi/11.2.1/../../../../arm-none-eabi/lib/thumb/v7-m/nofp/libc_nano.a(lib_a-signal.o)
                0x000000000800d0a4                _raise_r
 .text.raise    0x000000000800d0f4       0x10 /media/son/Data/Embedded_Systems/Document/Tool/Arm_GNU_Toolchain/gcc-arm-11.2-2022.02-x86_64-arm-none-eabi/bin/../lib/gcc/arm-none-eabi/11.2.1/../../../../arm-none-eabi/lib/thumb/v7-m/nofp/libc_nano.a(lib_a-signal.o)
                0x000000000800d0f4                raise
 .text._kill_r  0x000000000800d104       0x24 /media/son/Data/Embedded_Systems/Document/Tool/Arm_GNU_Toolchain/gcc-arm-11.2-2022.02-x86_64-arm-none-eabi/bin/../lib/gcc/arm-none-eabi/11.2.1/../../../../arm-none-eabi/lib/thumb/v7-m/nofp/libc_nano.a(lib_a-signalr.o)
                0x000000000800d104                _kill_r
 .text._getpid_r
                0x000000000800d128        0x4 /media/son/Data/Embedded_Systems/Document/Tool/Arm_GNU_Toolchain/gcc-arm-11.2-2022.02-x86_64-arm-none-eabi/bin/../lib/gcc/arm-none-eabi/11.2.1/../../../../arm-none-eabi/lib/thumb/v7-m/nofp/libc_nano.a(lib_a-signalr.o)
                0x000000000800d128                _getpid_r
 .text.__sread  0x000000000800d12c       0x22 /media/son/Data/Embedded_Systems/Document/Tool/Arm_GNU_Toolchain/gcc-arm-11.2-2022.02-x86_64-arm-none-eabi/bin/../lib/gcc/arm-none-eabi/11.2.1/../../../../arm-none-eabi/lib/thumb/v7-m/nofp/libc_nano.a(lib_a-stdio.o)
                0x000000000800d12c                __sread
 .text.__swrite
                0x000000000800d14e       0x38 /media/son/Data/Embedded_Systems/Document/Tool/Arm_GNU_Toolchain/gcc-arm-11.2-2022.02-x86_64-arm-none-eabi/bin/../lib/gcc/arm-none-eabi/11.2.1/../../../../arm-none-eabi/lib/thumb/v7-m/nofp/libc_nano.a(lib_a-stdio.o)
                0x000000000800d14e                __swrite
 .text.__sseek  0x000000000800d186       0x24 /media/son/Data/Embedded_Systems/Document/Tool/Arm_GNU_Toolchain/gcc-arm-11.2-2022.02-x86_64-arm-none-eabi/bin/../lib/gcc/arm-none-eabi/11.2.1/../../../../arm-none-eabi/lib/thumb/v7-m/nofp/libc_nano.a(lib_a-stdio.o)
                0x000000000800d186                __sseek
 .text.__sclose
                0x000000000800d1aa        0x8 /media/son/Data/Embedded_Systems/Document/Tool/Arm_GNU_Toolchain/gcc-arm-11.2-2022.02-x86_64-arm-none-eabi/bin/../lib/gcc/arm-none-eabi/11.2.1/../../../../arm-none-eabi/lib/thumb/v7-m/nofp/libc_nano.a(lib_a-stdio.o)
                0x000000000800d1aa                __sclose
 *fill*         0x000000000800d1b2        0x2 
 .text._write_r
                0x000000000800d1b4       0x24 /media/son/Data/Embedded_Systems/Document/Tool/Arm_GNU_Toolchain/gcc-arm-11.2-2022.02-x86_64-arm-none-eabi/bin/../lib/gcc/arm-none-eabi/11.2.1/../../../../arm-none-eabi/lib/thumb/v7-m/nofp/libc_nano.a(lib_a-writer.o)
                0x000000000800d1b4                _write_r
 .text._close_r
                0x000000000800d1d8       0x20 /media/son/Data/Embedded_Systems/Document/Tool/Arm_GNU_Toolchain/gcc-arm-11.2-2022.02-x86_64-arm-none-eabi/bin/../lib/gcc/arm-none-eabi/11.2.1/../../../../arm-none-eabi/lib/thumb/v7-m/nofp/libc_nano.a(lib_a-closer.o)
                0x000000000800d1d8                _close_r
 .text._fstat_r
                0x000000000800d1f8       0x24 /media/son/Data/Embedded_Systems/Document/Tool/Arm_GNU_Toolchain/gcc-arm-11.2-2022.02-x86_64-arm-none-eabi/bin/../lib/gcc/arm-none-eabi/11.2.1/../../../../arm-none-eabi/lib/thumb/v7-m/nofp/libc_nano.a(lib_a-fstatr.o)
                0x000000000800d1f8                _fstat_r
 .text._isatty_r
                0x000000000800d21c       0x20 /media/son/Data/Embedded_Systems/Document/Tool/Arm_GNU_Toolchain/gcc-arm-11.2-2022.02-x86_64-arm-none-eabi/bin/../lib/gcc/arm-none-eabi/11.2.1/../../../../arm-none-eabi/lib/thumb/v7-m/nofp/libc_nano.a(lib_a-isattyr.o)
                0x000000000800d21c                _isatty_r
 .text._lseek_r
                0x000000000800d23c       0x24 /media/son/Data/Embedded_Systems/Document/Tool/Arm_GNU_Toolchain/gcc-arm-11.2-2022.02-x86_64-arm-none-eabi/bin/../lib/gcc/arm-none-eabi/11.2.1/../../../../arm-none-eabi/lib/thumb/v7-m/nofp/libc_nano.a(lib_a-lseekr.o)
                0x000000000800d23c                _lseek_r
 .text._read_r  0x000000000800d260       0x24 /media/son/Data/Embedded_Systems/Document/Tool/Arm_GNU_Toolchain/gcc-arm-11.2-2022.02-x86_64-arm-none-eabi/bin/../lib/gcc/arm-none-eabi/11.2.1/../../../../arm-none-eabi/lib/thumb/v7-m/nofp/libc_nano.a(lib_a-readr.o)
                0x000000000800d260                _read_r
 .text._close   0x000000000800d284       0x10 /media/son/Data/Embedded_Systems/Document/Tool/Arm_GNU_Toolchain/gcc-arm-11.2-2022.02-x86_64-arm-none-eabi/bin/../lib/gcc/arm-none-eabi/11.2.1/../../../../arm-none-eabi/lib/thumb/v7-m/nofp/libnosys.a(close.o)
                0x000000000800d284                _close
 .text._fstat   0x000000000800d294       0x10 /media/son/Data/Embedded_Systems/Document/Tool/Arm_GNU_Toolchain/gcc-arm-11.2-2022.02-x86_64-arm-none-eabi/bin/../lib/gcc/arm-none-eabi/11.2.1/../../../../arm-none-eabi/lib/thumb/v7-m/nofp/libnosys.a(fstat.o)
                0x000000000800d294                _fstat
 .text._getpid  0x000000000800d2a4       0x10 /media/son/Data/Embedded_Systems/Document/Tool/Arm_GNU_Toolchain/gcc-arm-11.2-2022.02-x86_64-arm-none-eabi/bin/../lib/gcc/arm-none-eabi/11.2.1/../../../../arm-none-eabi/lib/thumb/v7-m/nofp/libnosys.a(getpid.o)
                0x000000000800d2a4                _getpid
 .text._isatty  0x000000000800d2b4       0x10 /media/son/Data/Embedded_Systems/Document/Tool/Arm_GNU_Toolchain/gcc-arm-11.2-2022.02-x86_64-arm-none-eabi/bin/../lib/gcc/arm-none-eabi/11.2.1/../../../../arm-none-eabi/lib/thumb/v7-m/nofp/libnosys.a(isatty.o)
                0x000000000800d2b4                _isatty
 .text._kill    0x000000000800d2c4       0x10 /media/son/Data/Embedded_Systems/Document/Tool/Arm_GNU_Toolchain/gcc-arm-11.2-2022.02-x86_64-arm-none-eabi/bin/../lib/gcc/arm-none-eabi/11.2.1/../../../../arm-none-eabi/lib/thumb/v7-m/nofp/libnosys.a(kill.o)
                0x000000000800d2c4                _kill
 .text._lseek   0x000000000800d2d4       0x10 /media/son/Data/Embedded_Systems/Document/Tool/Arm_GNU_Toolchain/gcc-arm-11.2-2022.02-x86_64-arm-none-eabi/bin/../lib/gcc/arm-none-eabi/11.2.1/../../../../arm-none-eabi/lib/thumb/v7-m/nofp/libnosys.a(lseek.o)
                0x000000000800d2d4                _lseek
 .text._read    0x000000000800d2e4       0x10 /media/son/Data/Embedded_Systems/Document/Tool/Arm_GNU_Toolchain/gcc-arm-11.2-2022.02-x86_64-arm-none-eabi/bin/../lib/gcc/arm-none-eabi/11.2.1/../../../../arm-none-eabi/lib/thumb/v7-m/nofp/libnosys.a(read.o)
                0x000000000800d2e4                _read
 .text._sbrk    0x000000000800d2f4       0x1c /media/son/Data/Embedded_Systems/Document/Tool/Arm_GNU_Toolchain/gcc-arm-11.2-2022.02-x86_64-arm-none-eabi/bin/../lib/gcc/arm-none-eabi/11.2.1/../../../../arm-none-eabi/lib/thumb/v7-m/nofp/libnosys.a(sbrk.o)
                0x000000000800d2f4                _sbrk
 .text._write   0x000000000800d310       0x10 /media/son/Data/Embedded_Systems/Document/Tool/Arm_GNU_Toolchain/gcc-arm-11.2-2022.02-x86_64-arm-none-eabi/bin/../lib/gcc/arm-none-eabi/11.2.1/../../../../arm-none-eabi/lib/thumb/v7-m/nofp/libnosys.a(write.o)
                0x000000000800d310                _write
 .text._exit    0x000000000800d320        0x4 /media/son/Data/Embedded_Systems/Document/Tool/Arm_GNU_Toolchain/gcc-arm-11.2-2022.02-x86_64-arm-none-eabi/bin/../lib/gcc/arm-none-eabi/11.2.1/../../../../arm-none-eabi/lib/thumb/v7-m/nofp/libnosys.a(_exit.o)
                0x000000000800d320                _exit
 .text.__udivmoddi4
                0x000000000800d324      0x2cc /media/son/Data/Embedded_Systems/Document/Tool/Arm_GNU_Toolchain/gcc-arm-11.2-2022.02-x86_64-arm-none-eabi/bin/../lib/gcc/arm-none-eabi/11.2.1/thumb/v7-m/nofp/libgcc.a(_udivmoddi4.o)
                0x000000000800d324                __udivmoddi4
 *(.glue_7)
 .glue_7        0x000000000800d5f0        0x0 linker stubs
 *(.glue_7t)
 .glue_7t       0x000000000800d5f0        0x0 linker stubs
 *(.eh_frame)
 .eh_frame      0x000000000800d5f0        0x0 /media/son/Data/Embedded_Systems/Document/Tool/Arm_GNU_Toolchain/gcc-arm-11.2-2022.02-x86_64-arm-none-eabi/bin/../lib/gcc/arm-none-eabi/11.2.1/thumb/v7-m/nofp/crtbegin.o
 *(.init)
 .init          0x000000000800d5f0        0x4 /media/son/Data/Embedded_Systems/Document/Tool/Arm_GNU_Toolchain/gcc-arm-11.2-2022.02-x86_64-arm-none-eabi/bin/../lib/gcc/arm-none-eabi/11.2.1/thumb/v7-m/nofp/crti.o
                0x000000000800d5f0                _init
 .init          0x000000000800d5f4        0x8 /media/son/Data/Embedded_Systems/Document/Tool/Arm_GNU_Toolchain/gcc-arm-11.2-2022.02-x86_64-arm-none-eabi/bin/../lib/gcc/arm-none-eabi/11.2.1/thumb/v7-m/nofp/crtn.o
 *(.fini)
 .fini          0x000000000800d5fc        0x4 /media/son/Data/Embedded_Systems/Document/Tool/Arm_GNU_Toolchain/gcc-arm-11.2-2022.02-x86_64-arm-none-eabi/bin/../lib/gcc/arm-none-eabi/11.2.1/thumb/v7-m/nofp/crti.o
                0x000000000800d5fc                _fini
 .fini          0x000000000800d600        0x8 /media/son/Data/Embedded_Systems/Document/Tool/Arm_GNU_Toolchain/gcc-arm-11.2-2022.02-x86_64-arm-none-eabi/bin/../lib/gcc/arm-none-eabi/11.2.1/thumb/v7-m/nofp/crtn.o
                0x000000000800d608                . = ALIGN (0x4)
                0x000000000800d608                _etext = .

.vfp11_veneer   0x000000000800d608        0x0
 .vfp11_veneer  0x000000000800d608        0x0 linker stubs

.v4_bx          0x000000000800d608        0x0
 .v4_bx         0x000000000800d608        0x0 linker stubs

.iplt           0x000000000800d608        0x0
 .iplt          0x000000000800d608        0x0 /media/son/Data/Embedded_Systems/Document/Tool/Arm_GNU_Toolchain/gcc-arm-11.2-2022.02-x86_64-arm-none-eabi/bin/../lib/gcc/arm-none-eabi/11.2.1/thumb/v7-m/nofp/crtbegin.o

.rodata         0x000000000800d608      0x67c
                0x000000000800d608                . = ALIGN (0x4)
 *(.rodata)
 *(.rodata*)
 .rodata.Lora_Uart_Master_Send_Data_To_Salve.str1.4
                0x000000000800d608       0x1f build/Transmit_Data_Lora.o
 *fill*         0x000000000800d627        0x1 
 .rodata.Display_Setup_Parameter_Pm2_5.str1.4
                0x000000000800d628       0x1c build/Display_LCD_Parameter.o
                                         0x20 (size before relaxing)
 .rodata.Display_Setup_Parameter_Sum_pm.str1.4
                0x000000000800d644        0xe build/Display_LCD_Parameter.o
 *fill*         0x000000000800d652        0x2 
 .rodata.Display_Setup_Parameter_Co2.str1.4
                0x000000000800d654        0xa build/Display_LCD_Parameter.o
 *fill*         0x000000000800d65e        0x2 
 .rodata.Display_Setup_Parameter_So2.str1.4
                0x000000000800d660        0xa build/Display_LCD_Parameter.o
 *fill*         0x000000000800d66a        0x2 
 .rodata.Display_Setup_Parameter_Humidity.str1.4
                0x000000000800d66c        0xb build/Display_LCD_Parameter.o
 *fill*         0x000000000800d677        0x1 
 .rodata.Display_Setup_Parameter_Temperature.str1.4
                0x000000000800d678       0x15 build/Display_LCD_Parameter.o
 *fill*         0x000000000800d68d        0x3 
 .rodata.Display_Done.str1.4
                0x000000000800d690        0x9 build/Display_LCD_Parameter.o
                                         0x11 (size before relaxing)
 *fill*         0x000000000800d699        0x3 
 .rodata.Display_Monitor.str1.4
                0x000000000800d69c        0x8 build/Display_LCD_Parameter.o
 .rodata.Setup_Parameter_Sum_Pm_Sensor.str1.4
                0x000000000800d6a4        0xe build/Setup_Calibration_Sensor.o
 *fill*         0x000000000800d6b2        0x2 
 .rodata.Setup_Parameter_Co2_Sensor.str1.4
                0x000000000800d6b4        0xb build/Setup_Calibration_Sensor.o
 *fill*         0x000000000800d6bf        0x1 
 .rodata.Setup_Parameter_So2_Sensor.str1.4
                0x000000000800d6c0        0xb build/Setup_Calibration_Sensor.o
 *fill*         0x000000000800d6cb        0x1 
 .rodata.Setup_Parameter_Temperature_Sensor.str1.4
                0x000000000800d6cc       0x12 build/Setup_Calibration_Sensor.o
 *fill*         0x000000000800d6de        0x2 
 .rodata.Setup_Parameter_Humidity_Sensor.str1.4
                0x000000000800d6e0       0x10 build/Setup_Calibration_Sensor.o
 .rodata.Output_Value_Sum_Pm_Sensor.str1.4
                0x000000000800d6f0        0xf build/Setup_Calibration_Sensor.o
 *fill*         0x000000000800d6ff        0x1 
 .rodata.Output_Value_Co2_Sensor.str1.4
                0x000000000800d700        0xc build/Setup_Calibration_Sensor.o
 .rodata.Output_Value_So2_Sensor.str1.4
                0x000000000800d70c        0xc build/Setup_Calibration_Sensor.o
 .rodata.Output_Value_Humidity_Sensor.str1.4
                0x000000000800d718       0x11 build/Setup_Calibration_Sensor.o
 *fill*         0x000000000800d729        0x3 
 .rodata.Output_Value_Temperature_Sensor.str1.4
                0x000000000800d72c        0xd build/Setup_Calibration_Sensor.o
 *fill*         0x000000000800d739        0x3 
 .rodata.Monitor_Group_Sensor.str1.4
                0x000000000800d73c        0xf build/Setup_Calibration_Sensor.o
 *fill*         0x000000000800d74b        0x1 
 .rodata.Save_Parameter_Sensor.str1.4
                0x000000000800d74c       0x15 build/Setup_Calibration_Sensor.o
 *fill*         0x000000000800d761        0x3 
 .rodata.Run_Normal.str1.4
                0x000000000800d764       0x12 build/Setup_Calibration_Sensor.o
 *fill*         0x000000000800d776        0x2 
 .rodata.Selec_Option_Sensor_Name.str1.4
                0x000000000800d778       0x2e build/Setup_Calibration_Sensor.o
 *fill*         0x000000000800d7a6        0x2 
 .rodata.Init_LCD_Display.str1.4
                0x000000000800d7a8       0x24 build/Machine_Routine.o
 .rodata.vApplicationStackOverflowHook.str1.4
                0x000000000800d7cc       0x1f build/Machine_Routine.o
 *fill*         0x000000000800d7eb        0x1 
 .rodata.vApplicationMallocFailedHook.str1.4
                0x000000000800d7ec       0x2d build/Machine_Routine.o
 *fill*         0x000000000800d819        0x3 
 .rodata.Init_Cmd_Transmit_Lora.str1.4
                0x000000000800d81c        0x6 build/Machine_Routine.o
 *fill*         0x000000000800d822        0x2 
 .rodata.Task01_Routine_System.str1.4
                0x000000000800d824        0xe build/Machine_Routine.o
 *fill*         0x000000000800d832        0x2 
 .rodata.Init_RTOS_System_Project.str1.4
                0x000000000800d834       0x2e build/Machine_Routine.o
 *fill*         0x000000000800d862        0x2 
 .rodata.Routine_Machine_NotUseRTOS.str1.4
                0x000000000800d864        0xf build/Machine_Routine.o
 *fill*         0x000000000800d873        0x1 
 .rodata.HAL_RCC_GetSysClockFreq.str1.4
                0x000000000800d874       0x11 build/stm32f1xx_hal_rcc.o
 .rodata.HAL_RCCEx_GetPeriphCLKFreq.str1.4
                0x000000000800d885       0x11 build/stm32f1xx_hal_rcc_ex.o
 *fill*         0x000000000800d885        0x3 
 .rodata.AHBPrescTable
                0x000000000800d888       0x10 build/system_stm32f1xx.o
                0x000000000800d888                AHBPrescTable
 .rodata.APBPrescTable
                0x000000000800d898        0x8 build/system_stm32f1xx.o
                0x000000000800d898                APBPrescTable
 .rodata.vTaskStartScheduler.str1.4
                0x000000000800d8a0        0x5 build/tasks.o
 *fill*         0x000000000800d8a5        0x3 
 .rodata._global_impure_ptr
                0x000000000800d8a8        0x4 /media/son/Data/Embedded_Systems/Document/Tool/Arm_GNU_Toolchain/gcc-arm-11.2-2022.02-x86_64-arm-none-eabi/bin/../lib/gcc/arm-none-eabi/11.2.1/../../../../arm-none-eabi/lib/thumb/v7-m/nofp/libc_nano.a(lib_a-impure.o)
                0x000000000800d8a8                _global_impure_ptr
 .rodata._printf_float.str1.1
                0x000000000800d8ac       0x12 /media/son/Data/Embedded_Systems/Document/Tool/Arm_GNU_Toolchain/gcc-arm-11.2-2022.02-x86_64-arm-none-eabi/bin/../lib/gcc/arm-none-eabi/11.2.1/../../../../arm-none-eabi/lib/thumb/v7-m/nofp/libc_nano.a(lib_a-nano-vfprintf_float.o)
 .rodata._printf_i.str1.1
                0x000000000800d8be       0x22 /media/son/Data/Embedded_Systems/Document/Tool/Arm_GNU_Toolchain/gcc-arm-11.2-2022.02-x86_64-arm-none-eabi/bin/../lib/gcc/arm-none-eabi/11.2.1/../../../../arm-none-eabi/lib/thumb/v7-m/nofp/libc_nano.a(lib_a-nano-vfprintf_i.o)
 .rodata._dtoa_r.str1.1
                0x000000000800d8e0       0x8e /media/son/Data/Embedded_Systems/Document/Tool/Arm_GNU_Toolchain/gcc-arm-11.2-2022.02-x86_64-arm-none-eabi/bin/../lib/gcc/arm-none-eabi/11.2.1/../../../../arm-none-eabi/lib/thumb/v7-m/nofp/libc_nano.a(lib_a-dtoa.o)
                                         0x90 (size before relaxing)
 .rodata._setlocale_r.str1.1
                0x000000000800d96e        0x8 /media/son/Data/Embedded_Systems/Document/Tool/Arm_GNU_Toolchain/gcc-arm-11.2-2022.02-x86_64-arm-none-eabi/bin/../lib/gcc/arm-none-eabi/11.2.1/../../../../arm-none-eabi/lib/thumb/v7-m/nofp/libc_nano.a(lib_a-locale.o)
                                          0x9 (size before relaxing)
 .rodata.str1.1
                0x000000000800d976        0x2 /media/son/Data/Embedded_Systems/Document/Tool/Arm_GNU_Toolchain/gcc-arm-11.2-2022.02-x86_64-arm-none-eabi/bin/../lib/gcc/arm-none-eabi/11.2.1/../../../../arm-none-eabi/lib/thumb/v7-m/nofp/libc_nano.a(lib_a-locale.o)
 .rodata._Balloc.str1.1
                0x000000000800d978       0x5a /media/son/Data/Embedded_Systems/Document/Tool/Arm_GNU_Toolchain/gcc-arm-11.2-2022.02-x86_64-arm-none-eabi/bin/../lib/gcc/arm-none-eabi/11.2.1/../../../../arm-none-eabi/lib/thumb/v7-m/nofp/libc_nano.a(lib_a-mprec.o)
                                         0x71 (size before relaxing)
 .rodata.__multadd.str1.1
                0x000000000800d9d2       0x11 /media/son/Data/Embedded_Systems/Document/Tool/Arm_GNU_Toolchain/gcc-arm-11.2-2022.02-x86_64-arm-none-eabi/bin/../lib/gcc/arm-none-eabi/11.2.1/../../../../arm-none-eabi/lib/thumb/v7-m/nofp/libc_nano.a(lib_a-mprec.o)
 *fill*         0x000000000800d9d2        0x6 
 .rodata.__mprec_bigtens