../Setup_Calibration_Sensor/Setup_Calibration_Sensor.c:274:16:Save_Value_Float_Flash	32	static
../Setup_Calibration_Sensor/Setup_Calibration_Sensor.c:292:16:Read_Value_Float_Flash	40	static
../Setup_Calibration_Sensor/Setup_Calibration_Sensor.c:307:13:Init_Hpma115S0_Dust_Sensor	8	static
../Setup_Calibration_Sensor/Setup_Calibration_Sensor.c:318:13:Init_Mh_Z19B_Co2_Sensor	8	static
../Setup_Calibration_Sensor/Setup_Calibration_Sensor.c:329:13:Init_DHT22	8	static
../Setup_Calibration_Sensor/Setup_Calibration_Sensor.c:338:13:Init_So2_Sensor	16	static
../Setup_Calibration_Sensor/Setup_Calibration_Sensor.c:351:13:Init_BMP18_Air_Pressure	8	static
../Setup_Calibration_Sensor/Setup_Calibration_Sensor.c:361:13:Init_Sharp_G2y10_Sum_Dust_Sensor	16	static
../Setup_Calibration_Sensor/Setup_Calibration_Sensor.c:371:13:Init_Lm335A_Temperature_Sensor	8	static
../Setup_Calibration_Sensor/Setup_Calibration_Sensor.c:382:16:Selec_Option_Sensor_Name	8	static
../Setup_Calibration_Sensor/Setup_Calibration_Sensor.c:508:13:Save_Parameter_Sensor	8	static
../Setup_Calibration_Sensor/Setup_Calibration_Sensor.c:595:13:Monitor_Group_Sensor	8	static
../Setup_Calibration_Sensor/Setup_Calibration_Sensor.c:667:16:Setup_Parameter_Pm2_5_Sensor	16	static
../Setup_Calibration_Sensor/Setup_Calibration_Sensor.c:868:16:Setup_Parameter_Sum_Pm_Sensor	16	static
../Setup_Calibration_Sensor/Setup_Calibration_Sensor.c:1101:16:Setup_Parameter_Co2_Sensor	16	static
../Setup_Calibration_Sensor/Setup_Calibration_Sensor.c:1331:16:Setup_Parameter_So2_Sensor	16	static
../Setup_Calibration_Sensor/Setup_Calibration_Sensor.c:1557:16:Setup_Parameter_Humidity_Sensor	16	static
../Setup_Calibration_Sensor/Setup_Calibration_Sensor.c:1786:16:Setup_Parameter_Temperature_Sensor	16	static
../Setup_Calibration_Sensor/Setup_Calibration_Sensor.c:2017:16:Output_Value_Sum_Pm_Sensor	24	static
../Setup_Calibration_Sensor/Setup_Calibration_Sensor.c:2172:16:Output_Value_Co2_Sensor	24	static
../Setup_Calibration_Sensor/Setup_Calibration_Sensor.c:2322:16:Output_Value_So2_Sensor	24	static
../Setup_Calibration_Sensor/Setup_Calibration_Sensor.c:2471:16:Output_Value_Humidity_Sensor	24	static
../Setup_Calibration_Sensor/Setup_Calibration_Sensor.c:2626:16:Output_Value_Temperature_Sensor	24	static
../Setup_Calibration_Sensor/Setup_Calibration_Sensor.c:2792:7:Lagrange_Interpolation	40	static
../Setup_Calibration_Sensor/Setup_Calibration_Sensor.c:2816:6:Int_Read_Data_Parameter_Group_Sensor_To_Flash_MCU	8	static
../Setup_Calibration_Sensor/Setup_Calibration_Sensor.c:2848:6:Init_Sensor	16	static
../Setup_Calibration_Sensor/Setup_Calibration_Sensor.c:2870:6:Run_Normal	72	static
../Setup_Calibration_Sensor/Setup_Calibration_Sensor.c:2914:6:Funtion_Routine_Hightlevel	8	static
